Archive member included to satisfy reference by file (symbol)

/opt/arm-gnu-toolchain-14.2/bin/../lib/gcc/arm-none-eabi/14.2.1/../../../../arm-none-eabi/lib/thumb/v7e-m+fp/hard/libc_nano.a(libc_a-atof.o)
                              build/debug/Task_Vofa.o (atof)
/opt/arm-gnu-toolchain-14.2/bin/../lib/gcc/arm-none-eabi/14.2.1/../../../../arm-none-eabi/lib/thumb/v7e-m+fp/hard/libc_nano.a(libc_a-atoi.o)
                              build/debug/My_CLI.o (atoi)
/opt/arm-gnu-toolchain-14.2/bin/../lib/gcc/arm-none-eabi/14.2.1/../../../../arm-none-eabi/lib/thumb/v7e-m+fp/hard/libc_nano.a(libc_a-exit.o)
                              /opt/arm-gnu-toolchain-14.2/bin/../lib/gcc/arm-none-eabi/14.2.1/../../../../arm-none-eabi/lib/thumb/v7e-m+fp/hard/crt0.o (exit)
/opt/arm-gnu-toolchain-14.2/bin/../lib/gcc/arm-none-eabi/14.2.1/../../../../arm-none-eabi/lib/thumb/v7e-m+fp/hard/libc_nano.a(libc_a-strtod.o)
                              /opt/arm-gnu-toolchain-14.2/bin/../lib/gcc/arm-none-eabi/14.2.1/../../../../arm-none-eabi/lib/thumb/v7e-m+fp/hard/libc_nano.a(libc_a-atof.o) (strtod)
/opt/arm-gnu-toolchain-14.2/bin/../lib/gcc/arm-none-eabi/14.2.1/../../../../arm-none-eabi/lib/thumb/v7e-m+fp/hard/libc_nano.a(libc_a-strtol.o)
                              /opt/arm-gnu-toolchain-14.2/bin/../lib/gcc/arm-none-eabi/14.2.1/../../../../arm-none-eabi/lib/thumb/v7e-m+fp/hard/libc_nano.a(libc_a-atoi.o) (_strtol_r)
/opt/arm-gnu-toolchain-14.2/bin/../lib/gcc/arm-none-eabi/14.2.1/../../../../arm-none-eabi/lib/thumb/v7e-m+fp/hard/libc_nano.a(libc_a-ctype_.o)
                              /opt/arm-gnu-toolchain-14.2/bin/../lib/gcc/arm-none-eabi/14.2.1/../../../../arm-none-eabi/lib/thumb/v7e-m+fp/hard/libc_nano.a(libc_a-strtol.o) (_ctype_)
/opt/arm-gnu-toolchain-14.2/bin/../lib/gcc/arm-none-eabi/14.2.1/../../../../arm-none-eabi/lib/thumb/v7e-m+fp/hard/libc_nano.a(libc_a-findfp.o)
                              /opt/arm-gnu-toolchain-14.2/bin/../lib/gcc/arm-none-eabi/14.2.1/../../../../arm-none-eabi/lib/thumb/v7e-m+fp/hard/libc_nano.a(libc_a-exit.o) (__stdio_exit_handler)
/opt/arm-gnu-toolchain-14.2/bin/../lib/gcc/arm-none-eabi/14.2.1/../../../../arm-none-eabi/lib/thumb/v7e-m+fp/hard/libc_nano.a(libc_a-fwalk.o)
                              /opt/arm-gnu-toolchain-14.2/bin/../lib/gcc/arm-none-eabi/14.2.1/../../../../arm-none-eabi/lib/thumb/v7e-m+fp/hard/libc_nano.a(libc_a-findfp.o) (_fwalk_sglue)
/opt/arm-gnu-toolchain-14.2/bin/../lib/gcc/arm-none-eabi/14.2.1/../../../../arm-none-eabi/lib/thumb/v7e-m+fp/hard/libc_nano.a(libc_a-sprintf.o)
                              build/debug/embedded_cli.o (sprintf)
/opt/arm-gnu-toolchain-14.2/bin/../lib/gcc/arm-none-eabi/14.2.1/../../../../arm-none-eabi/lib/thumb/v7e-m+fp/hard/libc_nano.a(libc_a-stdio.o)
                              /opt/arm-gnu-toolchain-14.2/bin/../lib/gcc/arm-none-eabi/14.2.1/../../../../arm-none-eabi/lib/thumb/v7e-m+fp/hard/libc_nano.a(libc_a-findfp.o) (__sread)
/opt/arm-gnu-toolchain-14.2/bin/../lib/gcc/arm-none-eabi/14.2.1/../../../../arm-none-eabi/lib/thumb/v7e-m+fp/hard/libc_nano.a(libc_a-memmove.o)
                              build/debug/embedded_cli.o (memmove)
/opt/arm-gnu-toolchain-14.2/bin/../lib/gcc/arm-none-eabi/14.2.1/../../../../arm-none-eabi/lib/thumb/v7e-m+fp/hard/libc_nano.a(libc_a-memset.o)
                              /opt/arm-gnu-toolchain-14.2/bin/../lib/gcc/arm-none-eabi/14.2.1/../../../../arm-none-eabi/lib/thumb/v7e-m+fp/hard/crt0.o (memset)
/opt/arm-gnu-toolchain-14.2/bin/../lib/gcc/arm-none-eabi/14.2.1/../../../../arm-none-eabi/lib/thumb/v7e-m+fp/hard/libc_nano.a(libc_a-strchr.o)
                              build/debug/embedded_cli.o (strchr)
/opt/arm-gnu-toolchain-14.2/bin/../lib/gcc/arm-none-eabi/14.2.1/../../../../arm-none-eabi/lib/thumb/v7e-m+fp/hard/libc_nano.a(libc_a-strncmp.o)
                              build/debug/Task_Vofa.o (strncmp)
/opt/arm-gnu-toolchain-14.2/bin/../lib/gcc/arm-none-eabi/14.2.1/../../../../arm-none-eabi/lib/thumb/v7e-m+fp/hard/libc_nano.a(libc_a-strncpy.o)
                              build/debug/CLI_Module.o (strncpy)
/opt/arm-gnu-toolchain-14.2/bin/../lib/gcc/arm-none-eabi/14.2.1/../../../../arm-none-eabi/lib/thumb/v7e-m+fp/hard/libc_nano.a(libc_a-strnlen.o)
                              build/debug/CLI_Module.o (strnlen)
/opt/arm-gnu-toolchain-14.2/bin/../lib/gcc/arm-none-eabi/14.2.1/../../../../arm-none-eabi/lib/thumb/v7e-m+fp/hard/libc_nano.a(libc_a-locale.o)
                              /opt/arm-gnu-toolchain-14.2/bin/../lib/gcc/arm-none-eabi/14.2.1/../../../../arm-none-eabi/lib/thumb/v7e-m+fp/hard/libc_nano.a(libc_a-strtod.o) (__global_locale)
/opt/arm-gnu-toolchain-14.2/bin/../lib/gcc/arm-none-eabi/14.2.1/../../../../arm-none-eabi/lib/thumb/v7e-m+fp/hard/libc_nano.a(libc_a-closer.o)
                              /opt/arm-gnu-toolchain-14.2/bin/../lib/gcc/arm-none-eabi/14.2.1/../../../../arm-none-eabi/lib/thumb/v7e-m+fp/hard/libc_nano.a(libc_a-stdio.o) (_close_r)
[...]
Memory Configuration

Name             Origin             Length             Attributes
RAM              0x20000000         0x00020000         xrw
FLASH            0x08000000         0x00080000         xr
*default*        0x00000000         0xffffffff

Linker script and memory map

LOAD /opt/arm-gnu-toolchain-14.2/bin/../lib/gcc/arm-none-eabi/14.2.1/thumb/v7e-m+fp/hard/crti.o
LOAD /opt/arm-gnu-toolchain-14.2/bin/../lib/gcc/arm-none-eabi/14.2.1/thumb/v7e-m+fp/hard/crtbegin.o
LOAD /opt/arm-gnu-toolchain-14.2/bin/../lib/gcc/arm-none-eabi/14.2.1/../../../../arm-none-eabi/lib/thumb/v7e-m+fp/hard/crt0.o
LOAD build/debug/adc.o
LOAD build/debug/app_freertos.o
LOAD build/debug/canard.o
LOAD build/debug/cmsis_os2.o
LOAD build/debug/cordic.o
LOAD build/debug/croutine.o
LOAD build/debug/dma.o
LOAD build/debug/embedded_cli.o
LOAD build/debug/event_groups.o
LOAD build/debug/fdcan.o
LOAD build/debug/gpio.o
LOAD build/debug/heap_4.o
LOAD build/debug/i2c.o
LOAD build/debug/list.o
LOAD build/debug/main.o
LOAD build/debug/port.o
LOAD build/debug/printf.o
LOAD build/debug/queue.o
LOAD build/debug/spi.o
LOAD build/debug/stm32g4xx_hal.o
LOAD build/debug/stm32g4xx_hal_adc.o
LOAD build/debug/stm32g4xx_hal_adc_ex.o
LOAD build/debug/stm32g4xx_hal_cordic.o
LOAD build/debug/stm32g4xx_hal_cortex.o
LOAD build/debug/stm32g4xx_hal_dma.o
LOAD build/debug/stm32g4xx_hal_dma_ex.o
LOAD build/debug/stm32g4xx_hal_exti.o
LOAD build/debug/stm32g4xx_hal_fdcan.o
LOAD build/debug/stm32g4xx_hal_flash.o
LOAD build/debug/stm32g4xx_hal_flash_ex.o
LOAD build/debug/stm32g4xx_hal_flash_ramfunc.o
LOAD build/debug/stm32g4xx_hal_gpio.o
LOAD build/debug/stm32g4xx_hal_i2c.o
LOAD build/debug/stm32g4xx_hal_i2c_ex.o
LOAD build/debug/stm32g4xx_hal_msp.o
LOAD build/debug/stm32g4xx_hal_pcd.o
LOAD build/debug/stm32g4xx_hal_pcd_ex.o
LOAD build/debug/stm32g4xx_hal_pwr.o
LOAD build/debug/stm32g4xx_hal_pwr_ex.o
LOAD build/debug/stm32g4xx_hal_rcc.o
LOAD build/debug/stm32g4xx_hal_rcc_ex.o
LOAD build/debug/stm32g4xx_hal_spi.o
LOAD build/debug/stm32g4xx_hal_spi_ex.o
LOAD build/debug/stm32g4xx_hal_tim.o
LOAD build/debug/stm32g4xx_hal_tim_ex.o
LOAD build/debug/stm32g4xx_hal_timebase_tim.o
LOAD build/debug/stm32g4xx_hal_uart.o
LOAD build/debug/stm32g4xx_hal_uart_ex.o
LOAD build/debug/stm32g4xx_it.o
LOAD build/debug/stm32g4xx_ll_adc.o
LOAD build/debug/stm32g4xx_ll_usb.o
LOAD build/debug/stream_buffer.o
LOAD build/debug/syscalls.o
LOAD build/debug/sysmem.o
LOAD build/debug/system_stm32g4xx.o
LOAD build/debug/tasks.o
LOAD build/debug/tim.o
LOAD build/debug/timers.o
LOAD build/debug/uavcan.equipment.actuator.ArrayCommand.o
LOAD build/debug/uavcan.equipment.actuator.Command.o
LOAD build/debug/uavcan.equipment.actuator.Status.o
LOAD build/debug/uavcan.protocol.NodeStatus.o
LOAD build/debug/usart.o
LOAD build/debug/usb_device.o
LOAD build/debug/usbd_cdc.o
LOAD build/debug/usbd_cdc_if.o
LOAD build/debug/usbd_conf.o
LOAD build/debug/usbd_core.o
LOAD build/debug/usbd_ctlreq.o
LOAD build/debug/usbd_desc.o
LOAD build/debug/usbd_ioreq.o
LOAD build/debug/xlink_common.o
LOAD build/debug/CLI_Module.o
LOAD build/debug/DcMotor_ClosedLoop.o
LOAD build/debug/HAL_System.o
LOAD build/debug/LQR.o
LOAD build/debug/MC_Serial.o
LOAD build/debug/Motor_Storage.o
LOAD build/debug/My_CLI.o
LOAD build/debug/My_USB_CDC.o
LOAD build/debug/My_Vofa.o
LOAD build/debug/Task_CLI.o
LOAD build/debug/Task_DroneCAN.o
LOAD build/debug/Task_Launch.o
LOAD build/debug/Task_MotorPublish.o
LOAD build/debug/Task_SystemInit.o
LOAD build/debug/Task_Test.o
LOAD build/debug/Task_Vofa.o
LOAD build/debug/XBLW24C64.o
LOAD build/debug/avg_filter.o
LOAD build/debug/bsp.o
LOAD build/debug/dronecan_jiexi.o
LOAD build/debug/dynamic_pid.o
LOAD build/debug/ex_math.o
LOAD build/debug/kth_read.o
LOAD build/debug/lowpass_filter.o
LOAD build/debug/my_dronecan.o
LOAD build/debug/my_fdcan.o
LOAD build/debug/my_tim.o
LOAD build/debug/my_uav_can.o
LOAD build/debug/parameter.o
LOAD build/debug/pid.o
LOAD build/debug/pid_Increment.o
LOAD build/debug/pll.o
LOAD build/debug/serial.o
LOAD build/debug/uorb.o
LOAD build/debug/wave_generator.o
LOAD build/debug/win_filter.o
LOAD build/debug/startup_stm32g474xx.o
LOAD /opt/arm-gnu-toolchain-14.2/bin/../lib/gcc/arm-none-eabi/14.2.1/../../../../arm-none-eabi/lib/thumb/v7e-m+fp/hard/libc_nano.a
LOAD /opt/arm-gnu-toolchain-14.2/bin/../lib/gcc/arm-none-eabi/14.2.1/../../../../arm-none-eabi/lib/thumb/v7e-m+fp/hard/libm.a
LOAD /opt/arm-gnu-toolchain-14.2/bin/../lib/gcc/arm-none-eabi/14.2.1/../../../../arm-none-eabi/lib/thumb/v7e-m+fp/hard/libnosys.a
START GROUP
LOAD /opt/arm-gnu-toolchain-14.2/bin/../lib/gcc/arm-none-eabi/14.2.1/thumb/v7e-m+fp/hard/libgcc.a
LOAD /opt/arm-gnu-toolchain-14.2/bin/../lib/gcc/arm-none-eabi/14.2.1/../../../../arm-none-eabi/lib/thumb/v7e-m+fp/hard/libc_nano.a
END GROUP
START GROUP
LOAD /opt/arm-gnu-toolchain-14.2/bin/../lib/gcc/arm-none-eabi/14.2.1/thumb/v7e-m+fp/hard/libgcc.a
LOAD /opt/arm-gnu-toolchain-14.2/bin/../lib/gcc/arm-none-eabi/14.2.1/../../../../arm-none-eabi/lib/thumb/v7e-m+fp/hard/libc_nano.a
END GROUP
LOAD /opt/arm-gnu-toolchain-14.2/bin/../lib/gcc/arm-none-eabi/14.2.1/thumb/v7e-m+fp/hard/crtend.o
LOAD /opt/arm-gnu-toolchain-14.2/bin/../lib/gcc/arm-none-eabi/14.2.1/thumb/v7e-m+fp/hard/crtn.o
                0x20020000                        _estack = (ORIGIN (RAM) + LENGTH (RAM))
                0x00000a00                        _Min_Heap_Size = 0xa00
                0x00000800                        _Min_Stack_Size = 0x800

.isr_vector     0x08000000      0x1d8
                0x08000000                        . = ALIGN (0x4)
 *(.isr_vector)
 .isr_vector    0x08000000      0x1d8 build/debug/startup_stm32g474xx.o
                0x08000000                g_pfnVectors
                0x080001d8                        . = ALIGN (0x4)

.text           0x080001e0    0x19ae8
                0x080001e0                        . = ALIGN (0x4)
 *(.text)
 .text          0x080001e0      0x3fc build/debug/CLI_Module.o
                0x0800021a                CLI_Module::_process_task(void*)
                0x08000240                CLI_Module::init(char const*, unsigned short)
                0x0800033c                CLI_Module::start()
                0x0800034e                CLI_Module::bind_write_data(void (*)(unsigned char*, unsigned short, void*), void*)
                0x0800035c                CLI_Module::bind_write_data(Serial*)
                0x08000374                CLI_Module::_low_level_receive_char(EmbeddedCli*, char)
                0x08000380                CLI_Module::receive_data(unsigned char*, unsigned short)
                0x080003be                CLI_Module::get_cli_module(int)
                0x080003e0                CLI_Module::get_cli_module(EmbeddedCli*)
                0x0800040c                CLI_Module::_low_level_write_char(EmbeddedCli*, char)
                0x0800042a                CLI_Module::_low_level_write_string(EmbeddedCli*, char const*)
                0x0800044a                CLI_Module::get_cli_module(Serial*)
                0x08000478                CLI_Module::start_all()
                0x080004a4                CLI_Module::execute_subcmd(CLI_Module*, char const*, void*)
                0x080004a6                CLI_Module::init_arg_list(char const**, char const*)
                0x080004e0                CLI_Module::print(char const*, ...)
                0x0800052c                CLI_Module::add_command(CliCommandBinding)
                0x0800056e                CLI_Module::add_command_to_all(CliCommandBinding)
                0x080005bc                CLI_Module::add_command_to_all(char const*, char const*, bool, void*, void (*)(EmbeddedCli*, char*, void*))
 *fill*         0x080005dc        0x4 
 .text          0x080005e0      0xb68 build/debug/DcMotor_ClosedLoop.o
                0x080009fc                DC_Motor::test_laji()
                0x08000a34                DC_Motor::Motor_EN(bool)
                0x08000aac                DC_Motor::Set_Motor_Frequency()
                0x08000d10                DC_Motor::Set_Motor_Glo_Duty()
                0x08000db4                DC_Motor::My_DC_Motor_Init()
                0x08000e34                DC_Motor::Update_Speed_Angle_LPFAndPLL()
                0x08000fbc                DC_Motor::Speed_Loop()
                0x08000fe6                DC_Motor::Location_Loop()
                0x08001038                DC_Motor::Thermistor_Temp()
 .text          0x08001148       0x78 build/debug/HAL_System.o
                0x08001148                HAL_System::period_elapsed_callback(__TIM_HandleTypeDef*)
                0x08001158                HAL_System::init()
                0x08001174                HAL_System::get_tick_us()
                0x0800118c                HAL_System::get_tick_ms()
                0x080011a8                HAL_System::delay_ms(unsigned long)
 .text          0x080011c0      0x188 build/debug/MC_Serial.o
                0x08001210                MC_Serial::init()
                0x08001260                printf_
                0x080012c4                println
 .text          0x08001348      0x1ac build/debug/Motor_Storage.o
                0x08001348                Motor_Storage::motor_addr(unsigned char)
                0x08001354                Motor_Storage::get_motor_ptr(unsigned char)
                0x08001388                Motor_Storage::motor_magic(unsigned char)
                0x080013b2                Motor_Storage::motor_magic_addr(unsigned char)
                0x080013ba                Motor_Storage::save(unsigned char)
                0x0800141e                Motor_Storage::load(unsigned char)
                0x0800149c                Motor_Storage::clear(unsigned char)
 .text          0x080014f4      0x5fc build/debug/My_CLI.o
                0x080014f4                get_motor_by_arg(char const**, int, int*)
                0x0800155c                start(EmbeddedCli*, char*, void*)
                0x08001598                stop(EmbeddedCli*, char*, void*)
                0x080015d4                reset(EmbeddedCli*, char*, void*)
                0x080015fc                clear_eeprom(EmbeddedCli*, char*, void*)
                0x08001648                save(EmbeddedCli*, char*, void*)
                0x08001698                set_fre(EmbeddedCli*, char*, void*)
                0x080016fc                set_duty(EmbeddedCli*, char*, void*)
                0x08001760                set_pos(EmbeddedCli*, char*, void*)
                0x080017c4                set_speed(EmbeddedCli*, char*, void*)
                0x08001828                set_mode(EmbeddedCli*, char*, void*)
                0x0800191c                set_pid_v(EmbeddedCli*, char*, void*)
                0x080019d0                set_pid_p(EmbeddedCli*, char*, void*)
                0x08001a84                get_mode(EmbeddedCli*, char*, void*)
 .text          0x08001af0       0x1c build/debug/My_USB_CDC.o
                0x08001af0                USB_Register_RxCallback
                0x08001afc                My_USB_CDC_ProcessRx
 .text          0x08001b0c       0xe0 build/debug/My_Vofa.o
                0x08001b0c                My_USB_Handler(unsigned char*, unsigned long)
                0x08001b34                Vofa_SendFireWater(float*, unsigned short, unsigned long)
                0x08001b88                Vofa_SendFireWater_VA(unsigned short, ...)
                0x08001bdc                Vofa_Init()
 .text          0x08001bec      0x1c8 build/debug/Task_CLI.o
                0x08001c00                Task_CLI(void*)
 .text          0x08001db4       0xa4 build/debug/Task_DroneCAN.o
                0x08001db4                Task_DroneCAN(void*)
 .text          0x08001e58       0xe8 build/debug/Task_Launch.o
                0x08001e58                MC_TaskStart()
                0x08001f38                MC_ScheduleStart
 .text          0x08001f40       0x88 build/debug/Task_MotorPublish.o
                0x08001f62                Task_MotorPublish(void*)
 .text          0x08001fc8       0x74 build/debug/Task_SystemInit.o
                0x08001fc8                Task_SystemInit(void*)
 .text          0x0800203c       0xc8 build/debug/Task_Test.o
                0x0800204c                look_mem()
                0x080020e0                Task_Test(void*)
 *fill*         0x08002104        0x4 
 .text          0x08002108      0x514 build/debug/Task_Vofa.o
                0x08002108                vofa_sync_last(Vafa_data*)
                0x08002130                vofa_data_init()
                0x080021fc                vofa_update_mode(Work_Mode*, Work_Mode, DC_Motor*)
                0x08002268                vofa_update_if_changed(Vafa_data*, unsigned char, float*, DC_Motor*)
                0x080022ae                vofa_detect_changes(Vafa_data*)
                0x080022e6                Task_VofaRx(void*)
                0x080024f8                Task_VofaTx(void*)
 .text          0x0800261c      0x174 build/debug/XBLW24C64.o
                0x0800261c                XBLW24C64::init()
                0x0800263c                XBLW24C64::read_byte(unsigned short)
                0x08002678                XBLW24C64::read(unsigned short, unsigned char*, unsigned short)
                0x080026c0                XBLW24C64::_wait_write_complete()
                0x080026e8                XBLW24C64::write_byte(unsigned short, unsigned char)
                0x08002724                XBLW24C64::write(unsigned short, unsigned char const*, unsigned short)
 .text          0x08002790      0x110 build/debug/avg_filter.o
                0x08002790                AvgFilter::init(unsigned char)
                0x080027c4                AvgFilter::filter(float)
                0x08002890                AvgFilter::clear()
 .text          0x080028a0      0x280 build/debug/dronecan_jiexi.o
                0x08002ae0                DroneCan_Parse(CanardRxTransfer*)
 .text          0x08002b20      0x528 build/debug/kth_read.o
                0x08002b20                KTH7111::KTH_CS_Enble(bool)
                0x08002b38                KTH7111::SPI_Set_MOSI_Output()
                0x08002b64                KTH7111::SPI_Set_MOSI_Input()
                0x08002b90                KTH7111::CRC8_ITU(unsigned char const*, unsigned char)
                0x08002bdc                KTH7111::KTH7111_Send_JIAO_CMD()
                0x08002c7c                KTH7111::Get_KTH7111_Radian()
                0x08002c82                KTH7111::Get_KTH7111_Degree()
                0x08002c88                KTH7111::KTH7111_ReadReg(unsigned char)
                0x08002d42                KTH7111::KTH7111_WriteReg(unsigned char, unsigned char)
                0x08002e10                KTH7111::KTH7111_RotationDirection(bool)
                0x08002e66                KTH7111::KTH7111_Init(bool)
                0x08002e88                KTH7111::KTH7111_BurnMTP()
                0x08002ed4                KTH7111::KTH7111_Read_MoreRegs(unsigned char*, unsigned char*, unsigned char)
                0x08002efa                KTH7111::KTH7111_Write_MoreRegs(unsigned char*, unsigned char*, unsigned char, bool)
                0x08002f34                KTH7111::SetZeroAngle_RuanJian(float)
                0x08002f36                KTH7111::KTH7111_SetNowZero()
                0x08002f6a                KTH7111::KTH7111_Get_ANLC_Status()
                0x08002f78                KTH7111::KTH7111_ANLC_Calibration(unsigned long)
 .text          0x08003048       0x68 build/debug/lowpass_filter.o
                0x08003048                LowpassFilter::init(float)
                0x08003078                LowpassFilter::filter(float)
                0x08003092                LowpassFilter::filter_with_alpha(float, float)
                0x080030a8                LowpassFilter::clear()
 .text          0x080030b0      0x12c build/debug/my_dronecan.o
                0x080030b0                DroneCan_Send_Servo(float*, unsigned char)
                0x08003148                DroneCan_Send_Heartbeat()
 .text          0x080031dc      0x130 build/debug/my_fdcan.o
                0x080031dc                My_FilterConfig()
                0x0800323c                My_Can_Init()
                0x08003244                My_Can_Send(unsigned long, unsigned char*, unsigned char, bool)
                0x08003294                My_CAN_Poll(RxMsg*)
 .text          0x0800330c      0x1cc build/debug/my_tim.o
                0x0800330c                My_Tim_OC_Callback(__TIM_HandleTypeDef*)
                0x08003394                My_Tim_Callback(__TIM_HandleTypeDef*)
                0x08003494                My_Tim_Init(__TIM_HandleTypeDef*, __ADC_HandleTypeDef*)
 .text          0x080034d8      0x358 build/debug/my_uav_can.o
                0x08003580                dronecan_if_transmit(CanardCANFrame const*)
                0x080035e4                dronecan_if_receive(CanardCANFrame*)
                0x08003650                test_uavcan()
                0x080036b0                My_Canard_Init()
                0x080036ec                My_Canard_Process_Tx()
                0x08003710                My_Canard_Process_Rx()
                0x0800373c                My_DroneCanard_Process()
                0x08003790                My_Canard_Process()
                0x080037c8                Canard_Test_TxRx()
 .text          0x08003830      0x1b8 build/debug/pll.o
                0x08003830                foc_pll_run(float, float, float*, float*, PLL_Parameter*)
 .text          0x080039e8      0xa28 build/debug/serial.o
                0x080039e8                Serial::get_serial(__UART_HandleTypeDef*)
                0x08003a14                Serial::generate_default_config(Serial_Config*)
                0x08003a3a                Serial::_init_buf()
                0x08003a80                Serial::_init_queue()
                0x08003ab2                Serial::_init_semaphore()
                0x08003af8                Serial::_init_task()
                0x08003b70                Serial::_init_callback()
                0x08003bb4                Serial::_is_tx_busy(bool)
                0x08003c18                Serial::_update_info(short, short)
                0x08003c4a                Serial::_rx_irq_start()
                0x08003cc6                Serial::init(char const*, Serial_Config*, __UART_HandleTypeDef*)
                0x08003ddc                Serial::init_with_default(char const*, __UART_HandleTypeDef*)
                0x08003dfc                Serial::_tx_irq_start(__DataPack_t*)
                0x08003e72                Serial::register_rx_msg_handler(void (*)(__DataPack_t*, Serial*, void*), void*)
                0x08003e84                Serial::_rx_callback(unsigned short)
                0x08003f3c                Serial::_tx_callback()
                0x08003f96                Serial::_error_callback()
                0x08003fe0                Serial::send_data(__DataPack_t*, bool)
                0x08004148                Serial::send_data(unsigned char*, unsigned short, unsigned long)
                0x08004166                Serial::send_data_from_isr(unsigned char*, unsigned short, unsigned long)
                0x080042c8                Serial::send_data_fast(unsigned char*, unsigned short)
                0x080042fe                Serial::print(char const*, ...)
                0x08004368                Serial::print_from_isr(char const*, ...)
                0x080043b2                Serial::_rx_task()
                0x080043de                Serial::_tx_task()
                0x0800440c                Serial::_error_handler(Serial_Error)
 .text          0x08004410      0x288 build/debug/uorb.o
                0x08004494                uorb_init
                0x080044b4                uorb_advertise
                0x0800451c                uorb_publish
                0x08004568                uorb_subscribe
                0x080045e8                uorb_check
                0x0800462c                uorb_copy
 .text          0x08004698       0x14 /opt/arm-gnu-toolchain-14.2/bin/../lib/gcc/arm-none-eabi/14.2.1/../../../../arm-none-eabi/lib/thumb/v7e-m+fp/hard/libc_nano.a(libc_a-strcmp.o)
                0x08004698                strcmp
 .text          0x080046ac       0x10 /opt/arm-gnu-toolchain-14.2/bin/../lib/gcc/arm-none-eabi/14.2.1/../../../../arm-none-eabi/lib/thumb/v7e-m+fp/hard/libc_nano.a(libc_a-strlen.o)
                0x080046ac                strlen
 *fill*         0x080046bc        0x4 
 .text          0x080046c0       0xa0 /opt/arm-gnu-toolchain-14.2/bin/../lib/gcc/arm-none-eabi/14.2.1/../../../../arm-none-eabi/lib/thumb/v7e-m+fp/hard/libc_nano.a(libc_a-memchr.o)
                0x080046c0                memchr
 .text          0x08004760      0x378 /opt/arm-gnu-toolchain-14.2/bin/../lib/gcc/arm-none-eabi/14.2.1/thumb/v7e-m+fp/hard/libgcc.a(_arm_addsubdf3.o)
                0x08004760                __aeabi_drsub
                0x08004768                __aeabi_dsub
                0x08004768                __subdf3
                0x0800476c                __adddf3
                0x0800476c                __aeabi_dadd
                0x080049e4                __aeabi_ui2d
                0x080049e4                __floatunsidf
                0x08004a04                __floatsidf
                0x08004a04                __aeabi_i2d
                0x08004a28                __extendsfdf2
                0x08004a28                __aeabi_f2d
                0x08004a6c                __aeabi_ul2d
                0x08004a6c                __floatundidf
                0x08004a7c                __floatdidf
                0x08004a7c                __aeabi_l2d
 .text          0x08004ad8      0x424 /opt/arm-gnu-toolchain-14.2/bin/../lib/gcc/arm-none-eabi/14.2.1/thumb/v7e-m+fp/hard/libgcc.a(_arm_muldivdf3.o)
                0x08004ad8                __aeabi_dmul
                0x08004ad8                __muldf3
                0x08004d2c                __aeabi_ddiv
                0x08004d2c                __divdf3
 .text          0x08004efc      0x110 /opt/arm-gnu-toolchain-14.2/bin/../lib/gcc/arm-none-eabi/14.2.1/thumb/v7e-m+fp/hard/libgcc.a(_arm_cmpdf2.o)
                0x08004efc                __gtdf2
                0x08004efc                __gedf2
                0x08004f04                __ltdf2
                0x08004f04                __ledf2
                0x08004f0c                __cmpdf2
                0x08004f0c                __eqdf2
                0x08004f0c                __nedf2
                0x08004f88                __aeabi_cdrcmple
                0x08004f98                __aeabi_cdcmple
                0x08004f98                __aeabi_cdcmpeq
                0x08004fa8                __aeabi_dcmpeq
                0x08004fbc                __aeabi_dcmplt
                0x08004fd0                __aeabi_dcmple
                0x08004fe4                __aeabi_dcmpge
                0x08004ff8                __aeabi_dcmpgt
 .text          0x0800500c       0x2c /opt/arm-gnu-toolchain-14.2/bin/../lib/gcc/arm-none-eabi/14.2.1/thumb/v7e-m+fp/hard/libgcc.a(_arm_unorddf2.o)
                0x0800500c                __aeabi_dcmpun
                0x0800500c                __unorddf2
 .text          0x08005038       0x50 /opt/arm-gnu-toolchain-14.2/bin/../lib/gcc/arm-none-eabi/14.2.1/thumb/v7e-m+fp/hard/libgcc.a(_arm_fixdfsi.o)
                0x08005038                __fixdfsi
                0x08005038                __aeabi_d2iz
 .text          0x08005088       0x40 /opt/arm-gnu-toolchain-14.2/bin/../lib/gcc/arm-none-eabi/14.2.1/thumb/v7e-m+fp/hard/libgcc.a(_arm_fixunsdfsi.o)
                0x08005088                __fixunsdfsi
                0x08005088                __aeabi_d2uiz
 .text          0x080050c8       0xa0 /opt/arm-gnu-toolchain-14.2/bin/../lib/gcc/arm-none-eabi/14.2.1/thumb/v7e-m+fp/hard/libgcc.a(_arm_truncdfsf2.o)
                0x080050c8                __aeabi_d2f
                0x080050c8                __truncdfsf2
 .text          0x08005168       0x30 /opt/arm-gnu-toolchain-14.2/bin/../lib/gcc/arm-none-eabi/14.2.1/thumb/v7e-m+fp/hard/libgcc.a(_aeabi_uldivmod.o)
                0x08005168                __aeabi_uldivmod
 .text          0x08005198        0x4 /opt/arm-gnu-toolchain-14.2/bin/../lib/gcc/arm-none-eabi/14.2.1/thumb/v7e-m+fp/hard/libgcc.a(_dvmd_tls.o)
                0x08005198                __aeabi_ldiv0
                0x08005198                __aeabi_idiv0
 *(.text*)
 .text.deregister_tm_clones
                0x0800519c       0x1c /opt/arm-gnu-toolchain-14.2/bin/../lib/gcc/arm-none-eabi/14.2.1/thumb/v7e-m+fp/hard/crtbegin.o
 .text.register_tm_clones
                0x080051b8       0x24 /opt/arm-gnu-toolchain-14.2/bin/../lib/gcc/arm-none-eabi/14.2.1/thumb/v7e-m+fp/hard/crtbegin.o
 .text.__do_global_dtors_aux
                0x080051dc       0x28 /opt/arm-gnu-toolchain-14.2/bin/../lib/gcc/arm-none-eabi/14.2.1/thumb/v7e-m+fp/hard/crtbegin.o
 .text.frame_dummy
                0x08005204       0x24 /opt/arm-gnu-toolchain-14.2/bin/../lib/gcc/arm-none-eabi/14.2.1/thumb/v7e-m+fp/hard/crtbegin.o
 .text.MX_ADC2_Init
                0x08005228       0xe4 build/debug/adc.o
                0x08005228                MX_ADC2_Init
 .text.HAL_ADC_MspInit
                0x0800530c      0x114 build/debug/adc.o
                0x0800530c                HAL_ADC_MspInit
 .text.MX_FREERTOS_Init
                0x08005420        0x8 build/debug/app_freertos.o
                0x08005420                MX_FREERTOS_Init
 .text.canardBufferFromIdx
                0x08005428        0x4 build/debug/canard.o
 .text.canardBufferToIdx
                0x0800542c        0x4 build/debug/canard.o
 .text.canardRxFromIdx
                0x08005430        0x4 build/debug/canard.o
 .text.canardRxToIdx
                0x08005434        0x4 build/debug/canard.o
 .text.computeTransferIDForwardDistance
                0x08005438       0x10 build/debug/canard.o
 .text.incrementTransferID
                0x08005448       0x12 build/debug/canard.o
 .text.dlcToDataLength
                0x0800545a       0x34 build/debug/canard.o
 .text.dataLengthToDlc
                0x0800548e       0x38 build/debug/canard.o
 .text.isPriorityHigher
                0x080054c6       0x4e build/debug/canard.o
 .text.pushTxQueue
                0x08005514       0x46 build/debug/canard.o
 .text.prepareForNextTransfer
                0x0800555a       0x20 build/debug/canard.o
 .text.findRxState
                0x0800557a       0x1e build/debug/canard.o
 .text.copyBitArray
                0x08005598       0x76 build/debug/canard.o
 .text.descatterTransferPayload
                0x0800560e      0x124 build/debug/canard.o
 .text.isBigEndian
                0x08005732        0x4 build/debug/canard.o
 .text.swapByteOrder
                0x08005736       0x1c build/debug/canard.o
 .text.crcAddByte
                0x08005752       0x2a build/debug/canard.o
 .text.crcAddSignature
                0x0800577c       0x34 build/debug/canard.o
 .text.crcAdd   0x080057b0       0x18 build/debug/canard.o
 .text.calculateCRC
                0x080057c8       0x26 build/debug/canard.o
 .text.initPoolAllocator
                0x080057ee       0x30 build/debug/canard.o
 .text.allocateBlock
                0x0800581e       0x1c build/debug/canard.o
 .text.createBufferBlock
                0x0800583a        0xe build/debug/canard.o
 .text.bufferBlockPushBytes
                0x08005848      0x140 build/debug/canard.o
 .text.freeBlock
                0x08005988        0xe build/debug/canard.o
 .text.releaseStatePayload
                0x08005996       0x3a build/debug/canard.o
 .text.createTxItem
                0x080059d0       0x1a build/debug/canard.o
 *fill*         0x080059ea        0x2 
 .text.enqueueTxFrames
                0x080059ec      0x168 build/debug/canard.o
 .text.createRxState
                0x08005b54       0x4e build/debug/canard.o
 .text.prependRxState
                0x08005ba2       0x22 build/debug/canard.o
 .text.traverseRxStates
                0x08005bc4       0x2a build/debug/canard.o
 .text.canardInit
                0x08005bee       0x36 build/debug/canard.o
                0x08005bee                canardInit
 .text.canardSetLocalNodeID
                0x08005c24       0x10 build/debug/canard.o
                0x08005c24                canardSetLocalNodeID
 .text.canardGetLocalNodeID
                0x08005c34        0x4 build/debug/canard.o
                0x08005c34                canardGetLocalNodeID
 .text.canardBroadcastObj
                0x08005c38       0xa4 build/debug/canard.o
                0x08005c38                canardBroadcastObj
 .text.canardPeekTxQueue
                0x08005cdc        0x8 build/debug/canard.o
                0x08005cdc                canardPeekTxQueue
 .text.canardPopTxQueue
                0x08005ce4       0x10 build/debug/canard.o
                0x08005ce4                canardPopTxQueue
 .text.canardCleanupStaleTransfers
                0x08005cf4       0x90 build/debug/canard.o
                0x08005cf4                canardCleanupStaleTransfers
 .text.canardDecodeScalar
                0x08005d84      0x1fc build/debug/canard.o
                0x08005d84                canardDecodeScalar
 .text.canardEncodeScalar
                0x08005f80       0xa2 build/debug/canard.o
                0x08005f80                canardEncodeScalar
 .text.canardReleaseRxTransferPayload
                0x08006022       0x26 build/debug/canard.o
                0x08006022                canardReleaseRxTransferPayload
 .text.canardConvertNativeFloatToFloat16
                0x08006048       0x5c build/debug/canard.o
                0x08006048                canardConvertNativeFloatToFloat16
 .text.canardConvertFloat16ToNativeFloat
                0x080060a4       0x44 build/debug/canard.o
                0x080060a4                canardConvertFloat16ToNativeFloat
 .text.extractTransferType
                0x080060e8       0x18 build/debug/canard.o
                0x080060e8                extractTransferType
 .text.extractDataType
                0x08006100       0x22 build/debug/canard.o
                0x08006100                extractDataType
 *fill*         0x08006122        0x2 
 .text.canardHandleRxFrame
                0x08006124      0x460 build/debug/canard.o
                0x08006124                canardHandleRxFrame
 .text.SysTick_Handler
                0x08006584       0x18 build/debug/cmsis_os2.o
                0x08006584                SysTick_Handler
 .text.osKernelInitialize
                0x0800659c       0x24 build/debug/cmsis_os2.o
                0x0800659c                osKernelInitialize
 .text.osKernelStart
                0x080065c0       0x38 build/debug/cmsis_os2.o
                0x080065c0                osKernelStart
 .text.vApplicationGetIdleTaskMemory
                0x080065f8       0x18 build/debug/cmsis_os2.o
                0x080065f8                vApplicationGetIdleTaskMemory
 .text.vApplicationGetTimerTaskMemory
                0x08006610       0x18 build/debug/cmsis_os2.o
                0x08006610                vApplicationGetTimerTaskMemory
 .text.MX_CORDIC_Init
                0x08006628       0x20 build/debug/cordic.o
                0x08006628                MX_CORDIC_Init
 .text.HAL_CORDIC_MspInit
                0x08006648       0x40 build/debug/cordic.o
                0x08006648                HAL_CORDIC_MspInit
 .text.MX_DMA_Init
                0x08006688       0xa4 build/debug/dma.o
                0x08006688                MX_DMA_Init
 .text.writeToOutput
                0x0800672c        0x8 build/debug/embedded_cli.o
 .text.printBindingHelp
                0x08006734       0x28 build/debug/embedded_cli.o
 .text.onUnknownCommand
                0x0800675c       0x34 build/debug/embedded_cli.o
 .text.isControlChar
                0x08006790       0x30 build/debug/embedded_cli.o
 .text.isDisplayableChar
                0x080067c0        0xe build/debug/embedded_cli.o
 .text.fifoBufAvailable
                0x080067ce       0x1a build/debug/embedded_cli.o
 .text.fifoBufPop
                0x080067e8       0x24 build/debug/embedded_cli.o
 .text.fifoBufPush
                0x0800680c       0x30 build/debug/embedded_cli.o
 .text.getTokenPosition
                0x0800683c       0x44 build/debug/embedded_cli.o
 .text.clearCurrentLine
                0x08006880       0x3a build/debug/embedded_cli.o
 .text.getAutocompletedCommand
                0x080068ba       0xc2 build/debug/embedded_cli.o
 .text.onAutocompleteRequest
                0x0800697c       0xbc build/debug/embedded_cli.o
 .text.onCharInput
                0x08006a38       0x60 build/debug/embedded_cli.o
 .text.moveCursor
                0x08006a98       0x3c build/debug/embedded_cli.o
 .text.printLiveAutocompletion
                0x08006ad4       0x90 build/debug/embedded_cli.o
 .text.embeddedCliRequiredSize
                0x08006b64       0x30 build/debug/embedded_cli.o
                0x08006b64                embeddedCliRequiredSize
 .text.embeddedCliReceiveChar
                0x08006b94       0x1c build/debug/embedded_cli.o
                0x08006b94                embeddedCliReceiveChar
 .text.embeddedCliAddBinding
                0x08006bb0       0x46 build/debug/embedded_cli.o
                0x08006bb0                embeddedCliAddBinding
 *fill*         0x08006bf6        0x2 
 .text.initInternalBindings
                0x08006bf8       0x34 build/debug/embedded_cli.o
 .text.embeddedCliNew
                0x08006c2c       0xc6 build/debug/embedded_cli.o
                0x08006c2c                embeddedCliNew
 *fill*         0x08006cf2        0x2 
 .text.embeddedCliTokenizeArgs
                0x08006cf4       0x70 build/debug/embedded_cli.o
                0x08006cf4                embeddedCliTokenizeArgs
 .text.embeddedCliGetToken
                0x08006d64       0x18 build/debug/embedded_cli.o
                0x08006d64                embeddedCliGetToken
 .text.historyGet
                0x08006d7c       0x1a build/debug/embedded_cli.o
 *fill*         0x08006d96        0x2 
 .text.navigateHistory
                0x08006d98       0x80 build/debug/embedded_cli.o
 .text.onEscapedInput
                0x08006e18       0x78 build/debug/embedded_cli.o
 .text.embeddedCliGetTokenVariable
                0x08006e90       0x18 build/debug/embedded_cli.o
                0x08006e90                embeddedCliGetTokenVariable
 .text.historyRemove
                0x08006ea8       0x5e build/debug/embedded_cli.o
 .text.historyPut
                0x08006f06       0x6e build/debug/embedded_cli.o
 .text.parseCommand
                0x08006f74      0x144 build/debug/embedded_cli.o
 .text.onControlInput
                0x080070b8       0xb4 build/debug/embedded_cli.o
 .text.embeddedCliProcess
                0x0800716c       0xb4 build/debug/embedded_cli.o
                0x0800716c                embeddedCliProcess
 .text.embeddedCliGetTokenCount
                0x08007220       0x2a build/debug/embedded_cli.o
                0x08007220                embeddedCliGetTokenCount
 *fill*         0x0800724a        0x2 
 .text.onHelp   0x0800724c      0x108 build/debug/embedded_cli.o
 .text.MX_FDCAN2_Init
                0x08007354       0x4c build/debug/fdcan.o
                0x08007354                MX_FDCAN2_Init
 .text.HAL_FDCAN_MspInit
                0x080073a0       0xb4 build/debug/fdcan.o
                0x080073a0                HAL_FDCAN_MspInit
 .text.MX_GPIO_Init
                0x08007454      0x13c build/debug/gpio.o
                0x08007454                MX_GPIO_Init
 .text.prvHeapInit
                0x08007590       0x68 build/debug/heap_4.o
 .text.prvInsertBlockIntoFreeList
                0x080075f8       0x64 build/debug/heap_4.o
 .text.pvPortMalloc
                0x0800765c      0x104 build/debug/heap_4.o
                0x0800765c                pvPortMalloc
 .text.vPortFree
                0x08007760       0x7c build/debug/heap_4.o
                0x08007760                vPortFree
 .text.xPortGetFreeHeapSize
                0x080077dc        0xc build/debug/heap_4.o
                0x080077dc                xPortGetFreeHeapSize
 .text.MX_I2C1_Init
                0x080077e8       0x60 build/debug/i2c.o
                0x080077e8                MX_I2C1_Init
 .text.HAL_I2C_MspInit
                0x08007848       0xe0 build/debug/i2c.o
                0x08007848                HAL_I2C_MspInit
 .text.vListInitialise
                0x08007928       0x16 build/debug/list.o
                0x08007928                vListInitialise
 .text.vListInitialiseItem
                0x0800793e        0x6 build/debug/list.o
                0x0800793e                vListInitialiseItem
 .text.vListInsertEnd
                0x08007944       0x16 build/debug/list.o
                0x08007944                vListInsertEnd
 .text.vListInsert
                0x0800795a       0x32 build/debug/list.o
                0x0800795a                vListInsert
 .text.uxListRemove
                0x0800798c       0x26 build/debug/list.o
                0x0800798c                uxListRemove
 *fill*         0x080079b2        0x2 
 .text.HAL_TIM_PeriodElapsedCallback
                0x080079b4       0x18 build/debug/main.o
                0x080079b4                HAL_TIM_PeriodElapsedCallback
 .text.Error_Handler
                0x080079cc        0x4 build/debug/main.o
                0x080079cc                Error_Handler
 .text.SystemClock_Config
                0x080079d0       0x74 build/debug/main.o
                0x080079d0                SystemClock_Config
 .text.main     0x08007a44       0x50 build/debug/main.o
                0x08007a44                main
 .text.prvTaskExitError
                0x08007a94       0x40 build/debug/port.o
 .text.prvPortStartFirstTask
                0x08007ad4       0x28 build/debug/port.o
 .text.vPortEnableVFP
                0x08007afc       0x14 build/debug/port.o
 .text.pxPortInitialiseStack
                0x08007b10       0x2c build/debug/port.o
                0x08007b10                pxPortInitialiseStack
 *fill*         0x08007b3c        0x4 
 .text.SVC_Handler
                0x08007b40       0x24 build/debug/port.o
                0x08007b40                SVC_Handler
 .text.vPortEnterCritical
                0x08007b64       0x44 build/debug/port.o
                0x08007b64                vPortEnterCritical
 .text.vPortExitCritical
                0x08007ba8       0x2c build/debug/port.o
                0x08007ba8                vPortExitCritical
 *fill*         0x08007bd4        0xc 
 .text.PendSV_Handler
                0x08007be0       0x64 build/debug/port.o
                0x08007be0                PendSV_Handler
 .text.xPortSysTickHandler
                0x08007c44       0x2c build/debug/port.o
                0x08007c44                xPortSysTickHandler
 .text.vPortSetupTimerInterrupt
                0x08007c70       0x28 build/debug/port.o
                0x08007c70                vPortSetupTimerInterrupt
 .text.xPortStartScheduler
                0x08007c98      0x118 build/debug/port.o
                0x08007c98                xPortStartScheduler
 .text.vPortValidateInterruptPriority
                0x08007db0       0x5c build/debug/port.o
                0x08007db0                vPortValidateInterruptPriority
 .text._out_buffer
                0x08007e0c        0x8 build/debug/printf.o
 .text._out_null
                0x08007e14        0x2 build/debug/printf.o
 .text._atoi    0x08007e16       0x26 build/debug/printf.o
 .text._out_rev
                0x08007e3c       0x7e build/debug/printf.o
 .text._ntoa_format
                0x08007eba      0x134 build/debug/printf.o
 .text._ntoa_long
                0x08007fee       0x94 build/debug/printf.o
 .text._ntoa_long_long
                0x08008082       0xc2 build/debug/printf.o
 *fill*         0x08008144        0x4 
 .text._etoa    0x08008148      0x3f0 build/debug/printf.o
 .text._ftoa    0x08008538      0x380 build/debug/printf.o
 .text._vsnprintf
                0x080088b8      0x6d0 build/debug/printf.o
 .text.snprintf_
                0x08008f88       0x28 build/debug/printf.o
                0x08008f88                snprintf_
 .text.vsnprintf_
                0x08008fb0       0x1c build/debug/printf.o
                0x08008fb0                vsnprintf_
 .text.prvGetDisinheritPriorityAfterTimeout
                0x08008fcc       0x10 build/debug/queue.o
 .text.prvIsQueueFull
                0x08008fdc       0x1e build/debug/queue.o
 .text.prvIsQueueEmpty
                0x08008ffa       0x1a build/debug/queue.o
 .text.prvCopyDataToQueue
                0x08009014       0x76 build/debug/queue.o
 .text.prvCopyDataFromQueue
                0x0800908a       0x24 build/debug/queue.o
 .text.prvUnlockQueue
                0x080090ae       0x6e build/debug/queue.o
 .text.xQueueGenericReset
                0x0800911c       0x84 build/debug/queue.o
                0x0800911c                xQueueGenericReset
 .text.prvInitialiseNewQueue
                0x080091a0       0x22 build/debug/queue.o
 .text.xQueueGenericCreateStatic
                0x080091c2       0x94 build/debug/queue.o
                0x080091c2                xQueueGenericCreateStatic
 .text.xQueueGenericCreate
                0x08009256       0x48 build/debug/queue.o
                0x08009256                xQueueGenericCreate
 .text.xQueueGenericSend
                0x0800929e      0x188 build/debug/queue.o
                0x0800929e                xQueueGenericSend
 .text.prvInitialiseMutex
                0x08009426       0x18 build/debug/queue.o
 .text.xQueueCreateMutex
                0x0800943e       0x16 build/debug/queue.o
                0x0800943e                xQueueCreateMutex
 .text.xQueueGenericSendFromISR
                0x08009454       0xce build/debug/queue.o
                0x08009454                xQueueGenericSendFromISR
 .text.xQueueGiveFromISR
                0x08009522       0xb2 build/debug/queue.o
                0x08009522                xQueueGiveFromISR
 .text.xQueueReceive
                0x080095d4      0x15e build/debug/queue.o
                0x080095d4                xQueueReceive
 .text.xQueueSemaphoreTake
                0x08009732      0x1a6 build/debug/queue.o
                0x08009732                xQueueSemaphoreTake
 .text.xQueueReceiveFromISR
                0x080098d8       0xae build/debug/queue.o
                0x080098d8                xQueueReceiveFromISR
 .text.uxQueueMessagesWaiting
                0x08009986       0x26 build/debug/queue.o
                0x08009986                uxQueueMessagesWaiting
 .text.uxQueueMessagesWaitingFromISR
                0x080099ac       0x18 build/debug/queue.o
                0x080099ac                uxQueueMessagesWaitingFromISR
 .text.vQueueAddToRegistry
                0x080099c4       0x28 build/debug/queue.o
                0x080099c4                vQueueAddToRegistry
 .text.vQueueWaitForMessageRestricted
                0x080099ec       0x52 build/debug/queue.o
                0x080099ec                vQueueWaitForMessageRestricted
 *fill*         0x08009a3e        0x2 
 .text.MX_SPI3_Init
                0x08009a40       0x50 build/debug/spi.o
                0x08009a40                MX_SPI3_Init
 .text.HAL_SPI_MspInit
                0x08009a90       0x74 build/debug/spi.o
                0x08009a90                HAL_SPI_MspInit
 .text.HAL_Init
                0x08009b04       0x1e build/debug/stm32g4xx_hal.o
                0x08009b04                HAL_Init
 *fill*         0x08009b22        0x2 
 .text.HAL_IncTick
                0x08009b24       0x18 build/debug/stm32g4xx_hal.o
                0x08009b24                HAL_IncTick
 .text.HAL_GetTick
                0x08009b3c        0xc build/debug/stm32g4xx_hal.o
                0x08009b3c                HAL_GetTick
 .text.LL_ADC_REG_SetSequencerRanks
                0x08009b48       0x30 build/debug/stm32g4xx_hal_adc.o
 .text.LL_ADC_SetChannelSamplingTime
                0x08009b78       0x2c build/debug/stm32g4xx_hal_adc.o
 .text.HAL_ADC_ConvCpltCallback
                0x08009ba4        0x2 build/debug/stm32g4xx_hal_adc.o
                0x08009ba4                HAL_ADC_ConvCpltCallback
 .text.HAL_ADC_ConvHalfCpltCallback
                0x08009ba6        0x2 build/debug/stm32g4xx_hal_adc.o
                0x08009ba6                HAL_ADC_ConvHalfCpltCallback
 .text.HAL_ADC_LevelOutOfWindowCallback
                0x08009ba8        0x2 build/debug/stm32g4xx_hal_adc.o
                0x08009ba8                HAL_ADC_LevelOutOfWindowCallback
 .text.HAL_ADC_ErrorCallback
                0x08009baa        0x2 build/debug/stm32g4xx_hal_adc.o
                0x08009baa                HAL_ADC_ErrorCallback
 .text.ADC_DMAConvCplt
                0x08009bac       0x88 build/debug/stm32g4xx_hal_adc.o
                0x08009bac                ADC_DMAConvCplt
 .text.ADC_DMAHalfConvCplt
                0x08009c34        0xa build/debug/stm32g4xx_hal_adc.o
                0x08009c34                ADC_DMAHalfConvCplt
 .text.ADC_DMAError
                0x08009c3e       0x1a build/debug/stm32g4xx_hal_adc.o
                0x08009c3e                ADC_DMAError
 .text.HAL_ADC_Init
                0x08009c58      0x2ec build/debug/stm32g4xx_hal_adc.o
                0x08009c58                HAL_ADC_Init
 .text.HAL_ADC_ConfigChannel
                0x08009f44      0x4c0 build/debug/stm32g4xx_hal_adc.o
                0x08009f44                HAL_ADC_ConfigChannel
 .text.ADC_Enable
                0x0800a404       0xf8 build/debug/stm32g4xx_hal_adc.o
                0x0800a404                ADC_Enable
 .text.HAL_ADC_Start_DMA
                0x0800a4fc      0x140 build/debug/stm32g4xx_hal_adc.o
                0x0800a4fc                HAL_ADC_Start_DMA
 .text.HAL_ADCEx_InjectedConvCpltCallback
                0x0800a63c        0x2 build/debug/stm32g4xx_hal_adc_ex.o
                0x0800a63c                HAL_ADCEx_InjectedConvCpltCallback
 .text.HAL_ADCEx_InjectedQueueOverflowCallback
                0x0800a63e        0x2 build/debug/stm32g4xx_hal_adc_ex.o
                0x0800a63e                HAL_ADCEx_InjectedQueueOverflowCallback
 .text.HAL_ADCEx_LevelOutOfWindow2Callback
                0x0800a640        0x2 build/debug/stm32g4xx_hal_adc_ex.o
                0x0800a640                HAL_ADCEx_LevelOutOfWindow2Callback
 .text.HAL_ADCEx_LevelOutOfWindow3Callback
                0x0800a642        0x2 build/debug/stm32g4xx_hal_adc_ex.o
                0x0800a642                HAL_ADCEx_LevelOutOfWindow3Callback
 .text.HAL_ADCEx_EndOfSamplingCallback
                0x0800a644        0x2 build/debug/stm32g4xx_hal_adc_ex.o
                0x0800a644                HAL_ADCEx_EndOfSamplingCallback
 .text.CORDIC_WriteInDataIncrementPtr
                0x0800a646       0x24 build/debug/stm32g4xx_hal_cordic.o
 .text.CORDIC_ReadOutDataIncrementPtr
                0x0800a66a       0x24 build/debug/stm32g4xx_hal_cordic.o
 .text.HAL_CORDIC_Init
                0x0800a68e       0x30 build/debug/stm32g4xx_hal_cordic.o
                0x0800a68e                HAL_CORDIC_Init
 .text.HAL_CORDIC_CalculateCpltCallback
                0x0800a6be        0x2 build/debug/stm32g4xx_hal_cordic.o
                0x0800a6be                HAL_CORDIC_CalculateCpltCallback
 .text.HAL_CORDIC_IRQHandler
                0x0800a6c0       0x56 build/debug/stm32g4xx_hal_cordic.o
                0x0800a6c0                HAL_CORDIC_IRQHandler
 *fill*         0x0800a716        0x2 
 .text.__NVIC_EnableIRQ
                0x0800a718       0x1c build/debug/stm32g4xx_hal_cortex.o
 .text.__NVIC_SetPriority
                0x0800a734       0x28 build/debug/stm32g4xx_hal_cortex.o
 .text.NVIC_EncodePriority
                0x0800a75c       0x3e build/debug/stm32g4xx_hal_cortex.o
 *fill*         0x0800a79a        0x2 
 .text.__NVIC_SystemReset
                0x0800a79c       0x24 build/debug/stm32g4xx_hal_cortex.o
 .text.HAL_NVIC_SetPriorityGrouping
                0x0800a7c0       0x24 build/debug/stm32g4xx_hal_cortex.o
                0x0800a7c0                HAL_NVIC_SetPriorityGrouping
 .text.HAL_NVIC_SetPriority
                0x0800a7e4       0x20 build/debug/stm32g4xx_hal_cortex.o
                0x0800a7e4                HAL_NVIC_SetPriority
 .text.HAL_NVIC_EnableIRQ
                0x0800a804        0x8 build/debug/stm32g4xx_hal_cortex.o
                0x0800a804                HAL_NVIC_EnableIRQ
 .text.HAL_NVIC_SystemReset
                0x0800a80c        0x6 build/debug/stm32g4xx_hal_cortex.o
                0x0800a80c                HAL_NVIC_SystemReset
 .text.DMA_SetConfig
                0x0800a812       0x42 build/debug/stm32g4xx_hal_dma.o
 .text.DMA_CalcDMAMUXChannelBaseAndMask
                0x0800a854       0x58 build/debug/stm32g4xx_hal_dma.o
 .text.DMA_CalcDMAMUXRequestGenBaseAndMask
                0x0800a8ac       0x2c build/debug/stm32g4xx_hal_dma.o
 .text.HAL_DMA_Init
                0x0800a8d8       0xd8 build/debug/stm32g4xx_hal_dma.o
                0x0800a8d8                HAL_DMA_Init
 .text.HAL_DMA_Start_IT
                0x0800a9b0       0x92 build/debug/stm32g4xx_hal_dma.o
                0x0800a9b0                HAL_DMA_Start_IT
 .text.HAL_DMA_Abort
                0x0800aa42       0x72 build/debug/stm32g4xx_hal_dma.o
                0x0800aa42                HAL_DMA_Abort
 .text.HAL_DMA_Abort_IT
                0x0800aab4       0x7c build/debug/stm32g4xx_hal_dma.o
                0x0800aab4                HAL_DMA_Abort_IT
 .text.HAL_DMA_IRQHandler
                0x0800ab30       0xc4 build/debug/stm32g4xx_hal_dma.o
                0x0800ab30                HAL_DMA_IRQHandler
 .text.HAL_DMA_GetState
                0x0800abf4        0x6 build/debug/stm32g4xx_hal_dma.o
                0x0800abf4                HAL_DMA_GetState
 *fill*         0x0800abfa        0x2 
 .text.FDCAN_CalcultateRamBlockAddresses
                0x0800abfc       0x8c build/debug/stm32g4xx_hal_fdcan.o
 .text.FDCAN_CopyMessageToRAM
                0x0800ac88       0x88 build/debug/stm32g4xx_hal_fdcan.o
 .text.HAL_FDCAN_Init
                0x0800ad10      0x1d4 build/debug/stm32g4xx_hal_fdcan.o
                0x0800ad10                HAL_FDCAN_Init
 .text.HAL_FDCAN_ConfigFilter
                0x0800aee4       0x66 build/debug/stm32g4xx_hal_fdcan.o
                0x0800aee4                HAL_FDCAN_ConfigFilter
 .text.HAL_FDCAN_Start
                0x0800af4a       0x2c build/debug/stm32g4xx_hal_fdcan.o
                0x0800af4a                HAL_FDCAN_Start
 .text.HAL_FDCAN_AddMessageToTxFifoQ
                0x0800af76       0x50 build/debug/stm32g4xx_hal_fdcan.o
                0x0800af76                HAL_FDCAN_AddMessageToTxFifoQ
 *fill*         0x0800afc6        0x2 
 .text.HAL_FDCAN_GetRxMessage
                0x0800afc8      0x14c build/debug/stm32g4xx_hal_fdcan.o
                0x0800afc8                HAL_FDCAN_GetRxMessage
 .text.HAL_FDCAN_GetRxFifoFillLevel
                0x0800b114       0x1c build/debug/stm32g4xx_hal_fdcan.o
                0x0800b114                HAL_FDCAN_GetRxFifoFillLevel
 .text.HAL_FDCAN_TxEventFifoCallback
                0x0800b130        0x2 build/debug/stm32g4xx_hal_fdcan.o
                0x0800b130                HAL_FDCAN_TxEventFifoCallback
 .text.HAL_FDCAN_RxFifo0Callback
                0x0800b132        0x2 build/debug/stm32g4xx_hal_fdcan.o
                0x0800b132                HAL_FDCAN_RxFifo0Callback
 .text.HAL_FDCAN_RxFifo1Callback
                0x0800b134        0x2 build/debug/stm32g4xx_hal_fdcan.o
                0x0800b134                HAL_FDCAN_RxFifo1Callback
 .text.HAL_FDCAN_TxFifoEmptyCallback
                0x0800b136        0x2 build/debug/stm32g4xx_hal_fdcan.o
                0x0800b136                HAL_FDCAN_TxFifoEmptyCallback
 .text.HAL_FDCAN_TxBufferCompleteCallback
                0x0800b138        0x2 build/debug/stm32g4xx_hal_fdcan.o
                0x0800b138                HAL_FDCAN_TxBufferCompleteCallback
 .text.HAL_FDCAN_TxBufferAbortCallback
                0x0800b13a        0x2 build/debug/stm32g4xx_hal_fdcan.o
                0x0800b13a                HAL_FDCAN_TxBufferAbortCallback
 .text.HAL_FDCAN_TimestampWraparoundCallback
                0x0800b13c        0x2 build/debug/stm32g4xx_hal_fdcan.o
                0x0800b13c                HAL_FDCAN_TimestampWraparoundCallback
 .text.HAL_FDCAN_TimeoutOccurredCallback
                0x0800b13e        0x2 build/debug/stm32g4xx_hal_fdcan.o
                0x0800b13e                HAL_FDCAN_TimeoutOccurredCallback
 .text.HAL_FDCAN_HighPriorityMessageCallback
                0x0800b140        0x2 build/debug/stm32g4xx_hal_fdcan.o
                0x0800b140                HAL_FDCAN_HighPriorityMessageCallback
 .text.HAL_FDCAN_ErrorCallback
                0x0800b142        0x2 build/debug/stm32g4xx_hal_fdcan.o
                0x0800b142                HAL_FDCAN_ErrorCallback
 .text.HAL_FDCAN_ErrorStatusCallback
                0x0800b144        0x2 build/debug/stm32g4xx_hal_fdcan.o
                0x0800b144                HAL_FDCAN_ErrorStatusCallback
 .text.HAL_FDCAN_IRQHandler
                0x0800b146      0x188 build/debug/stm32g4xx_hal_fdcan.o
                0x0800b146                HAL_FDCAN_IRQHandler
 *fill*         0x0800b2ce        0x2 
 .text.HAL_GPIO_Init
                0x0800b2d0      0x1e0 build/debug/stm32g4xx_hal_gpio.o
                0x0800b2d0                HAL_GPIO_Init
 .text.HAL_GPIO_WritePin
                0x0800b4b0        0xa build/debug/stm32g4xx_hal_gpio.o
                0x0800b4b0                HAL_GPIO_WritePin
 .text.I2C_Flush_TXDR
                0x0800b4ba       0x22 build/debug/stm32g4xx_hal_i2c.o
 .text.I2C_TransferConfig
                0x0800b4dc       0x3c build/debug/stm32g4xx_hal_i2c.o
 .text.I2C_Disable_IRQ
                0x0800b518       0x6e build/debug/stm32g4xx_hal_i2c.o
 .text.I2C_IsErrorOccurred
                0x0800b586      0x114 build/debug/stm32g4xx_hal_i2c.o
 .text.I2C_WaitOnTXISFlagUntilTimeout
                0x0800b69a       0x60 build/debug/stm32g4xx_hal_i2c.o
 .text.I2C_WaitOnFlagUntilTimeout
                0x0800b6fa       0x7c build/debug/stm32g4xx_hal_i2c.o
 *fill*         0x0800b776        0x2 
 .text.I2C_RequestMemoryWrite
                0x0800b778       0x7c build/debug/stm32g4xx_hal_i2c.o
 .text.I2C_RequestMemoryRead
                0x0800b7f4       0x78 build/debug/stm32g4xx_hal_i2c.o
 .text.I2C_WaitOnSTOPFlagUntilTimeout
                0x0800b86c       0x5e build/debug/stm32g4xx_hal_i2c.o
 .text.HAL_I2C_Init
                0x0800b8ca       0xc8 build/debug/stm32g4xx_hal_i2c.o
                0x0800b8ca                HAL_I2C_Init
 .text.HAL_I2C_Mem_Write
                0x0800b992      0x1a6 build/debug/stm32g4xx_hal_i2c.o
                0x0800b992                HAL_I2C_Mem_Write
 .text.HAL_I2C_Mem_Read
                0x0800bb38      0x1ac build/debug/stm32g4xx_hal_i2c.o
                0x0800bb38                HAL_I2C_Mem_Read
 .text.HAL_I2C_IsDeviceReady
                0x0800bce4      0x14c build/debug/stm32g4xx_hal_i2c.o
                0x0800bce4                HAL_I2C_IsDeviceReady
 .text.HAL_I2C_EV_IRQHandler
                0x0800be30       0x10 build/debug/stm32g4xx_hal_i2c.o
                0x0800be30                HAL_I2C_EV_IRQHandler
 .text.HAL_I2C_SlaveTxCpltCallback
                0x0800be40        0x2 build/debug/stm32g4xx_hal_i2c.o
                0x0800be40                HAL_I2C_SlaveTxCpltCallback
 .text.HAL_I2C_SlaveRxCpltCallback
                0x0800be42        0x2 build/debug/stm32g4xx_hal_i2c.o
                0x0800be42                HAL_I2C_SlaveRxCpltCallback
 .text.I2C_ITSlaveSeqCplt
                0x0800be44       0x7e build/debug/stm32g4xx_hal_i2c.o
 .text.HAL_I2C_AddrCallback
                0x0800bec2        0x2 build/debug/stm32g4xx_hal_i2c.o
                0x0800bec2                HAL_I2C_AddrCallback
 .text.I2C_ITAddrCplt
                0x0800bec4       0xa0 build/debug/stm32g4xx_hal_i2c.o
 .text.HAL_I2C_ListenCpltCallback
                0x0800bf64        0x2 build/debug/stm32g4xx_hal_i2c.o
                0x0800bf64                HAL_I2C_ListenCpltCallback
 *fill*         0x0800bf66        0x2 
 .text.I2C_ITListenCplt
                0x0800bf68       0x68 build/debug/stm32g4xx_hal_i2c.o
 .text.HAL_I2C_ErrorCallback
                0x0800bfd0        0x2 build/debug/stm32g4xx_hal_i2c.o
                0x0800bfd0                HAL_I2C_ErrorCallback
 .text.HAL_I2C_AbortCpltCallback
                0x0800bfd2        0x2 build/debug/stm32g4xx_hal_i2c.o
                0x0800bfd2                HAL_I2C_AbortCpltCallback
 .text.I2C_TreatErrorCallback
                0x0800bfd4       0x2c build/debug/stm32g4xx_hal_i2c.o
 .text.I2C_ITError
                0x0800c000      0x130 build/debug/stm32g4xx_hal_i2c.o
 .text.I2C_ITSlaveCplt
                0x0800c130      0x1e8 build/debug/stm32g4xx_hal_i2c.o
 .text.I2C_Slave_ISR_IT
                0x0800c318      0x144 build/debug/stm32g4xx_hal_i2c.o
 .text.HAL_I2C_ER_IRQHandler
                0x0800c45c       0x6a build/debug/stm32g4xx_hal_i2c.o
                0x0800c45c                HAL_I2C_ER_IRQHandler
 .text.I2C_DMAAbort
                0x0800c4c6       0x1a build/debug/stm32g4xx_hal_i2c.o
 .text.HAL_I2CEx_ConfigAnalogFilter
                0x0800c4e0       0x5a build/debug/stm32g4xx_hal_i2c_ex.o
                0x0800c4e0                HAL_I2CEx_ConfigAnalogFilter
 .text.HAL_I2CEx_ConfigDigitalFilter
                0x0800c53a       0x56 build/debug/stm32g4xx_hal_i2c_ex.o
                0x0800c53a                HAL_I2CEx_ConfigDigitalFilter
 .text.HAL_I2CEx_EnableFastModePlus
                0x0800c590       0x2c build/debug/stm32g4xx_hal_i2c_ex.o
                0x0800c590                HAL_I2CEx_EnableFastModePlus
 .text.HAL_MspInit
                0x0800c5bc       0x44 build/debug/stm32g4xx_hal_msp.o
                0x0800c5bc                HAL_MspInit
 .text.HAL_PCD_EP_DB_Receive
                0x0800c600      0x118 build/debug/stm32g4xx_hal_pcd.o
 .text.HAL_PCD_Init
                0x0800c718       0xb6 build/debug/stm32g4xx_hal_pcd.o
                0x0800c718                HAL_PCD_Init
 .text.HAL_PCD_Start
                0x0800c7ce       0x2a build/debug/stm32g4xx_hal_pcd.o
                0x0800c7ce                HAL_PCD_Start
 .text.HAL_PCD_EP_DB_Transmit
                0x0800c7f8      0x472 build/debug/stm32g4xx_hal_pcd.o
 .text.PCD_EP_ISR_Handler
                0x0800cc6a      0x508 build/debug/stm32g4xx_hal_pcd.o
 .text.HAL_PCD_SetAddress
                0x0800d172       0x26 build/debug/stm32g4xx_hal_pcd.o
                0x0800d172                HAL_PCD_SetAddress
 .text.HAL_PCD_IRQHandler
                0x0800d198      0x1b2 build/debug/stm32g4xx_hal_pcd.o
                0x0800d198                HAL_PCD_IRQHandler
 .text.HAL_PCD_EP_Open
                0x0800d34a       0x86 build/debug/stm32g4xx_hal_pcd.o
                0x0800d34a                HAL_PCD_EP_Open
 .text.HAL_PCD_EP_Close
                0x0800d3d0       0x6c build/debug/stm32g4xx_hal_pcd.o
                0x0800d3d0                HAL_PCD_EP_Close
 .text.HAL_PCD_EP_Receive
                0x0800d43c       0x3a build/debug/stm32g4xx_hal_pcd.o
                0x0800d43c                HAL_PCD_EP_Receive
 .text.HAL_PCD_EP_GetRxCount
                0x0800d476       0x12 build/debug/stm32g4xx_hal_pcd.o
                0x0800d476                HAL_PCD_EP_GetRxCount
 .text.HAL_PCD_EP_Transmit
                0x0800d488       0x4c build/debug/stm32g4xx_hal_pcd.o
                0x0800d488                HAL_PCD_EP_Transmit
 .text.HAL_PCD_EP_SetStall
                0x0800d4d4       0x72 build/debug/stm32g4xx_hal_pcd.o
                0x0800d4d4                HAL_PCD_EP_SetStall
 .text.HAL_PCD_EP_ClrStall
                0x0800d546       0x7e build/debug/stm32g4xx_hal_pcd.o
                0x0800d546                HAL_PCD_EP_ClrStall
 .text.HAL_PCDEx_PMAConfig
                0x0800d5c4       0x38 build/debug/stm32g4xx_hal_pcd_ex.o
                0x0800d5c4                HAL_PCDEx_PMAConfig
 .text.HAL_PCDEx_ActivateLPM
                0x0800d5fc       0x2c build/debug/stm32g4xx_hal_pcd_ex.o
                0x0800d5fc                HAL_PCDEx_ActivateLPM
 .text.HAL_PWREx_ControlVoltageScaling
                0x0800d628      0x10c build/debug/stm32g4xx_hal_pwr_ex.o
                0x0800d628                HAL_PWREx_ControlVoltageScaling
 .text.HAL_PWREx_DisableUCPDDeadBattery
                0x0800d734       0x10 build/debug/stm32g4xx_hal_pwr_ex.o
                0x0800d734                HAL_PWREx_DisableUCPDDeadBattery
 .text.RCC_GetSysClockFreqFromPLLSource
                0x0800d744       0x54 build/debug/stm32g4xx_hal_rcc.o
 .text.HAL_RCC_OscConfig
                0x0800d798      0x4e4 build/debug/stm32g4xx_hal_rcc.o
                0x0800d798                HAL_RCC_OscConfig
 .text.HAL_RCC_GetSysClockFreq
                0x0800dc7c       0x84 build/debug/stm32g4xx_hal_rcc.o
                0x0800dc7c                HAL_RCC_GetSysClockFreq
 .text.HAL_RCC_ClockConfig
                0x0800dd00      0x1f8 build/debug/stm32g4xx_hal_rcc.o
                0x0800dd00                HAL_RCC_ClockConfig
 .text.HAL_RCC_GetHCLKFreq
                0x0800def8        0xc build/debug/stm32g4xx_hal_rcc.o
                0x0800def8                HAL_RCC_GetHCLKFreq
 .text.HAL_RCC_GetPCLK1Freq
                0x0800df04       0x24 build/debug/stm32g4xx_hal_rcc.o
                0x0800df04                HAL_RCC_GetPCLK1Freq
 .text.HAL_RCC_GetPCLK2Freq
                0x0800df28       0x24 build/debug/stm32g4xx_hal_rcc.o
                0x0800df28                HAL_RCC_GetPCLK2Freq
 .text.HAL_RCC_GetClockConfig
                0x0800df4c       0x3c build/debug/stm32g4xx_hal_rcc.o
                0x0800df4c                HAL_RCC_GetClockConfig
 .text.HAL_RCCEx_PeriphCLKConfig
                0x0800df88      0x378 build/debug/stm32g4xx_hal_rcc_ex.o
                0x0800df88                HAL_RCCEx_PeriphCLKConfig
 .text.SPI_WaitFlagStateUntilTimeout
                0x0800e300       0xc8 build/debug/stm32g4xx_hal_spi.o
 .text.SPI_WaitFifoStateUntilTimeout
                0x0800e3c8       0xf0 build/debug/stm32g4xx_hal_spi.o
 .text.SPI_EndRxTxTransaction
                0x0800e4b8       0x62 build/debug/stm32g4xx_hal_spi.o
 .text.SPI_EndRxTransaction
                0x0800e51a       0x82 build/debug/stm32g4xx_hal_spi.o
 .text.HAL_SPI_Init
                0x0800e59c       0xe8 build/debug/stm32g4xx_hal_spi.o
                0x0800e59c                HAL_SPI_Init
 .text.HAL_SPI_Transmit
                0x0800e684      0x20a build/debug/stm32g4xx_hal_spi.o
                0x0800e684                HAL_SPI_Transmit
 .text.HAL_SPI_TransmitReceive
                0x0800e88e      0x2fc build/debug/stm32g4xx_hal_spi.o
                0x0800e88e                HAL_SPI_TransmitReceive
 .text.HAL_SPI_Receive
                0x0800eb8a      0x1b0 build/debug/stm32g4xx_hal_spi.o
                0x0800eb8a                HAL_SPI_Receive
 .text.HAL_SPI_ErrorCallback
                0x0800ed3a        0x2 build/debug/stm32g4xx_hal_spi.o
                0x0800ed3a                HAL_SPI_ErrorCallback
 .text.HAL_SPI_IRQHandler
                0x0800ed3c      0x124 build/debug/stm32g4xx_hal_spi.o
                0x0800ed3c                HAL_SPI_IRQHandler
 .text.SPI_DMAAbortOnError
                0x0800ee60       0x12 build/debug/stm32g4xx_hal_spi.o
 .text.HAL_TIM_PeriodElapsedHalfCpltCallback
                0x0800ee72        0x2 build/debug/stm32g4xx_hal_tim.o
                0x0800ee72                HAL_TIM_PeriodElapsedHalfCpltCallback
 .text.HAL_TIM_OC_DelayElapsedCallback
                0x0800ee74        0x2 build/debug/stm32g4xx_hal_tim.o
                0x0800ee74                HAL_TIM_OC_DelayElapsedCallback
 .text.HAL_TIM_IC_CaptureCallback
                0x0800ee76        0x2 build/debug/stm32g4xx_hal_tim.o
                0x0800ee76                HAL_TIM_IC_CaptureCallback
 .text.HAL_TIM_IC_CaptureHalfCpltCallback
                0x0800ee78        0x2 build/debug/stm32g4xx_hal_tim.o
                0x0800ee78                HAL_TIM_IC_CaptureHalfCpltCallback
 .text.HAL_TIM_PWM_PulseFinishedCallback
                0x0800ee7a        0x2 build/debug/stm32g4xx_hal_tim.o
                0x0800ee7a                HAL_TIM_PWM_PulseFinishedCallback
 .text.HAL_TIM_PWM_PulseFinishedHalfCpltCallback
                0x0800ee7c        0x2 build/debug/stm32g4xx_hal_tim.o
                0x0800ee7c                HAL_TIM_PWM_PulseFinishedHalfCpltCallback
 .text.HAL_TIM_TriggerCallback
                0x0800ee7e        0x2 build/debug/stm32g4xx_hal_tim.o
                0x0800ee7e                HAL_TIM_TriggerCallback
 .text.HAL_TIM_TriggerHalfCpltCallback
                0x0800ee80        0x2 build/debug/stm32g4xx_hal_tim.o
                0x0800ee80                HAL_TIM_TriggerHalfCpltCallback
 .text.HAL_TIM_ErrorCallback
                0x0800ee82        0x2 build/debug/stm32g4xx_hal_tim.o
                0x0800ee82                HAL_TIM_ErrorCallback
 .text.TIM_OC1_SetConfig
                0x0800ee84       0xb0 build/debug/stm32g4xx_hal_tim.o
 .text.TIM_OC3_SetConfig
                0x0800ef34       0xa0 build/debug/stm32g4xx_hal_tim.o
 .text.TIM_OC4_SetConfig
                0x0800efd4       0xa0 build/debug/stm32g4xx_hal_tim.o
 .text.TIM_OC5_SetConfig
                0x0800f074       0x70 build/debug/stm32g4xx_hal_tim.o
 .text.TIM_OC6_SetConfig
                0x0800f0e4       0x74 build/debug/stm32g4xx_hal_tim.o
 .text.TIM_TI1_ConfigInputStage
                0x0800f158       0x60 build/debug/stm32g4xx_hal_tim.o
 .text.TIM_TI2_ConfigInputStage
                0x0800f1b8       0x4c build/debug/stm32g4xx_hal_tim.o
 .text.TIM_ITRx_SetConfig
                0x0800f204       0x14 build/debug/stm32g4xx_hal_tim.o
 .text.HAL_TIM_Base_Start_IT
                0x0800f218       0x94 build/debug/stm32g4xx_hal_tim.o
                0x0800f218                HAL_TIM_Base_Start_IT
 .text.HAL_TIM_IRQHandler
                0x0800f2ac      0x20a build/debug/stm32g4xx_hal_tim.o
                0x0800f2ac                HAL_TIM_IRQHandler
 *fill*         0x0800f4b6        0x2 
 .text.TIM_Base_SetConfig
                0x0800f4b8       0xe8 build/debug/stm32g4xx_hal_tim.o
                0x0800f4b8                TIM_Base_SetConfig
 .text.TIM_OC2_SetConfig
                0x0800f5a0       0xa0 build/debug/stm32g4xx_hal_tim.o
                0x0800f5a0                TIM_OC2_SetConfig
 .text.HAL_TIM_PWM_ConfigChannel
                0x0800f640      0x13a build/debug/stm32g4xx_hal_tim.o
                0x0800f640                HAL_TIM_PWM_ConfigChannel
 .text.TIM_ETR_SetConfig
                0x0800f77a       0x1a build/debug/stm32g4xx_hal_tim.o
                0x0800f77a                TIM_ETR_SetConfig
 .text.HAL_TIM_ConfigClockSource
                0x0800f794      0x154 build/debug/stm32g4xx_hal_tim.o
                0x0800f794                HAL_TIM_ConfigClockSource
 .text.TIM_CCxChannelCmd
                0x0800f8e8       0x1e build/debug/stm32g4xx_hal_tim.o
                0x0800f8e8                TIM_CCxChannelCmd
 *fill*         0x0800f906        0x2 
 .text.HAL_TIM_OC_Start_IT
                0x0800f908      0x1d8 build/debug/stm32g4xx_hal_tim.o
                0x0800f908                HAL_TIM_OC_Start_IT
 .text.HAL_TIM_PWM_Start
                0x0800fae0      0x16c build/debug/stm32g4xx_hal_tim.o
                0x0800fae0                HAL_TIM_PWM_Start
 .text.HAL_TIM_PWM_Stop
                0x0800fc4c       0xcc build/debug/stm32g4xx_hal_tim.o
                0x0800fc4c                HAL_TIM_PWM_Stop
 .text.TIM_ResetCallback
                0x0800fd18       0xb8 build/debug/stm32g4xx_hal_tim.o
                0x0800fd18                TIM_ResetCallback
 .text.HAL_TIM_Base_Init
                0x0800fdd0       0x74 build/debug/stm32g4xx_hal_tim.o
                0x0800fdd0                HAL_TIM_Base_Init
 .text.HAL_TIM_PWM_Init
                0x0800fe44       0x74 build/debug/stm32g4xx_hal_tim.o
                0x0800fe44                HAL_TIM_PWM_Init
 .text.TIM_CCxNChannelCmd
                0x0800feb8       0x1e build/debug/stm32g4xx_hal_tim_ex.o
 *fill*         0x0800fed6        0x2 
 .text.HAL_TIMEx_PWMN_Start
                0x0800fed8       0xfc build/debug/stm32g4xx_hal_tim_ex.o
                0x0800fed8                HAL_TIMEx_PWMN_Start
 .text.HAL_TIMEx_PWMN_Stop
                0x0800ffd4       0x7a build/debug/stm32g4xx_hal_tim_ex.o
                0x0800ffd4                HAL_TIMEx_PWMN_Stop
 *fill*         0x0801004e        0x2 
 .text.HAL_TIMEx_MasterConfigSynchronization
                0x08010050       0xac build/debug/stm32g4xx_hal_tim_ex.o
                0x08010050                HAL_TIMEx_MasterConfigSynchronization
 .text.HAL_TIMEx_ConfigBreakDeadTime
                0x080100fc       0xa8 build/debug/stm32g4xx_hal_tim_ex.o
                0x080100fc                HAL_TIMEx_ConfigBreakDeadTime
 .text.HAL_TIMEx_EnableDeadTimePreload
                0x080101a4        0xe build/debug/stm32g4xx_hal_tim_ex.o
                0x080101a4                HAL_TIMEx_EnableDeadTimePreload
 .text.HAL_TIMEx_CommutCallback
                0x080101b2        0x2 build/debug/stm32g4xx_hal_tim_ex.o
                0x080101b2                HAL_TIMEx_CommutCallback
 .text.HAL_TIMEx_CommutHalfCpltCallback
                0x080101b4        0x2 build/debug/stm32g4xx_hal_tim_ex.o
                0x080101b4                HAL_TIMEx_CommutHalfCpltCallback
 .text.HAL_TIMEx_BreakCallback
                0x080101b6        0x2 build/debug/stm32g4xx_hal_tim_ex.o
                0x080101b6                HAL_TIMEx_BreakCallback
 .text.HAL_TIMEx_Break2Callback
                0x080101b8        0x2 build/debug/stm32g4xx_hal_tim_ex.o
                0x080101b8                HAL_TIMEx_Break2Callback
 .text.HAL_TIMEx_EncoderIndexCallback
                0x080101ba        0x2 build/debug/stm32g4xx_hal_tim_ex.o
                0x080101ba                HAL_TIMEx_EncoderIndexCallback
 .text.HAL_TIMEx_DirectionChangeCallback
                0x080101bc        0x2 build/debug/stm32g4xx_hal_tim_ex.o
                0x080101bc                HAL_TIMEx_DirectionChangeCallback
 .text.HAL_TIMEx_IndexErrorCallback
                0x080101be        0x2 build/debug/stm32g4xx_hal_tim_ex.o
                0x080101be                HAL_TIMEx_IndexErrorCallback
 .text.HAL_TIMEx_TransitionErrorCallback
                0x080101c0        0x2 build/debug/stm32g4xx_hal_tim_ex.o
                0x080101c0                HAL_TIMEx_TransitionErrorCallback
 *fill*         0x080101c2        0x2 
 .text.HAL_InitTick
                0x080101c4       0x90 build/debug/stm32g4xx_hal_timebase_tim.o
                0x080101c4                HAL_InitTick
 .text.HAL_UART_TxCpltCallback
                0x08010254        0x2 build/debug/stm32g4xx_hal_uart.o
                0x08010254                HAL_UART_TxCpltCallback
 .text.HAL_UART_TxHalfCpltCallback
                0x08010256        0x2 build/debug/stm32g4xx_hal_uart.o
                0x08010256                HAL_UART_TxHalfCpltCallback
 .text.HAL_UART_RxCpltCallback
                0x08010258        0x2 build/debug/stm32g4xx_hal_uart.o
                0x08010258                HAL_UART_RxCpltCallback
 .text.HAL_UART_RxHalfCpltCallback
                0x0801025a        0x2 build/debug/stm32g4xx_hal_uart.o
                0x0801025a                HAL_UART_RxHalfCpltCallback
 .text.HAL_UART_ErrorCallback
                0x0801025c        0x2 build/debug/stm32g4xx_hal_uart.o
                0x0801025c                HAL_UART_ErrorCallback
 .text.HAL_UART_AbortCpltCallback
                0x0801025e        0x2 build/debug/stm32g4xx_hal_uart.o
                0x0801025e                HAL_UART_AbortCpltCallback
 .text.HAL_UART_AbortTransmitCpltCallback
                0x08010260        0x2 build/debug/stm32g4xx_hal_uart.o
                0x08010260                HAL_UART_AbortTransmitCpltCallback
 .text.HAL_UART_AbortReceiveCpltCallback
                0x08010262        0x2 build/debug/stm32g4xx_hal_uart.o
                0x08010262                HAL_UART_AbortReceiveCpltCallback
 .text.HAL_UARTEx_RxEventCallback
                0x08010264        0x2 build/debug/stm32g4xx_hal_uart.o
                0x08010264                HAL_UARTEx_RxEventCallback
 .text.UART_EndTxTransfer
                0x08010266       0x32 build/debug/stm32g4xx_hal_uart.o
 .text.UART_EndRxTransfer
                0x08010298       0x56 build/debug/stm32g4xx_hal_uart.o
 .text.UART_DMATransmitCplt
                0x080102ee       0x4a build/debug/stm32g4xx_hal_uart.o
 .text.UART_DMATxHalfCplt
                0x08010338        0xc build/debug/stm32g4xx_hal_uart.o
 .text.UART_DMAReceiveCplt
                0x08010344       0xb8 build/debug/stm32g4xx_hal_uart.o
 .text.UART_DMARxHalfCplt
                0x080103fc       0x42 build/debug/stm32g4xx_hal_uart.o
 .text.UART_DMAError
                0x0801043e       0x4e build/debug/stm32g4xx_hal_uart.o
 .text.UART_DMAAbortOnError
                0x0801048c        0xc build/debug/stm32g4xx_hal_uart.o
 .text.UART_TxISR_8BIT
                0x08010498       0x56 build/debug/stm32g4xx_hal_uart.o
 .text.UART_TxISR_16BIT
                0x080104ee       0x5a build/debug/stm32g4xx_hal_uart.o
 .text.UART_TxISR_8BIT_FIFOEN
                0x08010548       0x74 build/debug/stm32g4xx_hal_uart.o
 .text.UART_TxISR_16BIT_FIFOEN
                0x080105bc       0x78 build/debug/stm32g4xx_hal_uart.o
 .text.UART_EndTransmit_IT
                0x08010634       0x26 build/debug/stm32g4xx_hal_uart.o
 *fill*         0x0801065a        0x2 
 .text.UART_RxISR_8BIT
                0x0801065c       0xe0 build/debug/stm32g4xx_hal_uart.o
 .text.UART_RxISR_16BIT
                0x0801073c       0xdc build/debug/stm32g4xx_hal_uart.o
 .text.UART_RxISR_8BIT_FIFOEN
                0x08010818      0x1c8 build/debug/stm32g4xx_hal_uart.o
 .text.UART_RxISR_16BIT_FIFOEN
                0x080109e0      0x1c4 build/debug/stm32g4xx_hal_uart.o
 .text.HAL_UART_RegisterCallback
                0x08010ba4       0xee build/debug/stm32g4xx_hal_uart.o
                0x08010ba4                HAL_UART_RegisterCallback
 .text.HAL_UART_RegisterRxEventCallback
                0x08010c92       0x32 build/debug/stm32g4xx_hal_uart.o
                0x08010c92                HAL_UART_RegisterRxEventCallback
 .text.HAL_UART_Transmit_IT
                0x08010cc4       0xac build/debug/stm32g4xx_hal_uart.o
                0x08010cc4                HAL_UART_Transmit_IT
 .text.HAL_UART_Transmit_DMA
                0x08010d70       0xa0 build/debug/stm32g4xx_hal_uart.o
                0x08010d70                HAL_UART_Transmit_DMA
 .text.HAL_UART_IRQHandler
                0x08010e10      0x374 build/debug/stm32g4xx_hal_uart.o
                0x08010e10                HAL_UART_IRQHandler
 .text.UART_InitCallbacksToDefault
                0x08011184       0x7c build/debug/stm32g4xx_hal_uart.o
                0x08011184                UART_InitCallbacksToDefault
 .text.UART_SetConfig
                0x08011200      0x380 build/debug/stm32g4xx_hal_uart.o
                0x08011200                UART_SetConfig
 .text.UART_AdvFeatureConfig
                0x08011580       0xca build/debug/stm32g4xx_hal_uart.o
                0x08011580                UART_AdvFeatureConfig
 .text.UART_WaitOnFlagUntilTimeout
                0x0801164a       0x9e build/debug/stm32g4xx_hal_uart.o
                0x0801164a                UART_WaitOnFlagUntilTimeout
 .text.UART_CheckIdleState
                0x080116e8       0xca build/debug/stm32g4xx_hal_uart.o
                0x080116e8                UART_CheckIdleState
 *fill*         0x080117b2        0x2 
 .text.HAL_UART_Init
                0x080117b4       0x84 build/debug/stm32g4xx_hal_uart.o
                0x080117b4                HAL_UART_Init
 .text.UART_Start_Receive_IT
                0x08011838      0x13c build/debug/stm32g4xx_hal_uart.o
                0x08011838                UART_Start_Receive_IT
 .text.UART_Start_Receive_DMA
                0x08011974       0xb0 build/debug/stm32g4xx_hal_uart.o
                0x08011974                UART_Start_Receive_DMA
 .text.UARTEx_SetNbDataToProcess
                0x08011a24       0x4c build/debug/stm32g4xx_hal_uart_ex.o
 .text.HAL_RS485Ex_Init
                0x08011a70       0x9c build/debug/stm32g4xx_hal_uart_ex.o
                0x08011a70                HAL_RS485Ex_Init
 .text.HAL_UARTEx_WakeupCallback
                0x08011b0c        0x2 build/debug/stm32g4xx_hal_uart_ex.o
                0x08011b0c                HAL_UARTEx_WakeupCallback
 .text.HAL_UARTEx_RxFifoFullCallback
                0x08011b0e        0x2 build/debug/stm32g4xx_hal_uart_ex.o
                0x08011b0e                HAL_UARTEx_RxFifoFullCallback
 .text.HAL_UARTEx_TxFifoEmptyCallback
                0x08011b10        0x2 build/debug/stm32g4xx_hal_uart_ex.o
                0x08011b10                HAL_UARTEx_TxFifoEmptyCallback
 .text.HAL_UARTEx_DisableFifoMode
                0x08011b12       0x3e build/debug/stm32g4xx_hal_uart_ex.o
                0x08011b12                HAL_UARTEx_DisableFifoMode
 .text.HAL_UARTEx_SetTxFifoThreshold
                0x08011b50       0x4a build/debug/stm32g4xx_hal_uart_ex.o
                0x08011b50                HAL_UARTEx_SetTxFifoThreshold
 .text.HAL_UARTEx_SetRxFifoThreshold
                0x08011b9a       0x4a build/debug/stm32g4xx_hal_uart_ex.o
                0x08011b9a                HAL_UARTEx_SetRxFifoThreshold
 .text.HAL_UARTEx_ReceiveToIdle_IT
                0x08011be4       0x4e build/debug/stm32g4xx_hal_uart_ex.o
                0x08011be4                HAL_UARTEx_ReceiveToIdle_IT
 .text.HAL_UARTEx_ReceiveToIdle_DMA
                0x08011c32       0x50 build/debug/stm32g4xx_hal_uart_ex.o
                0x08011c32                HAL_UARTEx_ReceiveToIdle_DMA
 .text.NMI_Handler
                0x08011c82        0x2 build/debug/stm32g4xx_it.o
                0x08011c82                NMI_Handler
 .text.HardFault_Handler
                0x08011c84        0x2 build/debug/stm32g4xx_it.o
                0x08011c84                HardFault_Handler
 .text.MemManage_Handler
                0x08011c86        0x2 build/debug/stm32g4xx_it.o
                0x08011c86                MemManage_Handler
 .text.BusFault_Handler
                0x08011c88        0x2 build/debug/stm32g4xx_it.o
                0x08011c88                BusFault_Handler
 .text.UsageFault_Handler
                0x08011c8a        0x2 build/debug/stm32g4xx_it.o
                0x08011c8a                UsageFault_Handler
 .text.DebugMon_Handler
                0x08011c8c        0x2 build/debug/stm32g4xx_it.o
                0x08011c8c                DebugMon_Handler
 *fill*         0x08011c8e        0x2 
 .text.DMA1_Channel1_IRQHandler
                0x08011c90       0x10 build/debug/stm32g4xx_it.o
                0x08011c90                DMA1_Channel1_IRQHandler
 .text.DMA1_Channel2_IRQHandler
                0x08011ca0       0x10 build/debug/stm32g4xx_it.o
                0x08011ca0                DMA1_Channel2_IRQHandler
 .text.DMA1_Channel3_IRQHandler
                0x08011cb0       0x10 build/debug/stm32g4xx_it.o
                0x08011cb0                DMA1_Channel3_IRQHandler
 .text.DMA1_Channel4_IRQHandler
                0x08011cc0       0x10 build/debug/stm32g4xx_it.o
                0x08011cc0                DMA1_Channel4_IRQHandler
 .text.DMA1_Channel5_IRQHandler
                0x08011cd0       0x10 build/debug/stm32g4xx_it.o
                0x08011cd0                DMA1_Channel5_IRQHandler
 .text.DMA1_Channel6_IRQHandler
                0x08011ce0       0x10 build/debug/stm32g4xx_it.o
                0x08011ce0                DMA1_Channel6_IRQHandler
 .text.DMA1_Channel7_IRQHandler
                0x08011cf0       0x10 build/debug/stm32g4xx_it.o
                0x08011cf0                DMA1_Channel7_IRQHandler
 .text.USB_HP_IRQHandler
                0x08011d00       0x10 build/debug/stm32g4xx_it.o
                0x08011d00                USB_HP_IRQHandler
 .text.USB_LP_IRQHandler
                0x08011d10       0x10 build/debug/stm32g4xx_it.o
                0x08011d10                USB_LP_IRQHandler
 .text.TIM1_BRK_TIM15_IRQHandler
                0x08011d20       0x10 build/debug/stm32g4xx_it.o
                0x08011d20                TIM1_BRK_TIM15_IRQHandler
 .text.TIM3_IRQHandler
                0x08011d30       0x10 build/debug/stm32g4xx_it.o
                0x08011d30                TIM3_IRQHandler
 .text.I2C1_EV_IRQHandler
                0x08011d40       0x10 build/debug/stm32g4xx_it.o
                0x08011d40                I2C1_EV_IRQHandler
 .text.I2C1_ER_IRQHandler
                0x08011d50       0x10 build/debug/stm32g4xx_it.o
                0x08011d50                I2C1_ER_IRQHandler
 .text.USART1_IRQHandler
                0x08011d60       0x10 build/debug/stm32g4xx_it.o
                0x08011d60                USART1_IRQHandler
 .text.USART2_IRQHandler
                0x08011d70       0x10 build/debug/stm32g4xx_it.o
                0x08011d70                USART2_IRQHandler
 .text.USART3_IRQHandler
                0x08011d80       0x10 build/debug/stm32g4xx_it.o
                0x08011d80                USART3_IRQHandler
 .text.TIM5_IRQHandler
                0x08011d90       0x10 build/debug/stm32g4xx_it.o
                0x08011d90                TIM5_IRQHandler
 .text.SPI3_IRQHandler
                0x08011da0       0x10 build/debug/stm32g4xx_it.o
                0x08011da0                SPI3_IRQHandler
 .text.TIM20_UP_IRQHandler
                0x08011db0       0x10 build/debug/stm32g4xx_it.o
                0x08011db0                TIM20_UP_IRQHandler
 .text.FDCAN2_IT0_IRQHandler
                0x08011dc0       0x10 build/debug/stm32g4xx_it.o
                0x08011dc0                FDCAN2_IT0_IRQHandler
 .text.FDCAN2_IT1_IRQHandler
                0x08011dd0       0x10 build/debug/stm32g4xx_it.o
                0x08011dd0                FDCAN2_IT1_IRQHandler
 .text.CORDIC_IRQHandler
                0x08011de0       0x10 build/debug/stm32g4xx_it.o
                0x08011de0                CORDIC_IRQHandler
 .text.USB_EnableGlobalInt
                0x08011df0       0x12 build/debug/stm32g4xx_ll_usb.o
                0x08011df0                USB_EnableGlobalInt
 .text.USB_DisableGlobalInt
                0x08011e02       0x14 build/debug/stm32g4xx_ll_usb.o
                0x08011e02                USB_DisableGlobalInt
 .text.USB_DevInit
                0x08011e16       0x22 build/debug/stm32g4xx_ll_usb.o
                0x08011e16                USB_DevInit
 .text.USB_ActivateEndpoint
                0x08011e38      0x51a build/debug/stm32g4xx_ll_usb.o
                0x08011e38                USB_ActivateEndpoint
 .text.USB_DeactivateEndpoint
                0x08012352      0x1d6 build/debug/stm32g4xx_ll_usb.o
                0x08012352                USB_DeactivateEndpoint
 .text.USB_EPSetStall
                0x08012528       0x4a build/debug/stm32g4xx_ll_usb.o
                0x08012528                USB_EPSetStall
 .text.USB_EPClearStall
                0x08012572       0x9c build/debug/stm32g4xx_ll_usb.o
                0x08012572                USB_EPClearStall
 .text.USB_SetDevAddress
                0x0801260e        0xc build/debug/stm32g4xx_ll_usb.o
                0x0801260e                USB_SetDevAddress
 .text.USB_DevConnect
                0x0801261a       0x16 build/debug/stm32g4xx_ll_usb.o
                0x0801261a                USB_DevConnect
 .text.USB_ReadInterrupts
                0x08012630        0x8 build/debug/stm32g4xx_ll_usb.o
                0x08012630                USB_ReadInterrupts
 .text.USB_WritePMA
                0x08012638       0x24 build/debug/stm32g4xx_ll_usb.o
                0x08012638                USB_WritePMA
 .text.USB_EPStartXfer
                0x0801265c      0x58a build/debug/stm32g4xx_ll_usb.o
                0x0801265c                USB_EPStartXfer
 .text.USB_ReadPMA
                0x08012be6       0x30 build/debug/stm32g4xx_ll_usb.o
                0x08012be6                USB_ReadPMA
 .text._getpid  0x08012c16        0x4 build/debug/syscalls.o
                0x08012c16                _getpid
 .text._kill    0x08012c1a       0x10 build/debug/syscalls.o
                0x08012c1a                _kill
 .text._exit    0x08012c2a        0xc build/debug/syscalls.o
                0x08012c2a                _exit
 .text._read    0x08012c36       0x20 build/debug/syscalls.o
                0x08012c36                _read
 .text._write   0x08012c56       0x1c build/debug/syscalls.o
                0x08012c56                _write
 .text._close   0x08012c72        0x6 build/debug/syscalls.o
                0x08012c72                _close
 .text._fstat   0x08012c78        0xa build/debug/syscalls.o
                0x08012c78                _fstat
 .text._isatty  0x08012c82        0x4 build/debug/syscalls.o
                0x08012c82                _isatty
 .text._lseek   0x08012c86        0x4 build/debug/syscalls.o
                0x08012c86                _lseek
 *fill*         0x08012c8a        0x2 
 .text._sbrk    0x08012c8c       0x48 build/debug/sysmem.o
                0x08012c8c                _sbrk
 .text.SystemInit
                0x08012cd4       0x14 build/debug/system_stm32g4xx.o
                0x08012cd4                SystemInit
 .text.prvTaskIsTaskSuspended
                0x08012ce8       0x40 build/debug/tasks.o
 .text.prvTaskCheckFreeStackSpace
                0x08012d28       0x14 build/debug/tasks.o
 .text.prvResetNextTaskUnblockTime
                0x08012d3c       0x2c build/debug/tasks.o
 .text.prvInitialiseNewTask
                0x08012d68       0xa2 build/debug/tasks.o
 *fill*         0x08012e0a        0x2 
 .text.prvInitialiseTaskLists
                0x08012e0c       0x68 build/debug/tasks.o
 .text.prvAddNewTaskToReadyList
                0x08012e74       0xac build/debug/tasks.o
 .text.prvDeleteTCB
                0x08012f20       0x38 build/debug/tasks.o
 .text.prvCheckTasksWaitingTermination
                0x08012f58       0x4c build/debug/tasks.o
 .text.prvIdleTask
                0x08012fa4       0x28 build/debug/tasks.o
 .text.prvAddCurrentTaskToDelayedList
                0x08012fcc       0x7c build/debug/tasks.o
 .text.xTaskCreateStatic
                0x08013048       0x76 build/debug/tasks.o
                0x08013048                xTaskCreateStatic
 .text.xTaskCreate
                0x080130be       0x64 build/debug/tasks.o
                0x080130be                xTaskCreate
 *fill*         0x08013122        0x2 
 .text.vTaskDelete
                0x08013124       0xb8 build/debug/tasks.o
                0x08013124                vTaskDelete
 .text.vTaskResume
                0x080131dc       0x88 build/debug/tasks.o
                0x080131dc                vTaskResume
 .text.vTaskStartScheduler
                0x08013264       0x98 build/debug/tasks.o
                0x08013264                vTaskStartScheduler
 .text.vTaskSuspendAll
                0x080132fc       0x10 build/debug/tasks.o
                0x080132fc                vTaskSuspendAll
 .text.xTaskGetTickCount
                0x0801330c        0xc build/debug/tasks.o
                0x0801330c                xTaskGetTickCount
 .text.xTaskIncrementTick
                0x08013318      0x118 build/debug/tasks.o
                0x08013318                xTaskIncrementTick
 .text.xTaskResumeAll
                0x08013430       0xf8 build/debug/tasks.o
                0x08013430                xTaskResumeAll
 .text.vTaskDelay
                0x08013528       0x4c build/debug/tasks.o
                0x08013528                vTaskDelay
 .text.vTaskSwitchContext
                0x08013574       0x98 build/debug/tasks.o
                0x08013574                vTaskSwitchContext
 .text.vTaskSuspend
                0x0801360c       0xc0 build/debug/tasks.o
                0x0801360c                vTaskSuspend
 .text.vTaskPlaceOnEventList
                0x080136cc       0x30 build/debug/tasks.o
                0x080136cc                vTaskPlaceOnEventList
 .text.vTaskPlaceOnEventListRestricted
                0x080136fc       0x38 build/debug/tasks.o
                0x080136fc                vTaskPlaceOnEventListRestricted
 .text.xTaskRemoveFromEventList
                0x08013734       0x8c build/debug/tasks.o
                0x08013734                xTaskRemoveFromEventList
 .text.vTaskInternalSetTimeOutState
                0x080137c0       0x18 build/debug/tasks.o
                0x080137c0                vTaskInternalSetTimeOutState
 .text.xTaskCheckForTimeOut
                0x080137d8       0x88 build/debug/tasks.o
                0x080137d8                xTaskCheckForTimeOut
 .text.vTaskMissedYield
                0x08013860        0xc build/debug/tasks.o
                0x08013860                vTaskMissedYield
 .text.uxTaskGetStackHighWaterMark
                0x0801386c       0x18 build/debug/tasks.o
                0x0801386c                uxTaskGetStackHighWaterMark
 .text.xTaskGetCurrentTaskHandle
                0x08013884        0xc build/debug/tasks.o
                0x08013884                xTaskGetCurrentTaskHandle
 .text.xTaskGetSchedulerState
                0x08013890       0x20 build/debug/tasks.o
                0x08013890                xTaskGetSchedulerState
 .text.xTaskPriorityInherit
                0x080138b0       0x98 build/debug/tasks.o
                0x080138b0                xTaskPriorityInherit
 .text.xTaskPriorityDisinherit
                0x08013948       0x90 build/debug/tasks.o
                0x08013948                xTaskPriorityDisinherit
 .text.vTaskPriorityDisinheritAfterTimeout
                0x080139d8       0xa0 build/debug/tasks.o
                0x080139d8                vTaskPriorityDisinheritAfterTimeout
 .text.pvTaskIncrementMutexHeldCount
                0x08013a78       0x1c build/debug/tasks.o
                0x08013a78                pvTaskIncrementMutexHeldCount
 .text.MX_TIM3_Init
                0x08013a94       0xa8 build/debug/tim.o
                0x08013a94                MX_TIM3_Init
 .text.MX_TIM5_Init
                0x08013b3c       0x74 build/debug/tim.o
                0x08013b3c                MX_TIM5_Init
 .text.HAL_TIM_PWM_MspInit
                0x08013bb0       0x60 build/debug/tim.o
                0x08013bb0                HAL_TIM_PWM_MspInit
 .text.HAL_TIM_Base_MspInit
                0x08013c10       0x70 build/debug/tim.o
                0x08013c10                HAL_TIM_Base_MspInit
 .text.HAL_TIM_MspPostInit
                0x08013c80      0x118 build/debug/tim.o
                0x08013c80                HAL_TIM_MspPostInit
 .text.MX_TIM1_Init
                0x08013d98      0x114 build/debug/tim.o
                0x08013d98                MX_TIM1_Init
 .text.MX_TIM8_Init
                0x08013eac      0x114 build/debug/tim.o
                0x08013eac                MX_TIM8_Init
 .text.prvGetNextExpireTime
                0x08013fc0       0x20 build/debug/timers.o
 .text.prvInsertTimerInActiveList
                0x08013fe0       0x48 build/debug/timers.o
 .text.prvCheckForValidListAndQueue
                0x08014028       0x70 build/debug/timers.o
 .text.xTimerCreateTimerTask
                0x08014098       0x64 build/debug/timers.o
                0x08014098                xTimerCreateTimerTask
 .text.xTimerGenericCommand
                0x080140fc       0x6c build/debug/timers.o
                0x080140fc                xTimerGenericCommand
 .text.prvSwitchTimerLists
                0x08014168       0x7c build/debug/timers.o
 .text.prvSampleTimeNow
                0x080141e4       0x2c build/debug/timers.o
 .text.prvProcessExpiredTimer
                0x08014210       0x6c build/debug/timers.o
 .text.prvProcessTimerOrBlockTask
                0x0801427c       0x74 build/debug/timers.o
 .text.prvProcessReceivedCommands
                0x080142f0      0x10c build/debug/timers.o
 .text.prvTimerTask
                0x080143fc       0x16 build/debug/timers.o
 .text.__uavcan_equipment_actuator_Command_encode
                0x08014412       0x4e build/debug/uavcan.equipment.actuator.ArrayCommand.o
 .text.__uavcan_equipment_actuator_ArrayCommand_encode
                0x08014460       0x4e build/debug/uavcan.equipment.actuator.ArrayCommand.o
 .text.__uavcan_equipment_actuator_Command_decode
                0x080144ae       0x58 build/debug/uavcan.equipment.actuator.ArrayCommand.o
 .text.__uavcan_equipment_actuator_ArrayCommand_decode
                0x08014506       0x98 build/debug/uavcan.equipment.actuator.ArrayCommand.o
 .text._uavcan_equipment_actuator_ArrayCommand_encode
                0x0801459e       0x2a build/debug/uavcan.equipment.actuator.ArrayCommand.o
                0x0801459e                _uavcan_equipment_actuator_ArrayCommand_encode
 .text._uavcan_equipment_actuator_ArrayCommand_decode
                0x080145c8       0x2a build/debug/uavcan.equipment.actuator.ArrayCommand.o
                0x080145c8                _uavcan_equipment_actuator_ArrayCommand_decode
 .text.__uavcan_protocol_NodeStatus_encode
                0x080145f2       0x5c build/debug/uavcan.protocol.NodeStatus.o
 .text.__uavcan_protocol_NodeStatus_decode
                0x0801464e       0x72 build/debug/uavcan.protocol.NodeStatus.o
 .text._uavcan_protocol_NodeStatus_encode
                0x080146c0       0x26 build/debug/uavcan.protocol.NodeStatus.o
                0x080146c0                _uavcan_protocol_NodeStatus_encode
 .text._uavcan_protocol_NodeStatus_decode
                0x080146e6       0x2a build/debug/uavcan.protocol.NodeStatus.o
                0x080146e6                _uavcan_protocol_NodeStatus_decode
 .text.MX_USART1_UART_Init
                0x08014710       0x68 build/debug/usart.o
                0x08014710                MX_USART1_UART_Init
 .text.MX_USART2_UART_Init
                0x08014778       0x68 build/debug/usart.o
                0x08014778                MX_USART2_UART_Init
 .text.MX_USART3_UART_Init
                0x080147e0       0x6c build/debug/usart.o
                0x080147e0                MX_USART3_UART_Init