Archive member included to satisfy reference by file (symbol)

/opt/arm-gnu-toolchain-14.2/bin/../lib/gcc/arm-none-eabi/14.2.1/../../../../arm-none-eabi/lib/thumb/v7e-m+fp/hard/libc_nano.a(libc_a-atof.o)
                              build/debug/Task_Vofa.o (atof)
/opt/arm-gnu-toolchain-14.2/bin/../lib/gcc/arm-none-eabi/14.2.1/../../../../arm-none-eabi/lib/thumb/v7e-m+fp/hard/libc_nano.a(libc_a-atoi.o)
                              build/debug/My_CLI.o (atoi)
/opt/arm-gnu-toolchain-14.2/bin/../lib/gcc/arm-none-eabi/14.2.1/../../../../arm-none-eabi/lib/thumb/v7e-m+fp/hard/libc_nano.a(libc_a-exit.o)
                              /opt/arm-gnu-toolchain-14.2/bin/../lib/gcc/arm-none-eabi/14.2.1/../../../../arm-none-eabi/lib/thumb/v7e-m+fp/hard/crt0.o (exit)
/opt/arm-gnu-toolchain-14.2/bin/../lib/gcc/arm-none-eabi/14.2.1/../../../../arm-none-eabi/lib/thumb/v7e-m+fp/hard/libc_nano.a(libc_a-strtod.o)
                              /opt/arm-gnu-toolchain-14.2/bin/../lib/gcc/arm-none-eabi/14.2.1/../../../../arm-none-eabi/lib/thumb/v7e-m+fp/hard/libc_nano.a(libc_a-atof.o) (strtod)
/opt/arm-gnu-toolchain-14.2/bin/../lib/gcc/arm-none-eabi/14.2.1/../../../../arm-none-eabi/lib/thumb/v7e-m+fp/hard/libc_nano.a(libc_a-strtol.o)
                              /opt/arm-gnu-toolchain-14.2/bin/../lib/gcc/arm-none-eabi/14.2.1/../../../../arm-none-eabi/lib/thumb/v7e-m+fp/hard/libc_nano.a(libc_a-atoi.o) (_strtol_r)
/opt/arm-gnu-toolchain-14.2/bin/../lib/gcc/arm-none-eabi/14.2.1/../../../../arm-none-eabi/lib/thumb/v7e-m+fp/hard/libc_nano.a(libc_a-ctype_.o)
                              /opt/arm-gnu-toolchain-14.2/bin/../lib/gcc/arm-none-eabi/14.2.1/../../../../arm-none-eabi/lib/thumb/v7e-m+fp/hard/libc_nano.a(libc_a-strtol.o) (_ctype_)
/opt/arm-gnu-toolchain-14.2/bin/../lib/gcc/arm-none-eabi/14.2.1/../../../../arm-none-eabi/lib/thumb/v7e-m+fp/hard/libc_nano.a(libc_a-findfp.o)
                              /opt/arm-gnu-toolchain-14.2/bin/../lib/gcc/arm-none-eabi/14.2.1/../../../../arm-none-eabi/lib/thumb/v7e-m+fp/hard/libc_nano.a(libc_a-exit.o) (__stdio_exit_handler)
/opt/arm-gnu-toolchain-14.2/bin/../lib/gcc/arm-none-eabi/14.2.1/../../../../arm-none-eabi/lib/thumb/v7e-m+fp/hard/libc_nano.a(libc_a-fwalk.o)
                              /opt/arm-gnu-toolchain-14.2/bin/../lib/gcc/arm-none-eabi/14.2.1/../../../../arm-none-eabi/lib/thumb/v7e-m+fp/hard/libc_nano.a(libc_a-findfp.o) (_fwalk_sglue)
/opt/arm-gnu-toolchain-14.2/bin/../lib/gcc/arm-none-eabi/14.2.1/../../../../arm-none-eabi/lib/thumb/v7e-m+fp/hard/libc_nano.a(libc_a-sprintf.o)
                              build/debug/embedded_cli.o (sprintf)
/opt/arm-gnu-toolchain-14.2/bin/../lib/gcc/arm-none-eabi/14.2.1/../../../../arm-none-eabi/lib/thumb/v7e-m+fp/hard/libc_nano.a(libc_a-stdio.o)
                              /opt/arm-gnu-toolchain-14.2/bin/../lib/gcc/arm-none-eabi/14.2.1/../../../../arm-none-eabi/lib/thumb/v7e-m+fp/hard/libc_nano.a(libc_a-findfp.o) (__sread)
/opt/arm-gnu-toolchain-14.2/bin/../lib/gcc/arm-none-eabi/14.2.1/../../../../arm-none-eabi/lib/thumb/v7e-m+fp/hard/libc_nano.a(libc_a-memmove.o)
                              build/debug/embedded_cli.o (memmove)
/opt/arm-gnu-toolchain-14.2/bin/../lib/gcc/arm-none-eabi/14.2.1/../../../../arm-none-eabi/lib/thumb/v7e-m+fp/hard/libc_nano.a(libc_a-memset.o)
                              /opt/arm-gnu-toolchain-14.2/bin/../lib/gcc/arm-none-eabi/14.2.1/../../../../arm-none-eabi/lib/thumb/v7e-m+fp/hard/crt0.o (memset)
/opt/arm-gnu-toolchain-14.2/bin/../lib/gcc/arm-none-eabi/14.2.1/../../../../arm-none-eabi/lib/thumb/v7e-m+fp/hard/libc_nano.a(libc_a-strchr.o)
                              build/debug/embedded_cli.o (strchr)
/opt/arm-gnu-toolchain-14.2/bin/../lib/gcc/arm-none-eabi/14.2.1/../../../../arm-none-eabi/lib/thumb/v7e-m+fp/hard/libc_nano.a(libc_a-strncmp.o)
                              build/debug/Task_Vofa.o (strncmp)
/opt/arm-gnu-toolchain-14.2/bin/../lib/gcc/arm-none-eabi/14.2.1/../../../../arm-none-eabi/lib/thumb/v7e-m+fp/hard/libc_nano.a(libc_a-strncpy.o)
                              build/debug/CLI_Module.o (strncpy)
/opt/arm-gnu-toolchain-14.2/bin/../lib/gcc/arm-none-eabi/14.2.1/../../../../arm-none-eabi/lib/thumb/v7e-m+fp/hard/libc_nano.a(libc_a-strnlen.o)
                              build/debug/CLI_Module.o (strnlen)
/opt/arm-gnu-toolchain-14.2/bin/../lib/gcc/arm-none-eabi/14.2.1/../../../../arm-none-eabi/lib/thumb/v7e-m+fp/hard/libc_nano.a(libc_a-locale.o)
                              /opt/arm-gnu-toolchain-14.2/bin/../lib/gcc/arm-none-eabi/14.2.1/../../../../arm-none-eabi/lib/thumb/v7e-m+fp/hard/libc_nano.a(libc_a-strtod.o) (__global_locale)
/opt/arm-gnu-toolchain-14.2/bin/../lib/gcc/arm-none-eabi/14.2.1/../../../../arm-none-eabi/lib/thumb/v7e-m+fp/hard/libc_nano.a(libc_a-closer.o)
                              /opt/arm-gnu-toolchain-14.2/bin/../lib/gcc/arm-none-eabi/14.2.1/../../../../arm-none-eabi/lib/thumb/v7e-m+fp/hard/libc_nano.a(libc_a-stdio.o) (_close_r)
[...]
Memory Configuration

Name             Origin             Length             Attributes
RAM              0x20000000         0x00020000         xrw
FLASH            0x08000000         0x00080000         xr
*default*        0x00000000         0xffffffff

Linker script and memory map

LOAD /opt/arm-gnu-toolchain-14.2/bin/../lib/gcc/arm-none-eabi/14.2.1/thumb/v7e-m+fp/hard/crti.o
LOAD /opt/arm-gnu-toolchain-14.2/bin/../lib/gcc/arm-none-eabi/14.2.1/thumb/v7e-m+fp/hard/crtbegin.o
LOAD /opt/arm-gnu-toolchain-14.2/bin/../lib/gcc/arm-none-eabi/14.2.1/../../../../arm-none-eabi/lib/thumb/v7e-m+fp/hard/crt0.o
LOAD build/debug/adc.o
LOAD build/debug/app_freertos.o
LOAD build/debug/canard.o
LOAD build/debug/cmsis_os2.o
LOAD build/debug/cordic.o
LOAD build/debug/croutine.o
LOAD build/debug/dma.o
LOAD build/debug/embedded_cli.o
LOAD build/debug/event_groups.o
LOAD build/debug/fdcan.o
LOAD build/debug/gpio.o
LOAD build/debug/heap_4.o
LOAD build/debug/i2c.o
LOAD build/debug/list.o
LOAD build/debug/main.o
LOAD build/debug/port.o
LOAD build/debug/printf.o
LOAD build/debug/queue.o
LOAD build/debug/spi.o
LOAD build/debug/stm32g4xx_hal.o
LOAD build/debug/stm32g4xx_hal_adc.o
LOAD build/debug/stm32g4xx_hal_adc_ex.o
LOAD build/debug/stm32g4xx_hal_cordic.o
LOAD build/debug/stm32g4xx_hal_cortex.o
LOAD build/debug/stm32g4xx_hal_dma.o
LOAD build/debug/stm32g4xx_hal_dma_ex.o
LOAD build/debug/stm32g4xx_hal_exti.o
LOAD build/debug/stm32g4xx_hal_fdcan.o
LOAD build/debug/stm32g4xx_hal_flash.o
LOAD build/debug/stm32g4xx_hal_flash_ex.o
LOAD build/debug/stm32g4xx_hal_flash_ramfunc.o
LOAD build/debug/stm32g4xx_hal_gpio.o
LOAD build/debug/stm32g4xx_hal_i2c.o
LOAD build/debug/stm32g4xx_hal_i2c_ex.o
LOAD build/debug/stm32g4xx_hal_msp.o
LOAD build/debug/stm32g4xx_hal_pcd.o
LOAD build/debug/stm32g4xx_hal_pcd_ex.o
LOAD build/debug/stm32g4xx_hal_pwr.o
LOAD build/debug/stm32g4xx_hal_pwr_ex.o
LOAD build/debug/stm32g4xx_hal_rcc.o
LOAD build/debug/stm32g4xx_hal_rcc_ex.o
LOAD build/debug/stm32g4xx_hal_spi.o
LOAD build/debug/stm32g4xx_hal_spi_ex.o
LOAD build/debug/stm32g4xx_hal_tim.o
LOAD build/debug/stm32g4xx_hal_tim_ex.o
LOAD build/debug/stm32g4xx_hal_timebase_tim.o
LOAD build/debug/stm32g4xx_hal_uart.o
LOAD build/debug/stm32g4xx_hal_uart_ex.o
LOAD build/debug/stm32g4xx_it.o
LOAD build/debug/stm32g4xx_ll_adc.o
LOAD build/debug/stm32g4xx_ll_usb.o
LOAD build/debug/stream_buffer.o
LOAD build/debug/syscalls.o
LOAD build/debug/sysmem.o
LOAD build/debug/system_stm32g4xx.o
LOAD build/debug/tasks.o
LOAD build/debug/tim.o
LOAD build/debug/timers.o
LOAD build/debug/uavcan.equipment.actuator.ArrayCommand.o
LOAD build/debug/uavcan.equipment.actuator.Command.o
LOAD build/debug/uavcan.equipment.actuator.Status.o
LOAD build/debug/uavcan.protocol.NodeStatus.o
LOAD build/debug/usart.o
LOAD build/debug/usb_device.o
LOAD build/debug/usbd_cdc.o
LOAD build/debug/usbd_cdc_if.o
LOAD build/debug/usbd_conf.o
LOAD build/debug/usbd_core.o
LOAD build/debug/usbd_ctlreq.o
LOAD build/debug/usbd_desc.o
LOAD build/debug/usbd_ioreq.o
LOAD build/debug/xlink_common.o
LOAD build/debug/CLI_Module.o
LOAD build/debug/DcMotor_ClosedLoop.o
LOAD build/debug/HAL_System.o
LOAD build/debug/LQR.o
LOAD build/debug/MC_Serial.o
LOAD build/debug/Motor_Storage.o
LOAD build/debug/My_CLI.o
LOAD build/debug/My_Vofa.o
LOAD build/debug/Task_CLI.o
LOAD build/debug/Task_DroneCAN.o
LOAD build/debug/Task_Launch.o
LOAD build/debug/Task_MotorPublish.o
LOAD build/debug/Task_SystemInit.o
LOAD build/debug/Task_Test.o
LOAD build/debug/Task_Vofa.o
LOAD build/debug/XBLW24C64.o
LOAD build/debug/avg_filter.o
LOAD build/debug/bsp.o
LOAD build/debug/dronecan_jiexi.o
LOAD build/debug/dynamic_pid.o
LOAD build/debug/ex_math.o
LOAD build/debug/kth_read.o
LOAD build/debug/lowpass_filter.o
LOAD build/debug/my_dronecan.o
LOAD build/debug/my_fdcan.o
LOAD build/debug/my_tim.o
LOAD build/debug/my_uav_can.o
LOAD build/debug/parameter.o
LOAD build/debug/pid.o
LOAD build/debug/pid_Increment.o
LOAD build/debug/pll.o
LOAD build/debug/serial.o
LOAD build/debug/uorb.o
LOAD build/debug/wave_generator.o
LOAD build/debug/win_filter.o
LOAD build/debug/startup_stm32g474xx.o
LOAD /opt/arm-gnu-toolchain-14.2/bin/../lib/gcc/arm-none-eabi/14.2.1/../../../../arm-none-eabi/lib/thumb/v7e-m+fp/hard/libc_nano.a
LOAD /opt/arm-gnu-toolchain-14.2/bin/../lib/gcc/arm-none-eabi/14.2.1/../../../../arm-none-eabi/lib/thumb/v7e-m+fp/hard/libm.a
LOAD /opt/arm-gnu-toolchain-14.2/bin/../lib/gcc/arm-none-eabi/14.2.1/../../../../arm-none-eabi/lib/thumb/v7e-m+fp/hard/libnosys.a
START GROUP
LOAD /opt/arm-gnu-toolchain-14.2/bin/../lib/gcc/arm-none-eabi/14.2.1/thumb/v7e-m+fp/hard/libgcc.a
LOAD /opt/arm-gnu-toolchain-14.2/bin/../lib/gcc/arm-none-eabi/14.2.1/../../../../arm-none-eabi/lib/thumb/v7e-m+fp/hard/libc_nano.a
END GROUP
START GROUP
LOAD /opt/arm-gnu-toolchain-14.2/bin/../lib/gcc/arm-none-eabi/14.2.1/thumb/v7e-m+fp/hard/libgcc.a
LOAD /opt/arm-gnu-toolchain-14.2/bin/../lib/gcc/arm-none-eabi/14.2.1/../../../../arm-none-eabi/lib/thumb/v7e-m+fp/hard/libc_nano.a
END GROUP
LOAD /opt/arm-gnu-toolchain-14.2/bin/../lib/gcc/arm-none-eabi/14.2.1/thumb/v7e-m+fp/hard/crtend.o
LOAD /opt/arm-gnu-toolchain-14.2/bin/../lib/gcc/arm-none-eabi/14.2.1/thumb/v7e-m+fp/hard/crtn.o
                0x20020000                        _estack = (ORIGIN (RAM) + LENGTH (RAM))
                0x00000a00                        _Min_Heap_Size = 0xa00
                0x00000800                        _Min_Stack_Size = 0x800

.isr_vector     0x08000000      0x1d8
                0x08000000                        . = ALIGN (0x4)
 *(.isr_vector)
 .isr_vector    0x08000000      0x1d8 build/debug/startup_stm32g474xx.o
                0x08000000                g_pfnVectors
                0x080001d8                        . = ALIGN (0x4)

.text           0x080001e0    0x19ae0
                0x080001e0                        . = ALIGN (0x4)
 *(.text)
 .text          0x080001e0      0x3fc build/debug/CLI_Module.o
                0x0800021a                CLI_Module::_process_task(void*)
                0x08000240                CLI_Module::init(char const*, unsigned short)
                0x0800033c                CLI_Module::start()
                0x0800034e                CLI_Module::bind_write_data(void (*)(unsigned char*, unsigned short, void*), void*)
                0x0800035c                CLI_Module::bind_write_data(Serial*)
                0x08000374                CLI_Module::_low_level_receive_char(EmbeddedCli*, char)
                0x08000380                CLI_Module::receive_data(unsigned char*, unsigned short)
                0x080003be                CLI_Module::get_cli_module(int)
                0x080003e0                CLI_Module::get_cli_module(EmbeddedCli*)
                0x0800040c                CLI_Module::_low_level_write_char(EmbeddedCli*, char)
                0x0800042a                CLI_Module::_low_level_write_string(EmbeddedCli*, char const*)
                0x0800044a                CLI_Module::get_cli_module(Serial*)
                0x08000478                CLI_Module::start_all()
                0x080004a4                CLI_Module::execute_subcmd(CLI_Module*, char const*, void*)
                0x080004a6                CLI_Module::init_arg_list(char const**, char const*)
                0x080004e0                CLI_Module::print(char const*, ...)
                0x0800052c                CLI_Module::add_command(CliCommandBinding)
                0x0800056e                CLI_Module::add_command_to_all(CliCommandBinding)
                0x080005bc                CLI_Module::add_command_to_all(char const*, char const*, bool, void*, void (*)(EmbeddedCli*, char*, void*))
 *fill*         0x080005dc        0x4 
 .text          0x080005e0      0xb68 build/debug/DcMotor_ClosedLoop.o
                0x080009fc                DC_Motor::test_laji()
                0x08000a34                DC_Motor::Motor_EN(bool)
                0x08000aac                DC_Motor::Set_Motor_Frequency()
                0x08000d10                DC_Motor::Set_Motor_Glo_Duty()
                0x08000db4                DC_Motor::My_DC_Motor_Init()
                0x08000e34                DC_Motor::Update_Speed_Angle_LPFAndPLL()
                0x08000fbc                DC_Motor::Speed_Loop()
                0x08000fe6                DC_Motor::Location_Loop()
                0x08001038                DC_Motor::Thermistor_Temp()
 .text          0x08001148       0x78 build/debug/HAL_System.o
                0x08001148                HAL_System::period_elapsed_callback(__TIM_HandleTypeDef*)
                0x08001158                HAL_System::init()
                0x08001174                HAL_System::get_tick_us()
                0x0800118c                HAL_System::get_tick_ms()
                0x080011a8                HAL_System::delay_ms(unsigned long)
 .text          0x080011c0      0x188 build/debug/MC_Serial.o
                0x08001210                MC_Serial::init()
                0x08001260                printf_
                0x080012c4                println
 .text          0x08001348      0x1ac build/debug/Motor_Storage.o
                0x08001348                Motor_Storage::motor_addr(unsigned char)
                0x08001354                Motor_Storage::get_motor_ptr(unsigned char)
                0x08001388                Motor_Storage::motor_magic(unsigned char)
                0x080013b2                Motor_Storage::motor_magic_addr(unsigned char)
                0x080013ba                Motor_Storage::save(unsigned char)
                0x0800141e                Motor_Storage::load(unsigned char)
                0x0800149c                Motor_Storage::clear(unsigned char)
 .text          0x080014f4      0x5fc build/debug/My_CLI.o
                0x080014f4                get_motor_by_arg(char const**, int, int*)
                0x0800155c                start(EmbeddedCli*, char*, void*)
                0x08001598                stop(EmbeddedCli*, char*, void*)
                0x080015d4                reset(EmbeddedCli*, char*, void*)
                0x080015fc                clear_eeprom(EmbeddedCli*, char*, void*)
                0x08001648                save(EmbeddedCli*, char*, void*)
                0x08001698                set_fre(EmbeddedCli*, char*, void*)
                0x080016fc                set_duty(EmbeddedCli*, char*, void*)
                0x08001760                set_pos(EmbeddedCli*, char*, void*)
                0x080017c4                set_speed(EmbeddedCli*, char*, void*)
                0x08001828                set_mode(EmbeddedCli*, char*, void*)
                0x0800191c                set_pid_v(EmbeddedCli*, char*, void*)
                0x080019d0                set_pid_p(EmbeddedCli*, char*, void*)
                0x08001a84                get_mode(EmbeddedCli*, char*, void*)
 .text          0x08001af0       0xe0 build/debug/My_Vofa.o
                0x08001af0                My_USB_Handler(unsigned char*, unsigned long)
                0x08001b18                Vofa_SendFireWater(float*, unsigned short, unsigned long)
                0x08001b6c                Vofa_SendFireWater_VA(unsigned short, ...)
                0x08001bc0                Vofa_Init()
 .text          0x08001bd0      0x1c8 build/debug/Task_CLI.o
                0x08001be4                Task_CLI(void*)
 .text          0x08001d98       0xa4 build/debug/Task_DroneCAN.o
                0x08001d98                Task_DroneCAN(void*)
 .text          0x08001e3c       0xe8 build/debug/Task_Launch.o
                0x08001e3c                MC_TaskStart()
                0x08001f1c                MC_ScheduleStart
 .text          0x08001f24       0x88 build/debug/Task_MotorPublish.o
                0x08001f46                Task_MotorPublish(void*)
 .text          0x08001fac       0x74 build/debug/Task_SystemInit.o
                0x08001fac                Task_SystemInit(void*)
 .text          0x08002020       0xc8 build/debug/Task_Test.o
                0x08002030                look_mem()
                0x080020c4                Task_Test(void*)
 .text          0x080020e8      0x514 build/debug/Task_Vofa.o
                0x080020e8                vofa_sync_last(Vafa_data*)
                0x08002110                vofa_data_init()
                0x080021dc                vofa_update_mode(Work_Mode*, Work_Mode, DC_Motor*)
                0x08002248                vofa_update_if_changed(Vafa_data*, unsigned char, float*, DC_Motor*)
                0x0800228e                vofa_detect_changes(Vafa_data*)
                0x080022c6                Task_VofaRx(void*)
                0x080024d8                Task_VofaTx(void*)
 .text          0x080025fc      0x174 build/debug/XBLW24C64.o
                0x080025fc                XBLW24C64::init()
                0x0800261c                XBLW24C64::read_byte(unsigned short)
                0x08002658                XBLW24C64::read(unsigned short, unsigned char*, unsigned short)
                0x080026a0                XBLW24C64::_wait_write_complete()
                0x080026c8                XBLW24C64::write_byte(unsigned short, unsigned char)
                0x08002704                XBLW24C64::write(unsigned short, unsigned char const*, unsigned short)
 .text          0x08002770      0x110 build/debug/avg_filter.o
                0x08002770                AvgFilter::init(unsigned char)
                0x080027a4                AvgFilter::filter(float)
                0x08002870                AvgFilter::clear()
 .text          0x08002880      0x280 build/debug/dronecan_jiexi.o
                0x08002ac0                DroneCan_Parse(CanardRxTransfer*)
 .text          0x08002b00      0x528 build/debug/kth_read.o
                0x08002b00                KTH7111::KTH_CS_Enble(bool)
                0x08002b18                KTH7111::SPI_Set_MOSI_Output()
                0x08002b44                KTH7111::SPI_Set_MOSI_Input()
                0x08002b70                KTH7111::CRC8_ITU(unsigned char const*, unsigned char)
                0x08002bbc                KTH7111::KTH7111_Send_JIAO_CMD()
                0x08002c5c                KTH7111::Get_KTH7111_Radian()
                0x08002c62                KTH7111::Get_KTH7111_Degree()
                0x08002c68                KTH7111::KTH7111_ReadReg(unsigned char)
                0x08002d22                KTH7111::KTH7111_WriteReg(unsigned char, unsigned char)
                0x08002df0                KTH7111::KTH7111_RotationDirection(bool)
                0x08002e46                KTH7111::KTH7111_Init(bool)
                0x08002e68                KTH7111::KTH7111_BurnMTP()
                0x08002eb4                KTH7111::KTH7111_Read_MoreRegs(unsigned char*, unsigned char*, unsigned char)
                0x08002eda                KTH7111::KTH7111_Write_MoreRegs(unsigned char*, unsigned char*, unsigned char, bool)
                0x08002f14                KTH7111::SetZeroAngle_RuanJian(float)
                0x08002f16                KTH7111::KTH7111_SetNowZero()
                0x08002f4a                KTH7111::KTH7111_Get_ANLC_Status()
                0x08002f58                KTH7111::KTH7111_ANLC_Calibration(unsigned long)
 .text          0x08003028       0x68 build/debug/lowpass_filter.o
                0x08003028                LowpassFilter::init(float)
                0x08003058                LowpassFilter::filter(float)
                0x08003072                LowpassFilter::filter_with_alpha(float, float)
                0x08003088                LowpassFilter::clear()
 .text          0x08003090      0x12c build/debug/my_dronecan.o
                0x08003090                DroneCan_Send_Servo(float*, unsigned char)
                0x08003128                DroneCan_Send_Heartbeat()
 .text          0x080031bc      0x130 build/debug/my_fdcan.o
                0x080031bc                My_FilterConfig()
                0x0800321c                My_Can_Init()
                0x08003224                My_Can_Send(unsigned long, unsigned char*, unsigned char, bool)
                0x08003274                My_CAN_Poll(RxMsg*)
 .text          0x080032ec      0x1cc build/debug/my_tim.o
                0x080032ec                My_Tim_OC_Callback(__TIM_HandleTypeDef*)
                0x08003374                My_Tim_Callback(__TIM_HandleTypeDef*)
                0x08003474                My_Tim_Init(__TIM_HandleTypeDef*, __ADC_HandleTypeDef*)
 .text          0x080034b8      0x358 build/debug/my_uav_can.o
                0x08003560                dronecan_if_transmit(CanardCANFrame const*)
                0x080035c4                dronecan_if_receive(CanardCANFrame*)
                0x08003630                test_uavcan()
                0x08003690                My_Canard_Init()
                0x080036cc                My_Canard_Process_Tx()
                0x080036f0                My_Canard_Process_Rx()
                0x0800371c                My_DroneCanard_Process()
                0x08003770                My_Canard_Process()
                0x080037a8                Canard_Test_TxRx()
 .text          0x08003810      0x1b8 build/debug/pll.o
                0x08003810                foc_pll_run(float, float, float*, float*, PLL_Parameter*)
 .text          0x080039c8      0xa28 build/debug/serial.o
                0x080039c8                Serial::get_serial(__UART_HandleTypeDef*)
                0x080039f4                Serial::generate_default_config(Serial_Config*)
                0x08003a1a                Serial::_init_buf()
                0x08003a60                Serial::_init_queue()
                0x08003a92                Serial::_init_semaphore()
                0x08003ad8                Serial::_init_task()
                0x08003b50                Serial::_init_callback()
                0x08003b94                Serial::_is_tx_busy(bool)
                0x08003bf8                Serial::_update_info(short, short)
                0x08003c2a                Serial::_rx_irq_start()
                0x08003ca6                Serial::init(char const*, Serial_Config*, __UART_HandleTypeDef*)
                0x08003dbc                Serial::init_with_default(char const*, __UART_HandleTypeDef*)
                0x08003ddc                Serial::_tx_irq_start(__DataPack_t*)
                0x08003e52                Serial::register_rx_msg_handler(void (*)(__DataPack_t*, Serial*, void*), void*)
                0x08003e64                Serial::_rx_callback(unsigned short)
                0x08003f1c                Serial::_tx_callback()
                0x08003f76                Serial::_error_callback()
                0x08003fc0                Serial::send_data(__DataPack_t*, bool)
                0x08004128                Serial::send_data(unsigned char*, unsigned short, unsigned long)
                0x08004146                Serial::send_data_from_isr(unsigned char*, unsigned short, unsigned long)
                0x080042a8                Serial::send_data_fast(unsigned char*, unsigned short)
                0x080042de                Serial::print(char const*, ...)
                0x08004348                Serial::print_from_isr(char const*, ...)
                0x08004392                Serial::_rx_task()
                0x080043be                Serial::_tx_task()
                0x080043ec                Serial::_error_handler(Serial_Error)
 .text          0x080043f0      0x288 build/debug/uorb.o
                0x08004474                uorb_init
                0x08004494                uorb_advertise
                0x080044fc                uorb_publish
                0x08004548                uorb_subscribe
                0x080045c8                uorb_check
                0x0800460c                uorb_copy
 .text          0x08004678       0x14 /opt/arm-gnu-toolchain-14.2/bin/../lib/gcc/arm-none-eabi/14.2.1/../../../../arm-none-eabi/lib/thumb/v7e-m+fp/hard/libc_nano.a(libc_a-strcmp.o)
                0x08004678                strcmp
 .text          0x0800468c       0x10 /opt/arm-gnu-toolchain-14.2/bin/../lib/gcc/arm-none-eabi/14.2.1/../../../../arm-none-eabi/lib/thumb/v7e-m+fp/hard/libc_nano.a(libc_a-strlen.o)
                0x0800468c                strlen
 *fill*         0x0800469c        0x4 
 .text          0x080046a0       0xa0 /opt/arm-gnu-toolchain-14.2/bin/../lib/gcc/arm-none-eabi/14.2.1/../../../../arm-none-eabi/lib/thumb/v7e-m+fp/hard/libc_nano.a(libc_a-memchr.o)
                0x080046a0                memchr
 .text          0x08004740      0x378 /opt/arm-gnu-toolchain-14.2/bin/../lib/gcc/arm-none-eabi/14.2.1/thumb/v7e-m+fp/hard/libgcc.a(_arm_addsubdf3.o)
                0x08004740                __aeabi_drsub
                0x08004748                __aeabi_dsub
                0x08004748                __subdf3
                0x0800474c                __adddf3
                0x0800474c                __aeabi_dadd
                0x080049c4                __aeabi_ui2d
                0x080049c4                __floatunsidf
                0x080049e4                __floatsidf
                0x080049e4                __aeabi_i2d
                0x08004a08                __extendsfdf2
                0x08004a08                __aeabi_f2d
                0x08004a4c                __aeabi_ul2d
                0x08004a4c                __floatundidf
                0x08004a5c                __floatdidf
                0x08004a5c                __aeabi_l2d
 .text          0x08004ab8      0x424 /opt/arm-gnu-toolchain-14.2/bin/../lib/gcc/arm-none-eabi/14.2.1/thumb/v7e-m+fp/hard/libgcc.a(_arm_muldivdf3.o)
                0x08004ab8                __aeabi_dmul
                0x08004ab8                __muldf3
                0x08004d0c                __aeabi_ddiv
                0x08004d0c                __divdf3
 .text          0x08004edc      0x110 /opt/arm-gnu-toolchain-14.2/bin/../lib/gcc/arm-none-eabi/14.2.1/thumb/v7e-m+fp/hard/libgcc.a(_arm_cmpdf2.o)
                0x08004edc                __gtdf2
                0x08004edc                __gedf2
                0x08004ee4                __ltdf2
                0x08004ee4                __ledf2
                0x08004eec                __cmpdf2
                0x08004eec                __eqdf2
                0x08004eec                __nedf2
                0x08004f68                __aeabi_cdrcmple
                0x08004f78                __aeabi_cdcmple
                0x08004f78                __aeabi_cdcmpeq
                0x08004f88                __aeabi_dcmpeq
                0x08004f9c                __aeabi_dcmplt
                0x08004fb0                __aeabi_dcmple
                0x08004fc4                __aeabi_dcmpge
                0x08004fd8                __aeabi_dcmpgt
 .text          0x08004fec       0x2c /opt/arm-gnu-toolchain-14.2/bin/../lib/gcc/arm-none-eabi/14.2.1/thumb/v7e-m+fp/hard/libgcc.a(_arm_unorddf2.o)
                0x08004fec                __aeabi_dcmpun
                0x08004fec                __unorddf2
 .text          0x08005018       0x50 /opt/arm-gnu-toolchain-14.2/bin/../lib/gcc/arm-none-eabi/14.2.1/thumb/v7e-m+fp/hard/libgcc.a(_arm_fixdfsi.o)
                0x08005018                __fixdfsi
                0x08005018                __aeabi_d2iz
 .text          0x08005068       0x40 /opt/arm-gnu-toolchain-14.2/bin/../lib/gcc/arm-none-eabi/14.2.1/thumb/v7e-m+fp/hard/libgcc.a(_arm_fixunsdfsi.o)
                0x08005068                __fixunsdfsi
                0x08005068                __aeabi_d2uiz
 .text          0x080050a8       0xa0 /opt/arm-gnu-toolchain-14.2/bin/../lib/gcc/arm-none-eabi/14.2.1/thumb/v7e-m+fp/hard/libgcc.a(_arm_truncdfsf2.o)
                0x080050a8                __aeabi_d2f
                0x080050a8                __truncdfsf2
 .text          0x08005148       0x30 /opt/arm-gnu-toolchain-14.2/bin/../lib/gcc/arm-none-eabi/14.2.1/thumb/v7e-m+fp/hard/libgcc.a(_aeabi_uldivmod.o)
                0x08005148                __aeabi_uldivmod
 .text          0x08005178        0x4 /opt/arm-gnu-toolchain-14.2/bin/../lib/gcc/arm-none-eabi/14.2.1/thumb/v7e-m+fp/hard/libgcc.a(_dvmd_tls.o)
                0x08005178                __aeabi_ldiv0
                0x08005178                __aeabi_idiv0
 *(.text*)
 .text.deregister_tm_clones
                0x0800517c       0x1c /opt/arm-gnu-toolchain-14.2/bin/../lib/gcc/arm-none-eabi/14.2.1/thumb/v7e-m+fp/hard/crtbegin.o
 .text.register_tm_clones
                0x08005198       0x24 /opt/arm-gnu-toolchain-14.2/bin/../lib/gcc/arm-none-eabi/14.2.1/thumb/v7e-m+fp/hard/crtbegin.o
 .text.__do_global_dtors_aux
                0x080051bc       0x28 /opt/arm-gnu-toolchain-14.2/bin/../lib/gcc/arm-none-eabi/14.2.1/thumb/v7e-m+fp/hard/crtbegin.o
 .text.frame_dummy
                0x080051e4       0x24 /opt/arm-gnu-toolchain-14.2/bin/../lib/gcc/arm-none-eabi/14.2.1/thumb/v7e-m+fp/hard/crtbegin.o
 .text.MX_ADC2_Init
                0x08005208       0xe4 build/debug/adc.o
                0x08005208                MX_ADC2_Init
 .text.HAL_ADC_MspInit
                0x080052ec      0x114 build/debug/adc.o
                0x080052ec                HAL_ADC_MspInit
 .text.MX_FREERTOS_Init
                0x08005400        0x8 build/debug/app_freertos.o
                0x08005400                MX_FREERTOS_Init
 .text.canardBufferFromIdx
                0x08005408        0x4 build/debug/canard.o
 .text.canardBufferToIdx
                0x0800540c        0x4 build/debug/canard.o
 .text.canardRxFromIdx
                0x08005410        0x4 build/debug/canard.o
 .text.canardRxToIdx
                0x08005414        0x4 build/debug/canard.o
 .text.computeTransferIDForwardDistance
                0x08005418       0x10 build/debug/canard.o
 .text.incrementTransferID
                0x08005428       0x12 build/debug/canard.o
 .text.dlcToDataLength
                0x0800543a       0x34 build/debug/canard.o
 .text.dataLengthToDlc
                0x0800546e       0x38 build/debug/canard.o
 .text.isPriorityHigher
                0x080054a6       0x4e build/debug/canard.o
 .text.pushTxQueue
                0x080054f4       0x46 build/debug/canard.o
 .text.prepareForNextTransfer
                0x0800553a       0x20 build/debug/canard.o
 .text.findRxState
                0x0800555a       0x1e build/debug/canard.o
 .text.copyBitArray
                0x08005578       0x76 build/debug/canard.o
 .text.descatterTransferPayload
                0x080055ee      0x124 build/debug/canard.o
 .text.isBigEndian
                0x08005712        0x4 build/debug/canard.o
 .text.swapByteOrder
                0x08005716       0x1c build/debug/canard.o
 .text.crcAddByte
                0x08005732       0x2a build/debug/canard.o
 .text.crcAddSignature
                0x0800575c       0x34 build/debug/canard.o
 .text.crcAdd   0x08005790       0x18 build/debug/canard.o
 .text.calculateCRC
                0x080057a8       0x26 build/debug/canard.o
 .text.initPoolAllocator
                0x080057ce       0x30 build/debug/canard.o
 .text.allocateBlock
                0x080057fe       0x1c build/debug/canard.o
 .text.createBufferBlock
                0x0800581a        0xe build/debug/canard.o
 .text.bufferBlockPushBytes
                0x08005828      0x140 build/debug/canard.o
 .text.freeBlock
                0x08005968        0xe build/debug/canard.o
 .text.releaseStatePayload
                0x08005976       0x3a build/debug/canard.o
 .text.createTxItem
                0x080059b0       0x1a build/debug/canard.o
 *fill*         0x080059ca        0x2 
 .text.enqueueTxFrames
                0x080059cc      0x168 build/debug/canard.o
 .text.createRxState
                0x08005b34       0x4e build/debug/canard.o
 .text.prependRxState
                0x08005b82       0x22 build/debug/canard.o
 .text.traverseRxStates
                0x08005ba4       0x2a build/debug/canard.o
 .text.canardInit
                0x08005bce       0x36 build/debug/canard.o
                0x08005bce                canardInit
 .text.canardSetLocalNodeID
                0x08005c04       0x10 build/debug/canard.o
                0x08005c04                canardSetLocalNodeID
 .text.canardGetLocalNodeID
                0x08005c14        0x4 build/debug/canard.o
                0x08005c14                canardGetLocalNodeID
 .text.canardBroadcastObj
                0x08005c18       0xa4 build/debug/canard.o
                0x08005c18                canardBroadcastObj
 .text.canardPeekTxQueue
                0x08005cbc        0x8 build/debug/canard.o
                0x08005cbc                canardPeekTxQueue
 .text.canardPopTxQueue
                0x08005cc4       0x10 build/debug/canard.o
                0x08005cc4                canardPopTxQueue
 .text.canardCleanupStaleTransfers
                0x08005cd4       0x90 build/debug/canard.o
                0x08005cd4                canardCleanupStaleTransfers
 .text.canardDecodeScalar
                0x08005d64      0x1fc build/debug/canard.o
                0x08005d64                canardDecodeScalar
 .text.canardEncodeScalar
                0x08005f60       0xa2 build/debug/canard.o
                0x08005f60                canardEncodeScalar
 .text.canardReleaseRxTransferPayload
                0x08006002       0x26 build/debug/canard.o
                0x08006002                canardReleaseRxTransferPayload
 .text.canardConvertNativeFloatToFloat16
                0x08006028       0x5c build/debug/canard.o
                0x08006028                canardConvertNativeFloatToFloat16
 .text.canardConvertFloat16ToNativeFloat
                0x08006084       0x44 build/debug/canard.o
                0x08006084                canardConvertFloat16ToNativeFloat
 .text.extractTransferType
                0x080060c8       0x18 build/debug/canard.o
                0x080060c8                extractTransferType
 .text.extractDataType
                0x080060e0       0x22 build/debug/canard.o
                0x080060e0                extractDataType
 *fill*         0x08006102        0x2 
 .text.canardHandleRxFrame
                0x08006104      0x460 build/debug/canard.o
                0x08006104                canardHandleRxFrame
 .text.SysTick_Handler
                0x08006564       0x18 build/debug/cmsis_os2.o
                0x08006564                SysTick_Handler
 .text.osKernelInitialize
                0x0800657c       0x24 build/debug/cmsis_os2.o
                0x0800657c                osKernelInitialize
 .text.osKernelStart
                0x080065a0       0x38 build/debug/cmsis_os2.o
                0x080065a0                osKernelStart
 .text.vApplicationGetIdleTaskMemory
                0x080065d8       0x18 build/debug/cmsis_os2.o
                0x080065d8                vApplicationGetIdleTaskMemory
 .text.vApplicationGetTimerTaskMemory
                0x080065f0       0x18 build/debug/cmsis_os2.o
                0x080065f0                vApplicationGetTimerTaskMemory
 .text.MX_CORDIC_Init
                0x08006608       0x20 build/debug/cordic.o
                0x08006608                MX_CORDIC_Init
 .text.HAL_CORDIC_MspInit
                0x08006628       0x40 build/debug/cordic.o
                0x08006628                HAL_CORDIC_MspInit
 .text.MX_DMA_Init
                0x08006668       0xa4 build/debug/dma.o
                0x08006668                MX_DMA_Init
 .text.writeToOutput
                0x0800670c        0x8 build/debug/embedded_cli.o
 .text.printBindingHelp
                0x08006714       0x28 build/debug/embedded_cli.o
 .text.onUnknownCommand
                0x0800673c       0x34 build/debug/embedded_cli.o
 .text.isControlChar
                0x08006770       0x30 build/debug/embedded_cli.o
 .text.isDisplayableChar
                0x080067a0        0xe build/debug/embedded_cli.o
 .text.fifoBufAvailable
                0x080067ae       0x1a build/debug/embedded_cli.o
 .text.fifoBufPop
                0x080067c8       0x24 build/debug/embedded_cli.o
 .text.fifoBufPush
                0x080067ec       0x30 build/debug/embedded_cli.o
 .text.getTokenPosition
                0x0800681c       0x44 build/debug/embedded_cli.o
 .text.clearCurrentLine
                0x08006860       0x3a build/debug/embedded_cli.o
 .text.getAutocompletedCommand
                0x0800689a       0xc2 build/debug/embedded_cli.o
 .text.onAutocompleteRequest
                0x0800695c       0xbc build/debug/embedded_cli.o
 .text.onCharInput
                0x08006a18       0x60 build/debug/embedded_cli.o
 .text.moveCursor
                0x08006a78       0x3c build/debug/embedded_cli.o
 .text.printLiveAutocompletion
                0x08006ab4       0x90 build/debug/embedded_cli.o
 .text.embeddedCliRequiredSize
                0x08006b44       0x30 build/debug/embedded_cli.o
                0x08006b44                embeddedCliRequiredSize
 .text.embeddedCliReceiveChar
                0x08006b74       0x1c build/debug/embedded_cli.o
                0x08006b74                embeddedCliReceiveChar
 .text.embeddedCliAddBinding
                0x08006b90       0x46 build/debug/embedded_cli.o
                0x08006b90                embeddedCliAddBinding
 *fill*         0x08006bd6        0x2 
 .text.initInternalBindings
                0x08006bd8       0x34 build/debug/embedded_cli.o
 .text.embeddedCliNew
                0x08006c0c       0xc6 build/debug/embedded_cli.o
                0x08006c0c                embeddedCliNew
 *fill*         0x08006cd2        0x2 
 .text.embeddedCliTokenizeArgs
                0x08006cd4       0x70 build/debug/embedded_cli.o
                0x08006cd4                embeddedCliTokenizeArgs
 .text.embeddedCliGetToken
                0x08006d44       0x18 build/debug/embedded_cli.o
                0x08006d44                embeddedCliGetToken
 .text.historyGet
                0x08006d5c       0x1a build/debug/embedded_cli.o
 *fill*         0x08006d76        0x2 
 .text.navigateHistory
                0x08006d78       0x80 build/debug/embedded_cli.o
 .text.onEscapedInput
                0x08006df8       0x78 build/debug/embedded_cli.o
 .text.embeddedCliGetTokenVariable
                0x08006e70       0x18 build/debug/embedded_cli.o
                0x08006e70                embeddedCliGetTokenVariable
 .text.historyRemove
                0x08006e88       0x5e build/debug/embedded_cli.o
 .text.historyPut
                0x08006ee6       0x6e build/debug/embedded_cli.o
 .text.parseCommand
                0x08006f54      0x144 build/debug/embedded_cli.o
 .text.onControlInput
                0x08007098       0xb4 build/debug/embedded_cli.o
 .text.embeddedCliProcess
                0x0800714c       0xb4 build/debug/embedded_cli.o
                0x0800714c                embeddedCliProcess
 .text.embeddedCliGetTokenCount
                0x08007200       0x2a build/debug/embedded_cli.o
                0x08007200                embeddedCliGetTokenCount
 *fill*         0x0800722a        0x2 
 .text.onHelp   0x0800722c      0x108 build/debug/embedded_cli.o
 .text.MX_FDCAN2_Init
                0x08007334       0x4c build/debug/fdcan.o
                0x08007334                MX_FDCAN2_Init
 .text.HAL_FDCAN_MspInit
                0x08007380       0xb4 build/debug/fdcan.o
                0x08007380                HAL_FDCAN_MspInit
 .text.MX_GPIO_Init
                0x08007434      0x13c build/debug/gpio.o
                0x08007434                MX_GPIO_Init
 .text.prvHeapInit
                0x08007570       0x68 build/debug/heap_4.o
 .text.prvInsertBlockIntoFreeList
                0x080075d8       0x64 build/debug/heap_4.o
 .text.pvPortMalloc
                0x0800763c      0x104 build/debug/heap_4.o
                0x0800763c                pvPortMalloc
 .text.vPortFree
                0x08007740       0x7c build/debug/heap_4.o
                0x08007740                vPortFree
 .text.xPortGetFreeHeapSize
                0x080077bc        0xc build/debug/heap_4.o
                0x080077bc                xPortGetFreeHeapSize
 .text.MX_I2C1_Init
                0x080077c8       0x60 build/debug/i2c.o
                0x080077c8                MX_I2C1_Init
 .text.HAL_I2C_MspInit
                0x08007828       0xe0 build/debug/i2c.o
                0x08007828                HAL_I2C_MspInit
 .text.vListInitialise
                0x08007908       0x16 build/debug/list.o
                0x08007908                vListInitialise
 .text.vListInitialiseItem
                0x0800791e        0x6 build/debug/list.o
                0x0800791e                vListInitialiseItem
 .text.vListInsertEnd
                0x08007924       0x16 build/debug/list.o
                0x08007924                vListInsertEnd
 .text.vListInsert
                0x0800793a       0x32 build/debug/list.o
                0x0800793a                vListInsert
 .text.uxListRemove
                0x0800796c       0x26 build/debug/list.o
                0x0800796c                uxListRemove
 *fill*         0x08007992        0x2 
 .text.HAL_TIM_PeriodElapsedCallback
                0x08007994       0x18 build/debug/main.o
                0x08007994                HAL_TIM_PeriodElapsedCallback
 .text.Error_Handler
                0x080079ac        0x4 build/debug/main.o
                0x080079ac                Error_Handler
 .text.SystemClock_Config
                0x080079b0       0x74 build/debug/main.o
                0x080079b0                SystemClock_Config
 .text.main     0x08007a24       0x50 build/debug/main.o
                0x08007a24                main
 .text.prvTaskExitError
                0x08007a74       0x40 build/debug/port.o
 .text.prvPortStartFirstTask
                0x08007ab4       0x28 build/debug/port.o
 .text.vPortEnableVFP
                0x08007adc       0x14 build/debug/port.o
 .text.pxPortInitialiseStack
                0x08007af0       0x2c build/debug/port.o
                0x08007af0                pxPortInitialiseStack
 *fill*         0x08007b1c        0x4 
 .text.SVC_Handler
                0x08007b20       0x24 build/debug/port.o
                0x08007b20                SVC_Handler
 .text.vPortEnterCritical
                0x08007b44       0x44 build/debug/port.o
                0x08007b44                vPortEnterCritical
 .text.vPortExitCritical
                0x08007b88       0x2c build/debug/port.o
                0x08007b88                vPortExitCritical
 *fill*         0x08007bb4        0xc 
 .text.PendSV_Handler
                0x08007bc0       0x64 build/debug/port.o
                0x08007bc0                PendSV_Handler
 .text.xPortSysTickHandler
                0x08007c24       0x2c build/debug/port.o
                0x08007c24                xPortSysTickHandler
 .text.vPortSetupTimerInterrupt
                0x08007c50       0x28 build/debug/port.o
                0x08007c50                vPortSetupTimerInterrupt
 .text.xPortStartScheduler
                0x08007c78      0x118 build/debug/port.o
                0x08007c78                xPortStartScheduler
 .text.vPortValidateInterruptPriority
                0x08007d90       0x5c build/debug/port.o
                0x08007d90                vPortValidateInterruptPriority
 .text._out_buffer
                0x08007dec        0x8 build/debug/printf.o
 .text._out_null
                0x08007df4        0x2 build/debug/printf.o
 .text._atoi    0x08007df6       0x26 build/debug/printf.o
 .text._out_rev
                0x08007e1c       0x7e build/debug/printf.o
 .text._ntoa_format
                0x08007e9a      0x134 build/debug/printf.o
 .text._ntoa_long
                0x08007fce       0x94 build/debug/printf.o
 .text._ntoa_long_long
                0x08008062       0xc2 build/debug/printf.o
 *fill*         0x08008124        0x4 
 .text._etoa    0x08008128      0x3f0 build/debug/printf.o
 .text._ftoa    0x08008518      0x380 build/debug/printf.o
 .text._vsnprintf
                0x08008898      0x6d0 build/debug/printf.o
 .text.snprintf_
                0x08008f68       0x28 build/debug/printf.o
                0x08008f68                snprintf_
 .text.vsnprintf_
                0x08008f90       0x1c build/debug/printf.o
                0x08008f90                vsnprintf_
 .text.prvGetDisinheritPriorityAfterTimeout
                0x08008fac       0x10 build/debug/queue.o
 .text.prvIsQueueFull
                0x08008fbc       0x1e build/debug/queue.o
 .text.prvIsQueueEmpty
                0x08008fda       0x1a build/debug/queue.o
 .text.prvCopyDataToQueue
                0x08008ff4       0x76 build/debug/queue.o
 .text.prvCopyDataFromQueue
                0x0800906a       0x24 build/debug/queue.o
 .text.prvUnlockQueue
                0x0800908e       0x6e build/debug/queue.o
 .text.xQueueGenericReset
                0x080090fc       0x84 build/debug/queue.o
                0x080090fc                xQueueGenericReset
 .text.prvInitialiseNewQueue
                0x08009180       0x22 build/debug/queue.o
 .text.xQueueGenericCreateStatic
                0x080091a2       0x94 build/debug/queue.o
                0x080091a2                xQueueGenericCreateStatic
 .text.xQueueGenericCreate
                0x08009236       0x48 build/debug/queue.o
                0x08009236                xQueueGenericCreate
 .text.xQueueGenericSend
                0x0800927e      0x188 build/debug/queue.o
                0x0800927e                xQueueGenericSend
 .text.prvInitialiseMutex
                0x08009406       0x18 build/debug/queue.o
 .text.xQueueCreateMutex
                0x0800941e       0x16 build/debug/queue.o
                0x0800941e                xQueueCreateMutex
 .text.xQueueGenericSendFromISR
                0x08009434       0xce build/debug/queue.o
                0x08009434                xQueueGenericSendFromISR
 .text.xQueueGiveFromISR
                0x08009502       0xb2 build/debug/queue.o
                0x08009502                xQueueGiveFromISR
 .text.xQueueReceive
                0x080095b4      0x15e build/debug/queue.o
                0x080095b4                xQueueReceive
 .text.xQueueSemaphoreTake
                0x08009712      0x1a6 build/debug/queue.o
                0x08009712                xQueueSemaphoreTake
 .text.xQueueReceiveFromISR
                0x080098b8       0xae build/debug/queue.o
                0x080098b8                xQueueReceiveFromISR
 .text.uxQueueMessagesWaiting
                0x08009966       0x26 build/debug/queue.o
                0x08009966                uxQueueMessagesWaiting
 .text.uxQueueMessagesWaitingFromISR
                0x0800998c       0x18 build/debug/queue.o
                0x0800998c                uxQueueMessagesWaitingFromISR
 .text.vQueueAddToRegistry
                0x080099a4       0x28 build/debug/queue.o
                0x080099a4                vQueueAddToRegistry
 .text.vQueueWaitForMessageRestricted
                0x080099cc       0x52 build/debug/queue.o
                0x080099cc                vQueueWaitForMessageRestricted
 *fill*         0x08009a1e        0x2 
 .text.MX_SPI3_Init
                0x08009a20       0x50 build/debug/spi.o
                0x08009a20                MX_SPI3_Init
 .text.HAL_SPI_MspInit
                0x08009a70       0x74 build/debug/spi.o
                0x08009a70                HAL_SPI_MspInit
 .text.HAL_Init
                0x08009ae4       0x1e build/debug/stm32g4xx_hal.o
                0x08009ae4                HAL_Init
 *fill*         0x08009b02        0x2 
 .text.HAL_IncTick
                0x08009b04       0x18 build/debug/stm32g4xx_hal.o
                0x08009b04                HAL_IncTick
 .text.HAL_GetTick
                0x08009b1c        0xc build/debug/stm32g4xx_hal.o
                0x08009b1c                HAL_GetTick
 .text.LL_ADC_REG_SetSequencerRanks
                0x08009b28       0x30 build/debug/stm32g4xx_hal_adc.o
 .text.LL_ADC_SetChannelSamplingTime
                0x08009b58       0x2c build/debug/stm32g4xx_hal_adc.o
 .text.HAL_ADC_ConvCpltCallback
                0x08009b84        0x2 build/debug/stm32g4xx_hal_adc.o
                0x08009b84                HAL_ADC_ConvCpltCallback
 .text.HAL_ADC_ConvHalfCpltCallback
                0x08009b86        0x2 build/debug/stm32g4xx_hal_adc.o
                0x08009b86                HAL_ADC_ConvHalfCpltCallback
 .text.HAL_ADC_LevelOutOfWindowCallback
                0x08009b88        0x2 build/debug/stm32g4xx_hal_adc.o
                0x08009b88                HAL_ADC_LevelOutOfWindowCallback
 .text.HAL_ADC_ErrorCallback
                0x08009b8a        0x2 build/debug/stm32g4xx_hal_adc.o
                0x08009b8a                HAL_ADC_ErrorCallback
 .text.ADC_DMAConvCplt
                0x08009b8c       0x88 build/debug/stm32g4xx_hal_adc.o
                0x08009b8c                ADC_DMAConvCplt
 .text.ADC_DMAHalfConvCplt
                0x08009c14        0xa build/debug/stm32g4xx_hal_adc.o
                0x08009c14                ADC_DMAHalfConvCplt
 .text.ADC_DMAError
                0x08009c1e       0x1a build/debug/stm32g4xx_hal_adc.o
                0x08009c1e                ADC_DMAError
 .text.HAL_ADC_Init
                0x08009c38      0x2ec build/debug/stm32g4xx_hal_adc.o
                0x08009c38                HAL_ADC_Init
 .text.HAL_ADC_ConfigChannel
                0x08009f24      0x4c0 build/debug/stm32g4xx_hal_adc.o
                0x08009f24                HAL_ADC_ConfigChannel
 .text.ADC_Enable
                0x0800a3e4       0xf8 build/debug/stm32g4xx_hal_adc.o
                0x0800a3e4                ADC_Enable
 .text.HAL_ADC_Start_DMA
                0x0800a4dc      0x140 build/debug/stm32g4xx_hal_adc.o
                0x0800a4dc                HAL_ADC_Start_DMA
 .text.HAL_ADCEx_InjectedConvCpltCallback
                0x0800a61c        0x2 build/debug/stm32g4xx_hal_adc_ex.o
                0x0800a61c                HAL_ADCEx_InjectedConvCpltCallback
 .text.HAL_ADCEx_InjectedQueueOverflowCallback
                0x0800a61e        0x2 build/debug/stm32g4xx_hal_adc_ex.o
                0x0800a61e                HAL_ADCEx_InjectedQueueOverflowCallback
 .text.HAL_ADCEx_LevelOutOfWindow2Callback
                0x0800a620        0x2 build/debug/stm32g4xx_hal_adc_ex.o
                0x0800a620                HAL_ADCEx_LevelOutOfWindow2Callback
 .text.HAL_ADCEx_LevelOutOfWindow3Callback
                0x0800a622        0x2 build/debug/stm32g4xx_hal_adc_ex.o
                0x0800a622                HAL_ADCEx_LevelOutOfWindow3Callback
 .text.HAL_ADCEx_EndOfSamplingCallback
                0x0800a624        0x2 build/debug/stm32g4xx_hal_adc_ex.o
                0x0800a624                HAL_ADCEx_EndOfSamplingCallback
 .text.CORDIC_WriteInDataIncrementPtr
                0x0800a626       0x24 build/debug/stm32g4xx_hal_cordic.o
 .text.CORDIC_ReadOutDataIncrementPtr
                0x0800a64a       0x24 build/debug/stm32g4xx_hal_cordic.o
 .text.HAL_CORDIC_Init
                0x0800a66e       0x30 build/debug/stm32g4xx_hal_cordic.o
                0x0800a66e                HAL_CORDIC_Init
 .text.HAL_CORDIC_CalculateCpltCallback
                0x0800a69e        0x2 build/debug/stm32g4xx_hal_cordic.o
                0x0800a69e                HAL_CORDIC_CalculateCpltCallback
 .text.HAL_CORDIC_IRQHandler
                0x0800a6a0       0x56 build/debug/stm32g4xx_hal_cordic.o
                0x0800a6a0                HAL_CORDIC_IRQHandler
 *fill*         0x0800a6f6        0x2 
 .text.__NVIC_EnableIRQ
                0x0800a6f8       0x1c build/debug/stm32g4xx_hal_cortex.o
 .text.__NVIC_SetPriority
                0x0800a714       0x28 build/debug/stm32g4xx_hal_cortex.o
 .text.NVIC_EncodePriority
                0x0800a73c       0x3e build/debug/stm32g4xx_hal_cortex.o
 *fill*         0x0800a77a        0x2 
 .text.__NVIC_SystemReset
                0x0800a77c       0x24 build/debug/stm32g4xx_hal_cortex.o
 .text.HAL_NVIC_SetPriorityGrouping
                0x0800a7a0       0x24 build/debug/stm32g4xx_hal_cortex.o
                0x0800a7a0                HAL_NVIC_SetPriorityGrouping
 .text.HAL_NVIC_SetPriority
                0x0800a7c4       0x20 build/debug/stm32g4xx_hal_cortex.o
                0x0800a7c4                HAL_NVIC_SetPriority
 .text.HAL_NVIC_EnableIRQ
                0x0800a7e4        0x8 build/debug/stm32g4xx_hal_cortex.o
                0x0800a7e4                HAL_NVIC_EnableIRQ
 .text.HAL_NVIC_SystemReset
                0x0800a7ec        0x6 build/debug/stm32g4xx_hal_cortex.o
                0x0800a7ec                HAL_NVIC_SystemReset
 .text.DMA_SetConfig
                0x0800a7f2       0x42 build/debug/stm32g4xx_hal_dma.o
 .text.DMA_CalcDMAMUXChannelBaseAndMask
                0x0800a834       0x58 build/debug/stm32g4xx_hal_dma.o
 .text.DMA_CalcDMAMUXRequestGenBaseAndMask
                0x0800a88c       0x2c build/debug/stm32g4xx_hal_dma.o
 .text.HAL_DMA_Init
                0x0800a8b8       0xd8 build/debug/stm32g4xx_hal_dma.o
                0x0800a8b8                HAL_DMA_Init
 .text.HAL_DMA_Start_IT
                0x0800a990       0x92 build/debug/stm32g4xx_hal_dma.o
                0x0800a990                HAL_DMA_Start_IT
 .text.HAL_DMA_Abort
                0x0800aa22       0x72 build/debug/stm32g4xx_hal_dma.o
                0x0800aa22                HAL_DMA_Abort
 .text.HAL_DMA_Abort_IT
                0x0800aa94       0x7c build/debug/stm32g4xx_hal_dma.o
                0x0800aa94                HAL_DMA_Abort_IT
 .text.HAL_DMA_IRQHandler
                0x0800ab10       0xc4 build/debug/stm32g4xx_hal_dma.o
                0x0800ab10                HAL_DMA_IRQHandler
 .text.HAL_DMA_GetState
                0x0800abd4        0x6 build/debug/stm32g4xx_hal_dma.o
                0x0800abd4                HAL_DMA_GetState
 *fill*         0x0800abda        0x2 
 .text.FDCAN_CalcultateRamBlockAddresses
                0x0800abdc       0x8c build/debug/stm32g4xx_hal_fdcan.o
 .text.FDCAN_CopyMessageToRAM
                0x0800ac68       0x88 build/debug/stm32g4xx_hal_fdcan.o
 .text.HAL_FDCAN_Init
                0x0800acf0      0x1d4 build/debug/stm32g4xx_hal_fdcan.o
                0x0800acf0                HAL_FDCAN_Init
 .text.HAL_FDCAN_ConfigFilter
                0x0800aec4       0x66 build/debug/stm32g4xx_hal_fdcan.o
                0x0800aec4                HAL_FDCAN_ConfigFilter
 .text.HAL_FDCAN_Start
                0x0800af2a       0x2c build/debug/stm32g4xx_hal_fdcan.o
                0x0800af2a                HAL_FDCAN_Start
 .text.HAL_FDCAN_AddMessageToTxFifoQ
                0x0800af56       0x50 build/debug/stm32g4xx_hal_fdcan.o
                0x0800af56                HAL_FDCAN_AddMessageToTxFifoQ
 *fill*         0x0800afa6        0x2 
 .text.HAL_FDCAN_GetRxMessage
                0x0800afa8      0x14c build/debug/stm32g4xx_hal_fdcan.o
                0x0800afa8                HAL_FDCAN_GetRxMessage
 .text.HAL_FDCAN_GetRxFifoFillLevel
                0x0800b0f4       0x1c build/debug/stm32g4xx_hal_fdcan.o
                0x0800b0f4                HAL_FDCAN_GetRxFifoFillLevel
 .text.HAL_FDCAN_TxEventFifoCallback
                0x0800b110        0x2 build/debug/stm32g4xx_hal_fdcan.o
                0x0800b110                HAL_FDCAN_TxEventFifoCallback
 .text.HAL_FDCAN_RxFifo0Callback
                0x0800b112        0x2 build/debug/stm32g4xx_hal_fdcan.o
                0x0800b112                HAL_FDCAN_RxFifo0Callback
 .text.HAL_FDCAN_RxFifo1Callback
                0x0800b114        0x2 build/debug/stm32g4xx_hal_fdcan.o
                0x0800b114                HAL_FDCAN_RxFifo1Callback
 .text.HAL_FDCAN_TxFifoEmptyCallback
                0x0800b116        0x2 build/debug/stm32g4xx_hal_fdcan.o
                0x0800b116                HAL_FDCAN_TxFifoEmptyCallback
 .text.HAL_FDCAN_TxBufferCompleteCallback
                0x0800b118        0x2 build/debug/stm32g4xx_hal_fdcan.o
                0x0800b118                HAL_FDCAN_TxBufferCompleteCallback
 .text.HAL_FDCAN_TxBufferAbortCallback
                0x0800b11a        0x2 build/debug/stm32g4xx_hal_fdcan.o
                0x0800b11a                HAL_FDCAN_TxBufferAbortCallback
 .text.HAL_FDCAN_TimestampWraparoundCallback
                0x0800b11c        0x2 build/debug/stm32g4xx_hal_fdcan.o
                0x0800b11c                HAL_FDCAN_TimestampWraparoundCallback
 .text.HAL_FDCAN_TimeoutOccurredCallback
                0x0800b11e        0x2 build/debug/stm32g4xx_hal_fdcan.o
                0x0800b11e                HAL_FDCAN_TimeoutOccurredCallback
 .text.HAL_FDCAN_HighPriorityMessageCallback
                0x0800b120        0x2 build/debug/stm32g4xx_hal_fdcan.o
                0x0800b120                HAL_FDCAN_HighPriorityMessageCallback
 .text.HAL_FDCAN_ErrorCallback
                0x0800b122        0x2 build/debug/stm32g4xx_hal_fdcan.o
                0x0800b122                HAL_FDCAN_ErrorCallback
 .text.HAL_FDCAN_ErrorStatusCallback
                0x0800b124        0x2 build/debug/stm32g4xx_hal_fdcan.o
                0x0800b124                HAL_FDCAN_ErrorStatusCallback
 .text.HAL_FDCAN_IRQHandler
                0x0800b126      0x188 build/debug/stm32g4xx_hal_fdcan.o
                0x0800b126                HAL_FDCAN_IRQHandler
 *fill*         0x0800b2ae        0x2 
 .text.HAL_GPIO_Init
                0x0800b2b0      0x1e0 build/debug/stm32g4xx_hal_gpio.o
                0x0800b2b0                HAL_GPIO_Init
 .text.HAL_GPIO_WritePin
                0x0800b490        0xa build/debug/stm32g4xx_hal_gpio.o
                0x0800b490                HAL_GPIO_WritePin
 .text.I2C_Flush_TXDR
                0x0800b49a       0x22 build/debug/stm32g4xx_hal_i2c.o
 .text.I2C_TransferConfig
                0x0800b4bc       0x3c build/debug/stm32g4xx_hal_i2c.o
 .text.I2C_Disable_IRQ
                0x0800b4f8       0x6e build/debug/stm32g4xx_hal_i2c.o
 .text.I2C_IsErrorOccurred
                0x0800b566      0x114 build/debug/stm32g4xx_hal_i2c.o
 .text.I2C_WaitOnTXISFlagUntilTimeout
                0x0800b67a       0x60 build/debug/stm32g4xx_hal_i2c.o
 .text.I2C_WaitOnFlagUntilTimeout
                0x0800b6da       0x7c build/debug/stm32g4xx_hal_i2c.o
 *fill*         0x0800b756        0x2 
 .text.I2C_RequestMemoryWrite
                0x0800b758       0x7c build/debug/stm32g4xx_hal_i2c.o
 .text.I2C_RequestMemoryRead
                0x0800b7d4       0x78 build/debug/stm32g4xx_hal_i2c.o
 .text.I2C_WaitOnSTOPFlagUntilTimeout
                0x0800b84c       0x5e build/debug/stm32g4xx_hal_i2c.o
 .text.HAL_I2C_Init
                0x0800b8aa       0xc8 build/debug/stm32g4xx_hal_i2c.o
                0x0800b8aa                HAL_I2C_Init
 .text.HAL_I2C_Mem_Write
                0x0800b972      0x1a6 build/debug/stm32g4xx_hal_i2c.o
                0x0800b972                HAL_I2C_Mem_Write
 .text.HAL_I2C_Mem_Read
                0x0800bb18      0x1ac build/debug/stm32g4xx_hal_i2c.o
                0x0800bb18                HAL_I2C_Mem_Read
 .text.HAL_I2C_IsDeviceReady
                0x0800bcc4      0x14c build/debug/stm32g4xx_hal_i2c.o
                0x0800bcc4                HAL_I2C_IsDeviceReady
 .text.HAL_I2C_EV_IRQHandler
                0x0800be10       0x10 build/debug/stm32g4xx_hal_i2c.o
                0x0800be10                HAL_I2C_EV_IRQHandler
 .text.HAL_I2C_SlaveTxCpltCallback
                0x0800be20        0x2 build/debug/stm32g4xx_hal_i2c.o
                0x0800be20                HAL_I2C_SlaveTxCpltCallback
 .text.HAL_I2C_SlaveRxCpltCallback
                0x0800be22        0x2 build/debug/stm32g4xx_hal_i2c.o
                0x0800be22                HAL_I2C_SlaveRxCpltCallback
 .text.I2C_ITSlaveSeqCplt
                0x0800be24       0x7e build/debug/stm32g4xx_hal_i2c.o
 .text.HAL_I2C_AddrCallback
                0x0800bea2        0x2 build/debug/stm32g4xx_hal_i2c.o
                0x0800bea2                HAL_I2C_AddrCallback
 .text.I2C_ITAddrCplt
                0x0800bea4       0xa0 build/debug/stm32g4xx_hal_i2c.o
 .text.HAL_I2C_ListenCpltCallback
                0x0800bf44        0x2 build/debug/stm32g4xx_hal_i2c.o
                0x0800bf44                HAL_I2C_ListenCpltCallback
 *fill*         0x0800bf46        0x2 
 .text.I2C_ITListenCplt
                0x0800bf48       0x68 build/debug/stm32g4xx_hal_i2c.o
 .text.HAL_I2C_ErrorCallback
                0x0800bfb0        0x2 build/debug/stm32g4xx_hal_i2c.o
                0x0800bfb0                HAL_I2C_ErrorCallback
 .text.HAL_I2C_AbortCpltCallback
                0x0800bfb2        0x2 build/debug/stm32g4xx_hal_i2c.o
                0x0800bfb2                HAL_I2C_AbortCpltCallback
 .text.I2C_TreatErrorCallback
                0x0800bfb4       0x2c build/debug/stm32g4xx_hal_i2c.o
 .text.I2C_ITError
                0x0800bfe0      0x130 build/debug/stm32g4xx_hal_i2c.o
 .text.I2C_ITSlaveCplt
                0x0800c110      0x1e8 build/debug/stm32g4xx_hal_i2c.o
 .text.I2C_Slave_ISR_IT
                0x0800c2f8      0x144 build/debug/stm32g4xx_hal_i2c.o
 .text.HAL_I2C_ER_IRQHandler
                0x0800c43c       0x6a build/debug/stm32g4xx_hal_i2c.o
                0x0800c43c                HAL_I2C_ER_IRQHandler
 .text.I2C_DMAAbort
                0x0800c4a6       0x1a build/debug/stm32g4xx_hal_i2c.o
 .text.HAL_I2CEx_ConfigAnalogFilter
                0x0800c4c0       0x5a build/debug/stm32g4xx_hal_i2c_ex.o
                0x0800c4c0                HAL_I2CEx_ConfigAnalogFilter
 .text.HAL_I2CEx_ConfigDigitalFilter
                0x0800c51a       0x56 build/debug/stm32g4xx_hal_i2c_ex.o
                0x0800c51a                HAL_I2CEx_ConfigDigitalFilter
 .text.HAL_I2CEx_EnableFastModePlus
                0x0800c570       0x2c build/debug/stm32g4xx_hal_i2c_ex.o
                0x0800c570                HAL_I2CEx_EnableFastModePlus
 .text.HAL_MspInit
                0x0800c59c       0x44 build/debug/stm32g4xx_hal_msp.o
                0x0800c59c                HAL_MspInit
 .text.HAL_PCD_EP_DB_Receive
                0x0800c5e0      0x118 build/debug/stm32g4xx_hal_pcd.o
 .text.HAL_PCD_Init
                0x0800c6f8       0xb6 build/debug/stm32g4xx_hal_pcd.o
                0x0800c6f8                HAL_PCD_Init
 .text.HAL_PCD_Start
                0x0800c7ae       0x2a build/debug/stm32g4xx_hal_pcd.o
                0x0800c7ae                HAL_PCD_Start
 .text.HAL_PCD_EP_DB_Transmit
                0x0800c7d8      0x472 build/debug/stm32g4xx_hal_pcd.o
 .text.PCD_EP_ISR_Handler
                0x0800cc4a      0x508 build/debug/stm32g4xx_hal_pcd.o
 .text.HAL_PCD_SetAddress
                0x0800d152       0x26 build/debug/stm32g4xx_hal_pcd.o
                0x0800d152                HAL_PCD_SetAddress
 .text.HAL_PCD_IRQHandler
                0x0800d178      0x1b2 build/debug/stm32g4xx_hal_pcd.o
                0x0800d178                HAL_PCD_IRQHandler
 .text.HAL_PCD_EP_Open
                0x0800d32a       0x86 build/debug/stm32g4xx_hal_pcd.o
                0x0800d32a                HAL_PCD_EP_Open
 .text.HAL_PCD_EP_Close
                0x0800d3b0       0x6c build/debug/stm32g4xx_hal_pcd.o
                0x0800d3b0                HAL_PCD_EP_Close
 .text.HAL_PCD_EP_Receive
                0x0800d41c       0x3a build/debug/stm32g4xx_hal_pcd.o
                0x0800d41c                HAL_PCD_EP_Receive
 .text.HAL_PCD_EP_GetRxCount
                0x0800d456       0x12 build/debug/stm32g4xx_hal_pcd.o
                0x0800d456                HAL_PCD_EP_GetRxCount
 .text.HAL_PCD_EP_Transmit
                0x0800d468       0x4c build/debug/stm32g4xx_hal_pcd.o
                0x0800d468                HAL_PCD_EP_Transmit
 .text.HAL_PCD_EP_SetStall
                0x0800d4b4       0x72 build/debug/stm32g4xx_hal_pcd.o
                0x0800d4b4                HAL_PCD_EP_SetStall
 .text.HAL_PCD_EP_ClrStall
                0x0800d526       0x7e build/debug/stm32g4xx_hal_pcd.o
                0x0800d526                HAL_PCD_EP_ClrStall
 .text.HAL_PCDEx_PMAConfig
                0x0800d5a4       0x38 build/debug/stm32g4xx_hal_pcd_ex.o
                0x0800d5a4                HAL_PCDEx_PMAConfig
 .text.HAL_PCDEx_ActivateLPM
                0x0800d5dc       0x2c build/debug/stm32g4xx_hal_pcd_ex.o
                0x0800d5dc                HAL_PCDEx_ActivateLPM
 .text.HAL_PWREx_ControlVoltageScaling
                0x0800d608      0x10c build/debug/stm32g4xx_hal_pwr_ex.o
                0x0800d608                HAL_PWREx_ControlVoltageScaling
 .text.HAL_PWREx_DisableUCPDDeadBattery
                0x0800d714       0x10 build/debug/stm32g4xx_hal_pwr_ex.o
                0x0800d714                HAL_PWREx_DisableUCPDDeadBattery
 .text.RCC_GetSysClockFreqFromPLLSource
                0x0800d724       0x54 build/debug/stm32g4xx_hal_rcc.o
 .text.HAL_RCC_OscConfig
                0x0800d778      0x4e4 build/debug/stm32g4xx_hal_rcc.o
                0x0800d778                HAL_RCC_OscConfig
 .text.HAL_RCC_GetSysClockFreq
                0x0800dc5c       0x84 build/debug/stm32g4xx_hal_rcc.o
                0x0800dc5c                HAL_RCC_GetSysClockFreq
 .text.HAL_RCC_ClockConfig
                0x0800dce0      0x1f8 build/debug/stm32g4xx_hal_rcc.o
                0x0800dce0                HAL_RCC_ClockConfig
 .text.HAL_RCC_GetHCLKFreq
                0x0800ded8        0xc build/debug/stm32g4xx_hal_rcc.o
                0x0800ded8                HAL_RCC_GetHCLKFreq
 .text.HAL_RCC_GetPCLK1Freq
                0x0800dee4       0x24 build/debug/stm32g4xx_hal_rcc.o
                0x0800dee4                HAL_RCC_GetPCLK1Freq
 .text.HAL_RCC_GetPCLK2Freq
                0x0800df08       0x24 build/debug/stm32g4xx_hal_rcc.o
                0x0800df08                HAL_RCC_GetPCLK2Freq
 .text.HAL_RCC_GetClockConfig
                0x0800df2c       0x3c build/debug/stm32g4xx_hal_rcc.o
                0x0800df2c                HAL_RCC_GetClockConfig
 .text.HAL_RCCEx_PeriphCLKConfig
                0x0800df68      0x378 build/debug/stm32g4xx_hal_rcc_ex.o
                0x0800df68                HAL_RCCEx_PeriphCLKConfig
 .text.SPI_WaitFlagStateUntilTimeout
                0x0800e2e0       0xc8 build/debug/stm32g4xx_hal_spi.o
 .text.SPI_WaitFifoStateUntilTimeout
                0x0800e3a8       0xf0 build/debug/stm32g4xx_hal_spi.o
 .text.SPI_EndRxTxTransaction
                0x0800e498       0x62 build/debug/stm32g4xx_hal_spi.o
 .text.SPI_EndRxTransaction
                0x0800e4fa       0x82 build/debug/stm32g4xx_hal_spi.o
 .text.HAL_SPI_Init
                0x0800e57c       0xe8 build/debug/stm32g4xx_hal_spi.o
                0x0800e57c                HAL_SPI_Init
 .text.HAL_SPI_Transmit
                0x0800e664      0x20a build/debug/stm32g4xx_hal_spi.o
                0x0800e664                HAL_SPI_Transmit
 .text.HAL_SPI_TransmitReceive
                0x0800e86e      0x2fc build/debug/stm32g4xx_hal_spi.o
                0x0800e86e                HAL_SPI_TransmitReceive
 .text.HAL_SPI_Receive
                0x0800eb6a      0x1b0 build/debug/stm32g4xx_hal_spi.o
                0x0800eb6a                HAL_SPI_Receive
 .text.HAL_SPI_ErrorCallback
                0x0800ed1a        0x2 build/debug/stm32g4xx_hal_spi.o
                0x0800ed1a                HAL_SPI_ErrorCallback
 .text.HAL_SPI_IRQHandler
                0x0800ed1c      0x124 build/debug/stm32g4xx_hal_spi.o
                0x0800ed1c                HAL_SPI_IRQHandler
 .text.SPI_DMAAbortOnError
                0x0800ee40       0x12 build/debug/stm32g4xx_hal_spi.o
 .text.HAL_TIM_PeriodElapsedHalfCpltCallback
                0x0800ee52        0x2 build/debug/stm32g4xx_hal_tim.o
                0x0800ee52                HAL_TIM_PeriodElapsedHalfCpltCallback
 .text.HAL_TIM_OC_DelayElapsedCallback
                0x0800ee54        0x2 build/debug/stm32g4xx_hal_tim.o
                0x0800ee54                HAL_TIM_OC_DelayElapsedCallback
 .text.HAL_TIM_IC_CaptureCallback
                0x0800ee56        0x2 build/debug/stm32g4xx_hal_tim.o
                0x0800ee56                HAL_TIM_IC_CaptureCallback
 .text.HAL_TIM_IC_CaptureHalfCpltCallback
                0x0800ee58        0x2 build/debug/stm32g4xx_hal_tim.o
                0x0800ee58                HAL_TIM_IC_CaptureHalfCpltCallback
 .text.HAL_TIM_PWM_PulseFinishedCallback
                0x0800ee5a        0x2 build/debug/stm32g4xx_hal_tim.o
                0x0800ee5a                HAL_TIM_PWM_PulseFinishedCallback
 .text.HAL_TIM_PWM_PulseFinishedHalfCpltCallback
                0x0800ee5c        0x2 build/debug/stm32g4xx_hal_tim.o
                0x0800ee5c                HAL_TIM_PWM_PulseFinishedHalfCpltCallback
 .text.HAL_TIM_TriggerCallback
                0x0800ee5e        0x2 build/debug/stm32g4xx_hal_tim.o
                0x0800ee5e                HAL_TIM_TriggerCallback
 .text.HAL_TIM_TriggerHalfCpltCallback
                0x0800ee60        0x2 build/debug/stm32g4xx_hal_tim.o
                0x0800ee60                HAL_TIM_TriggerHalfCpltCallback
 .text.HAL_TIM_ErrorCallback
                0x0800ee62        0x2 build/debug/stm32g4xx_hal_tim.o
                0x0800ee62                HAL_TIM_ErrorCallback
 .text.TIM_OC1_SetConfig
                0x0800ee64       0xb0 build/debug/stm32g4xx_hal_tim.o
 .text.TIM_OC3_SetConfig
                0x0800ef14       0xa0 build/debug/stm32g4xx_hal_tim.o
 .text.TIM_OC4_SetConfig
                0x0800efb4       0xa0 build/debug/stm32g4xx_hal_tim.o
 .text.TIM_OC5_SetConfig
                0x0800f054       0x70 build/debug/stm32g4xx_hal_tim.o
 .text.TIM_OC6_SetConfig
                0x0800f0c4       0x74 build/debug/stm32g4xx_hal_tim.o
 .text.TIM_TI1_ConfigInputStage
                0x0800f138       0x60 build/debug/stm32g4xx_hal_tim.o
 .text.TIM_TI2_ConfigInputStage
                0x0800f198       0x4c build/debug/stm32g4xx_hal_tim.o
 .text.TIM_ITRx_SetConfig
                0x0800f1e4       0x14 build/debug/stm32g4xx_hal_tim.o
 .text.HAL_TIM_Base_Start_IT
                0x0800f1f8       0x94 build/debug/stm32g4xx_hal_tim.o
                0x0800f1f8                HAL_TIM_Base_Start_IT
 .text.HAL_TIM_IRQHandler
                0x0800f28c      0x20a build/debug/stm32g4xx_hal_tim.o
                0x0800f28c                HAL_TIM_IRQHandler
 *fill*         0x0800f496        0x2 
 .text.TIM_Base_SetConfig
                0x0800f498       0xe8 build/debug/stm32g4xx_hal_tim.o
                0x0800f498                TIM_Base_SetConfig
 .text.TIM_OC2_SetConfig
                0x0800f580       0xa0 build/debug/stm32g4xx_hal_tim.o
                0x0800f580                TIM_OC2_SetConfig
 .text.HAL_TIM_PWM_ConfigChannel
                0x0800f620      0x13a build/debug/stm32g4xx_hal_tim.o
                0x0800f620                HAL_TIM_PWM_ConfigChannel
 .text.TIM_ETR_SetConfig
                0x0800f75a       0x1a build/debug/stm32g4xx_hal_tim.o
                0x0800f75a                TIM_ETR_SetConfig
 .text.HAL_TIM_ConfigClockSource
                0x0800f774      0x154 build/debug/stm32g4xx_hal_tim.o
                0x0800f774                HAL_TIM_ConfigClockSource
 .text.TIM_CCxChannelCmd
                0x0800f8c8       0x1e build/debug/stm32g4xx_hal_tim.o
                0x0800f8c8                TIM_CCxChannelCmd
 *fill*         0x0800f8e6        0x2 
 .text.HAL_TIM_OC_Start_IT
                0x0800f8e8      0x1d8 build/debug/stm32g4xx_hal_tim.o
                0x0800f8e8                HAL_TIM_OC_Start_IT
 .text.HAL_TIM_PWM_Start
                0x0800fac0      0x16c build/debug/stm32g4xx_hal_tim.o
                0x0800fac0                HAL_TIM_PWM_Start
 .text.HAL_TIM_PWM_Stop
                0x0800fc2c       0xcc build/debug/stm32g4xx_hal_tim.o
                0x0800fc2c                HAL_TIM_PWM_Stop
 .text.TIM_ResetCallback
                0x0800fcf8       0xb8 build/debug/stm32g4xx_hal_tim.o
                0x0800fcf8                TIM_ResetCallback
 .text.HAL_TIM_Base_Init
                0x0800fdb0       0x74 build/debug/stm32g4xx_hal_tim.o
                0x0800fdb0                HAL_TIM_Base_Init
 .text.HAL_TIM_PWM_Init
                0x0800fe24       0x74 build/debug/stm32g4xx_hal_tim.o
                0x0800fe24                HAL_TIM_PWM_Init
 .text.TIM_CCxNChannelCmd
                0x0800fe98       0x1e build/debug/stm32g4xx_hal_tim_ex.o
 *fill*         0x0800feb6        0x2 
 .text.HAL_TIMEx_PWMN_Start
                0x0800feb8       0xfc build/debug/stm32g4xx_hal_tim_ex.o
                0x0800feb8                HAL_TIMEx_PWMN_Start
 .text.HAL_TIMEx_PWMN_Stop
                0x0800ffb4       0x7a build/debug/stm32g4xx_hal_tim_ex.o
                0x0800ffb4                HAL_TIMEx_PWMN_Stop
 *fill*         0x0801002e        0x2 
 .text.HAL_TIMEx_MasterConfigSynchronization
                0x08010030       0xac build/debug/stm32g4xx_hal_tim_ex.o
                0x08010030                HAL_TIMEx_MasterConfigSynchronization
 .text.HAL_TIMEx_ConfigBreakDeadTime
                0x080100dc       0xa8 build/debug/stm32g4xx_hal_tim_ex.o
                0x080100dc                HAL_TIMEx_ConfigBreakDeadTime
 .text.HAL_TIMEx_EnableDeadTimePreload
                0x08010184        0xe build/debug/stm32g4xx_hal_tim_ex.o
                0x08010184                HAL_TIMEx_EnableDeadTimePreload
 .text.HAL_TIMEx_CommutCallback
                0x08010192        0x2 build/debug/stm32g4xx_hal_tim_ex.o
                0x08010192                HAL_TIMEx_CommutCallback
 .text.HAL_TIMEx_CommutHalfCpltCallback
                0x08010194        0x2 build/debug/stm32g4xx_hal_tim_ex.o
                0x08010194                HAL_TIMEx_CommutHalfCpltCallback
 .text.HAL_TIMEx_BreakCallback
                0x08010196        0x2 build/debug/stm32g4xx_hal_tim_ex.o
                0x08010196                HAL_TIMEx_BreakCallback
 .text.HAL_TIMEx_Break2Callback
                0x08010198        0x2 build/debug/stm32g4xx_hal_tim_ex.o
                0x08010198                HAL_TIMEx_Break2Callback
 .text.HAL_TIMEx_EncoderIndexCallback
                0x0801019a        0x2 build/debug/stm32g4xx_hal_tim_ex.o
                0x0801019a                HAL_TIMEx_EncoderIndexCallback
 .text.HAL_TIMEx_DirectionChangeCallback
                0x0801019c        0x2 build/debug/stm32g4xx_hal_tim_ex.o
                0x0801019c                HAL_TIMEx_DirectionChangeCallback
 .text.HAL_TIMEx_IndexErrorCallback
                0x0801019e        0x2 build/debug/stm32g4xx_hal_tim_ex.o
                0x0801019e                HAL_TIMEx_IndexErrorCallback
 .text.HAL_TIMEx_TransitionErrorCallback
                0x080101a0        0x2 build/debug/stm32g4xx_hal_tim_ex.o
                0x080101a0                HAL_TIMEx_TransitionErrorCallback
 *fill*         0x080101a2        0x2 
 .text.HAL_InitTick
                0x080101a4       0x90 build/debug/stm32g4xx_hal_timebase_tim.o
                0x080101a4                HAL_InitTick
 .text.HAL_UART_TxCpltCallback
                0x08010234        0x2 build/debug/stm32g4xx_hal_uart.o
                0x08010234                HAL_UART_TxCpltCallback
 .text.HAL_UART_TxHalfCpltCallback
                0x08010236        0x2 build/debug/stm32g4xx_hal_uart.o
                0x08010236                HAL_UART_TxHalfCpltCallback
 .text.HAL_UART_RxCpltCallback
                0x08010238        0x2 build/debug/stm32g4xx_hal_uart.o
                0x08010238                HAL_UART_RxCpltCallback
 .text.HAL_UART_RxHalfCpltCallback
                0x0801023a        0x2 build/debug/stm32g4xx_hal_uart.o
                0x0801023a                HAL_UART_RxHalfCpltCallback
 .text.HAL_UART_ErrorCallback
                0x0801023c        0x2 build/debug/stm32g4xx_hal_uart.o
                0x0801023c                HAL_UART_ErrorCallback
 .text.HAL_UART_AbortCpltCallback
                0x0801023e        0x2 build/debug/stm32g4xx_hal_uart.o
                0x0801023e                HAL_UART_AbortCpltCallback
 .text.HAL_UART_AbortTransmitCpltCallback
                0x08010240        0x2 build/debug/stm32g4xx_hal_uart.o
                0x08010240                HAL_UART_AbortTransmitCpltCallback
 .text.HAL_UART_AbortReceiveCpltCallback
                0x08010242        0x2 build/debug/stm32g4xx_hal_uart.o
                0x08010242                HAL_UART_AbortReceiveCpltCallback
 .text.HAL_UARTEx_RxEventCallback
                0x08010244        0x2 build/debug/stm32g4xx_hal_uart.o
                0x08010244                HAL_UARTEx_RxEventCallback
 .text.UART_EndTxTransfer
                0x08010246       0x32 build/debug/stm32g4xx_hal_uart.o
 .text.UART_EndRxTransfer
                0x08010278       0x56 build/debug/stm32g4xx_hal_uart.o
 .text.UART_DMATransmitCplt
                0x080102ce       0x4a build/debug/stm32g4xx_hal_uart.o
 .text.UART_DMATxHalfCplt
                0x08010318        0xc build/debug/stm32g4xx_hal_uart.o
 .text.UART_DMAReceiveCplt
                0x08010324       0xb8 build/debug/stm32g4xx_hal_uart.o
 .text.UART_DMARxHalfCplt
                0x080103dc       0x42 build/debug/stm32g4xx_hal_uart.o
 .text.UART_DMAError
                0x0801041e       0x4e build/debug/stm32g4xx_hal_uart.o
 .text.UART_DMAAbortOnError
                0x0801046c        0xc build/debug/stm32g4xx_hal_uart.o
 .text.UART_TxISR_8BIT
                0x08010478       0x56 build/debug/stm32g4xx_hal_uart.o
 .text.UART_TxISR_16BIT
                0x080104ce       0x5a build/debug/stm32g4xx_hal_uart.o
 .text.UART_TxISR_8BIT_FIFOEN
                0x08010528       0x74 build/debug/stm32g4xx_hal_uart.o
 .text.UART_TxISR_16BIT_FIFOEN
                0x0801059c       0x78 build/debug/stm32g4xx_hal_uart.o
 .text.UART_EndTransmit_IT
                0x08010614       0x26 build/debug/stm32g4xx_hal_uart.o
 *fill*         0x0801063a        0x2 
 .text.UART_RxISR_8BIT
                0x0801063c       0xe0 build/debug/stm32g4xx_hal_uart.o
 .text.UART_RxISR_16BIT
                0x0801071c       0xdc build/debug/stm32g4xx_hal_uart.o
 .text.UART_RxISR_8BIT_FIFOEN
                0x080107f8      0x1c8 build/debug/stm32g4xx_hal_uart.o
 .text.UART_RxISR_16BIT_FIFOEN
                0x080109c0      0x1c4 build/debug/stm32g4xx_hal_uart.o
 .text.HAL_UART_RegisterCallback
                0x08010b84       0xee build/debug/stm32g4xx_hal_uart.o
                0x08010b84                HAL_UART_RegisterCallback
 .text.HAL_UART_RegisterRxEventCallback
                0x08010c72       0x32 build/debug/stm32g4xx_hal_uart.o
                0x08010c72                HAL_UART_RegisterRxEventCallback
 .text.HAL_UART_Transmit_IT
                0x08010ca4       0xac build/debug/stm32g4xx_hal_uart.o
                0x08010ca4                HAL_UART_Transmit_IT
 .text.HAL_UART_Transmit_DMA
                0x08010d50       0xa0 build/debug/stm32g4xx_hal_uart.o
                0x08010d50                HAL_UART_Transmit_DMA
 .text.HAL_UART_IRQHandler
                0x08010df0      0x374 build/debug/stm32g4xx_hal_uart.o
                0x08010df0                HAL_UART_IRQHandler
 .text.UART_InitCallbacksToDefault
                0x08011164       0x7c build/debug/stm32g4xx_hal_uart.o
                0x08011164                UART_InitCallbacksToDefault
 .text.UART_SetConfig
                0x080111e0      0x380 build/debug/stm32g4xx_hal_uart.o
                0x080111e0                UART_SetConfig
 .text.UART_AdvFeatureConfig
                0x08011560       0xca build/debug/stm32g4xx_hal_uart.o
                0x08011560                UART_AdvFeatureConfig
 .text.UART_WaitOnFlagUntilTimeout
                0x0801162a       0x9e build/debug/stm32g4xx_hal_uart.o
                0x0801162a                UART_WaitOnFlagUntilTimeout
 .text.UART_CheckIdleState
                0x080116c8       0xca build/debug/stm32g4xx_hal_uart.o
                0x080116c8                UART_CheckIdleState
 *fill*         0x08011792        0x2 
 .text.HAL_UART_Init
                0x08011794       0x84 build/debug/stm32g4xx_hal_uart.o
                0x08011794                HAL_UART_Init
 .text.UART_Start_Receive_IT
                0x08011818      0x13c build/debug/stm32g4xx_hal_uart.o
                0x08011818                UART_Start_Receive_IT
 .text.UART_Start_Receive_DMA
                0x08011954       0xb0 build/debug/stm32g4xx_hal_uart.o
                0x08011954                UART_Start_Receive_DMA
 .text.UARTEx_SetNbDataToProcess
                0x08011a04       0x4c build/debug/stm32g4xx_hal_uart_ex.o
 .text.HAL_RS485Ex_Init
                0x08011a50       0x9c build/debug/stm32g4xx_hal_uart_ex.o
                0x08011a50                HAL_RS485Ex_Init
 .text.HAL_UARTEx_WakeupCallback
                0x08011aec        0x2 build/debug/stm32g4xx_hal_uart_ex.o
                0x08011aec                HAL_UARTEx_WakeupCallback
 .text.HAL_UARTEx_RxFifoFullCallback
                0x08011aee        0x2 build/debug/stm32g4xx_hal_uart_ex.o
                0x08011aee                HAL_UARTEx_RxFifoFullCallback
 .text.HAL_UARTEx_TxFifoEmptyCallback
                0x08011af0        0x2 build/debug/stm32g4xx_hal_uart_ex.o
                0x08011af0                HAL_UARTEx_TxFifoEmptyCallback
 .text.HAL_UARTEx_DisableFifoMode
                0x08011af2       0x3e build/debug/stm32g4xx_hal_uart_ex.o
                0x08011af2                HAL_UARTEx_DisableFifoMode
 .text.HAL_UARTEx_SetTxFifoThreshold
                0x08011b30       0x4a build/debug/stm32g4xx_hal_uart_ex.o
                0x08011b30                HAL_UARTEx_SetTxFifoThreshold
 .text.HAL_UARTEx_SetRxFifoThreshold
                0x08011b7a       0x4a build/debug/stm32g4xx_hal_uart_ex.o
                0x08011b7a                HAL_UARTEx_SetRxFifoThreshold
 .text.HAL_UARTEx_ReceiveToIdle_IT
                0x08011bc4       0x4e build/debug/stm32g4xx_hal_uart_ex.o
                0x08011bc4                HAL_UARTEx_ReceiveToIdle_IT
 .text.HAL_UARTEx_ReceiveToIdle_DMA
                0x08011c12       0x50 build/debug/stm32g4xx_hal_uart_ex.o
                0x08011c12                HAL_UARTEx_ReceiveToIdle_DMA
 .text.NMI_Handler
                0x08011c62        0x2 build/debug/stm32g4xx_it.o
                0x08011c62                NMI_Handler
 .text.HardFault_Handler
                0x08011c64        0x2 build/debug/stm32g4xx_it.o
                0x08011c64                HardFault_Handler
 .text.MemManage_Handler
                0x08011c66        0x2 build/debug/stm32g4xx_it.o
                0x08011c66                MemManage_Handler
 .text.BusFault_Handler
                0x08011c68        0x2 build/debug/stm32g4xx_it.o
                0x08011c68                BusFault_Handler
 .text.UsageFault_Handler
                0x08011c6a        0x2 build/debug/stm32g4xx_it.o
                0x08011c6a                UsageFault_Handler
 .text.DebugMon_Handler
                0x08011c6c        0x2 build/debug/stm32g4xx_it.o
                0x08011c6c                DebugMon_Handler
 *fill*         0x08011c6e        0x2 
 .text.DMA1_Channel1_IRQHandler
                0x08011c70       0x10 build/debug/stm32g4xx_it.o
                0x08011c70                DMA1_Channel1_IRQHandler
 .text.DMA1_Channel2_IRQHandler
                0x08011c80       0x10 build/debug/stm32g4xx_it.o
                0x08011c80                DMA1_Channel2_IRQHandler
 .text.DMA1_Channel3_IRQHandler
                0x08011c90       0x10 build/debug/stm32g4xx_it.o
                0x08011c90                DMA1_Channel3_IRQHandler
 .text.DMA1_Channel4_IRQHandler
                0x08011ca0       0x10 build/debug/stm32g4xx_it.o
                0x08011ca0                DMA1_Channel4_IRQHandler
 .text.DMA1_Channel5_IRQHandler
                0x08011cb0       0x10 build/debug/stm32g4xx_it.o
                0x08011cb0                DMA1_Channel5_IRQHandler
 .text.DMA1_Channel6_IRQHandler
                0x08011cc0       0x10 build/debug/stm32g4xx_it.o
                0x08011cc0                DMA1_Channel6_IRQHandler
 .text.DMA1_Channel7_IRQHandler
                0x08011cd0       0x10 build/debug/stm32g4xx_it.o
                0x08011cd0                DMA1_Channel7_IRQHandler
 .text.USB_HP_IRQHandler
                0x08011ce0       0x10 build/debug/stm32g4xx_it.o
                0x08011ce0                USB_HP_IRQHandler
 .text.USB_LP_IRQHandler
                0x08011cf0       0x10 build/debug/stm32g4xx_it.o
                0x08011cf0                USB_LP_IRQHandler
 .text.TIM1_BRK_TIM15_IRQHandler
                0x08011d00       0x10 build/debug/stm32g4xx_it.o
                0x08011d00                TIM1_BRK_TIM15_IRQHandler
 .text.TIM3_IRQHandler
                0x08011d10       0x10 build/debug/stm32g4xx_it.o
                0x08011d10                TIM3_IRQHandler
 .text.I2C1_EV_IRQHandler
                0x08011d20       0x10 build/debug/stm32g4xx_it.o
                0x08011d20                I2C1_EV_IRQHandler
 .text.I2C1_ER_IRQHandler
                0x08011d30       0x10 build/debug/stm32g4xx_it.o
                0x08011d30                I2C1_ER_IRQHandler
 .text.USART1_IRQHandler
                0x08011d40       0x10 build/debug/stm32g4xx_it.o
                0x08011d40                USART1_IRQHandler
 .text.USART2_IRQHandler
                0x08011d50       0x10 build/debug/stm32g4xx_it.o
                0x08011d50                USART2_IRQHandler
 .text.USART3_IRQHandler
                0x08011d60       0x10 build/debug/stm32g4xx_it.o
                0x08011d60                USART3_IRQHandler
 .text.TIM5_IRQHandler
                0x08011d70       0x10 build/debug/stm32g4xx_it.o
                0x08011d70                TIM5_IRQHandler
 .text.SPI3_IRQHandler
                0x08011d80       0x10 build/debug/stm32g4xx_it.o
                0x08011d80                SPI3_IRQHandler
 .text.TIM20_UP_IRQHandler
                0x08011d90       0x10 build/debug/stm32g4xx_it.o
                0x08011d90                TIM20_UP_IRQHandler
 .text.FDCAN2_IT0_IRQHandler
                0x08011da0       0x10 build/debug/stm32g4xx_it.o
                0x08011da0                FDCAN2_IT0_IRQHandler
 .text.FDCAN2_IT1_IRQHandler
                0x08011db0       0x10 build/debug/stm32g4xx_it.o
                0x08011db0                FDCAN2_IT1_IRQHandler
 .text.CORDIC_IRQHandler
                0x08011dc0       0x10 build/debug/stm32g4xx_it.o
                0x08011dc0                CORDIC_IRQHandler
 .text.USB_EnableGlobalInt
                0x08011dd0       0x12 build/debug/stm32g4xx_ll_usb.o
                0x08011dd0                USB_EnableGlobalInt
 .text.USB_DisableGlobalInt
                0x08011de2       0x14 build/debug/stm32g4xx_ll_usb.o
                0x08011de2                USB_DisableGlobalInt
 .text.USB_DevInit
                0x08011df6       0x22 build/debug/stm32g4xx_ll_usb.o
                0x08011df6                USB_DevInit
 .text.USB_ActivateEndpoint
                0x08011e18      0x51a build/debug/stm32g4xx_ll_usb.o
                0x08011e18                USB_ActivateEndpoint
 .text.USB_DeactivateEndpoint
                0x08012332      0x1d6 build/debug/stm32g4xx_ll_usb.o
                0x08012332                USB_DeactivateEndpoint
 .text.USB_EPSetStall
                0x08012508       0x4a build/debug/stm32g4xx_ll_usb.o
                0x08012508                USB_EPSetStall
 .text.USB_EPClearStall
                0x08012552       0x9c build/debug/stm32g4xx_ll_usb.o
                0x08012552                USB_EPClearStall
 .text.USB_SetDevAddress
                0x080125ee        0xc build/debug/stm32g4xx_ll_usb.o
                0x080125ee                USB_SetDevAddress
 .text.USB_DevConnect
                0x080125fa       0x16 build/debug/stm32g4xx_ll_usb.o
                0x080125fa                USB_DevConnect
 .text.USB_ReadInterrupts
                0x08012610        0x8 build/debug/stm32g4xx_ll_usb.o
                0x08012610                USB_ReadInterrupts
 .text.USB_WritePMA
                0x08012618       0x24 build/debug/stm32g4xx_ll_usb.o
                0x08012618                USB_WritePMA
 .text.USB_EPStartXfer
                0x0801263c      0x58a build/debug/stm32g4xx_ll_usb.o
                0x0801263c                USB_EPStartXfer
 .text.USB_ReadPMA
                0x08012bc6       0x30 build/debug/stm32g4xx_ll_usb.o
                0x08012bc6                USB_ReadPMA
 .text._getpid  0x08012bf6        0x4 build/debug/syscalls.o
                0x08012bf6                _getpid
 .text._kill    0x08012bfa       0x10 build/debug/syscalls.o
                0x08012bfa                _kill
 .text._exit    0x08012c0a        0xc build/debug/syscalls.o
                0x08012c0a                _exit
 .text._read    0x08012c16       0x20 build/debug/syscalls.o
                0x08012c16                _read
 .text._write   0x08012c36       0x1c build/debug/syscalls.o
                0x08012c36                _write
 .text._close   0x08012c52        0x6 build/debug/syscalls.o
                0x08012c52                _close
 .text._fstat   0x08012c58        0xa build/debug/syscalls.o
                0x08012c58                _fstat
 .text._isatty  0x08012c62        0x4 build/debug/syscalls.o
                0x08012c62                _isatty
 .text._lseek   0x08012c66        0x4 build/debug/syscalls.o
                0x08012c66                _lseek
 *fill*         0x08012c6a        0x2 
 .text._sbrk    0x08012c6c       0x48 build/debug/sysmem.o
                0x08012c6c                _sbrk
 .text.SystemInit
                0x08012cb4       0x14 build/debug/system_stm32g4xx.o
                0x08012cb4                SystemInit
 .text.prvTaskIsTaskSuspended
                0x08012cc8       0x40 build/debug/tasks.o
 .text.prvTaskCheckFreeStackSpace
                0x08012d08       0x14 build/debug/tasks.o
 .text.prvResetNextTaskUnblockTime
                0x08012d1c       0x2c build/debug/tasks.o
 .text.prvInitialiseNewTask
                0x08012d48       0xa2 build/debug/tasks.o
 *fill*         0x08012dea        0x2 
 .text.prvInitialiseTaskLists
                0x08012dec       0x68 build/debug/tasks.o
 .text.prvAddNewTaskToReadyList
                0x08012e54       0xac build/debug/tasks.o
 .text.prvDeleteTCB
                0x08012f00       0x38 build/debug/tasks.o
 .text.prvCheckTasksWaitingTermination
                0x08012f38       0x4c build/debug/tasks.o
 .text.prvIdleTask
                0x08012f84       0x28 build/debug/tasks.o
 .text.prvAddCurrentTaskToDelayedList
                0x08012fac       0x7c build/debug/tasks.o
 .text.xTaskCreateStatic
                0x08013028       0x76 build/debug/tasks.o
                0x08013028                xTaskCreateStatic
 .text.xTaskCreate
                0x0801309e       0x64 build/debug/tasks.o
                0x0801309e                xTaskCreate
 *fill*         0x08013102        0x2 
 .text.vTaskDelete
                0x08013104       0xb8 build/debug/tasks.o
                0x08013104                vTaskDelete
 .text.vTaskResume
                0x080131bc       0x88 build/debug/tasks.o
                0x080131bc                vTaskResume
 .text.vTaskStartScheduler
                0x08013244       0x98 build/debug/tasks.o
                0x08013244                vTaskStartScheduler
 .text.vTaskSuspendAll
                0x080132dc       0x10 build/debug/tasks.o
                0x080132dc                vTaskSuspendAll
 .text.xTaskGetTickCount
                0x080132ec        0xc build/debug/tasks.o
                0x080132ec                xTaskGetTickCount
 .text.xTaskIncrementTick
                0x080132f8      0x118 build/debug/tasks.o
                0x080132f8                xTaskIncrementTick
 .text.xTaskResumeAll
                0x08013410       0xf8 build/debug/tasks.o
                0x08013410                xTaskResumeAll
 .text.vTaskDelay
                0x08013508       0x4c build/debug/tasks.o
                0x08013508                vTaskDelay
 .text.vTaskSwitchContext
                0x08013554       0x98 build/debug/tasks.o
                0x08013554                vTaskSwitchContext
 .text.vTaskSuspend
                0x080135ec       0xc0 build/debug/tasks.o
                0x080135ec                vTaskSuspend
 .text.vTaskPlaceOnEventList
                0x080136ac       0x30 build/debug/tasks.o
                0x080136ac                vTaskPlaceOnEventList
 .text.vTaskPlaceOnEventListRestricted
                0x080136dc       0x38 build/debug/tasks.o
                0x080136dc                vTaskPlaceOnEventListRestricted
 .text.xTaskRemoveFromEventList
                0x08013714       0x8c build/debug/tasks.o
                0x08013714                xTaskRemoveFromEventList
 .text.vTaskInternalSetTimeOutState
                0x080137a0       0x18 build/debug/tasks.o
                0x080137a0                vTaskInternalSetTimeOutState
 .text.xTaskCheckForTimeOut
                0x080137b8       0x88 build/debug/tasks.o
                0x080137b8                xTaskCheckForTimeOut
 .text.vTaskMissedYield
                0x08013840        0xc build/debug/tasks.o
                0x08013840                vTaskMissedYield
 .text.uxTaskGetStackHighWaterMark
                0x0801384c       0x18 build/debug/tasks.o
                0x0801384c                uxTaskGetStackHighWaterMark
 .text.xTaskGetCurrentTaskHandle
                0x08013864        0xc build/debug/tasks.o
                0x08013864                xTaskGetCurrentTaskHandle
 .text.xTaskGetSchedulerState
                0x08013870       0x20 build/debug/tasks.o
                0x08013870                xTaskGetSchedulerState
 .text.xTaskPriorityInherit
                0x08013890       0x98 build/debug/tasks.o
                0x08013890                xTaskPriorityInherit
 .text.xTaskPriorityDisinherit
                0x08013928       0x90 build/debug/tasks.o
                0x08013928                xTaskPriorityDisinherit
 .text.vTaskPriorityDisinheritAfterTimeout
                0x080139b8       0xa0 build/debug/tasks.o
                0x080139b8                vTaskPriorityDisinheritAfterTimeout
 .text.pvTaskIncrementMutexHeldCount
                0x08013a58       0x1c build/debug/tasks.o
                0x08013a58                pvTaskIncrementMutexHeldCount
 .text.MX_TIM3_Init
                0x08013a74       0xa8 build/debug/tim.o
                0x08013a74                MX_TIM3_Init
 .text.MX_TIM5_Init
                0x08013b1c       0x74 build/debug/tim.o
                0x08013b1c                MX_TIM5_Init
 .text.HAL_TIM_PWM_MspInit
                0x08013b90       0x60 build/debug/tim.o
                0x08013b90                HAL_TIM_PWM_MspInit
 .text.HAL_TIM_Base_MspInit
                0x08013bf0       0x70 build/debug/tim.o
                0x08013bf0                HAL_TIM_Base_MspInit
 .text.HAL_TIM_MspPostInit
                0x08013c60      0x118 build/debug/tim.o
                0x08013c60                HAL_TIM_MspPostInit
 .text.MX_TIM1_Init
                0x08013d78      0x114 build/debug/tim.o
                0x08013d78                MX_TIM1_Init
 .text.MX_TIM8_Init
                0x08013e8c      0x114 build/debug/tim.o
                0x08013e8c                MX_TIM8_Init
 .text.prvGetNextExpireTime
                0x08013fa0       0x20 build/debug/timers.o
 .text.prvInsertTimerInActiveList
                0x08013fc0       0x48 build/debug/timers.o
 .text.prvCheckForValidListAndQueue
                0x08014008       0x70 build/debug/timers.o
 .text.xTimerCreateTimerTask
                0x08014078       0x64 build/debug/timers.o
                0x08014078                xTimerCreateTimerTask
 .text.xTimerGenericCommand
                0x080140dc       0x6c build/debug/timers.o
                0x080140dc                xTimerGenericCommand
 .text.prvSwitchTimerLists
                0x08014148       0x7c build/debug/timers.o
 .text.prvSampleTimeNow
                0x080141c4       0x2c build/debug/timers.o
 .text.prvProcessExpiredTimer
                0x080141f0       0x6c build/debug/timers.o
 .text.prvProcessTimerOrBlockTask
                0x0801425c       0x74 build/debug/timers.o
 .text.prvProcessReceivedCommands
                0x080142d0      0x10c build/debug/timers.o
 .text.prvTimerTask
                0x080143dc       0x16 build/debug/timers.o
 .text.__uavcan_equipment_actuator_Command_encode
                0x080143f2       0x4e build/debug/uavcan.equipment.actuator.ArrayCommand.o
 .text.__uavcan_equipment_actuator_ArrayCommand_encode
                0x08014440       0x4e build/debug/uavcan.equipment.actuator.ArrayCommand.o
 .text.__uavcan_equipment_actuator_Command_decode
                0x0801448e       0x58 build/debug/uavcan.equipment.actuator.ArrayCommand.o
 .text.__uavcan_equipment_actuator_ArrayCommand_decode
                0x080144e6       0x98 build/debug/uavcan.equipment.actuator.ArrayCommand.o
 .text._uavcan_equipment_actuator_ArrayCommand_encode
                0x0801457e       0x2a build/debug/uavcan.equipment.actuator.ArrayCommand.o
                0x0801457e                _uavcan_equipment_actuator_ArrayCommand_encode
 .text._uavcan_equipment_actuator_ArrayCommand_decode
                0x080145a8       0x2a build/debug/uavcan.equipment.actuator.ArrayCommand.o
                0x080145a8                _uavcan_equipment_actuator_ArrayCommand_decode
 .text.__uavcan_protocol_NodeStatus_encode
                0x080145d2       0x5c build/debug/uavcan.protocol.NodeStatus.o
 .text.__uavcan_protocol_NodeStatus_decode
                0x0801462e       0x72 build/debug/uavcan.protocol.NodeStatus.o
 .text._uavcan_protocol_NodeStatus_encode
                0x080146a0       0x26 build/debug/uavcan.protocol.NodeStatus.o
                0x080146a0                _uavcan_protocol_NodeStatus_encode
 .text._uavcan_protocol_NodeStatus_decode
                0x080146c6       0x2a build/debug/uavcan.protocol.NodeStatus.o
                0x080146c6                _uavcan_protocol_NodeStatus_decode
 .text.MX_USART1_UART_Init
                0x080146f0       0x68 build/debug/usart.o
                0x080146f0                MX_USART1_UART_Init
 .text.MX_USART2_UART_Init
                0x08014758       0x68 build/debug/usart.o
                0x08014758                MX_USART2_UART_Init
 .text.MX_USART3_UART_Init
                0x080147c0       0x6c build/debug/usart.o
                0x080147c0                MX_USART3_UART_Init
 .text.HAL_UART_MspInit
                0x0801482c      0x2cc build/debug/usart.o
                0x0801482c                HAL_UART_MspInit
 .text.MX_USB_Device_Init
                0x08014af8       0x54 build/debug/usb_device.o